Archive member included to satisfy reference by file (symbol)

/usr/lib/gcc/arm-none-eabi/10.3.1/thumb/v6-m/nofp/libgcc.a(_dvmd_tls.o)
                              CMakeFiles/station.dir/home/vishwas/pico/pico-sdk/src/rp2_common/pico_divider/divider_hardware.S.o (__aeabi_idiv0)
/usr/lib/gcc/arm-none-eabi/10.3.1/../../../arm-none-eabi/lib/thumb/v6-m/nofp/libg.a(lib_a-atexit.o)
                              /usr/lib/gcc/arm-none-eabi/10.3.1/../../../arm-none-eabi/lib/thumb/v6-m/nofp/crt0.o (atexit)
/usr/lib/gcc/arm-none-eabi/10.3.1/../../../arm-none-eabi/lib/thumb/v6-m/nofp/libg.a(lib_a-atoi.o)
                              CMakeFiles/station.dir/home/vishwas/pico/pico-sdk/lib/lwip/src/core/netif.c.o (atoi)
/usr/lib/gcc/arm-none-eabi/10.3.1/../../../arm-none-eabi/lib/thumb/v6-m/nofp/libg.a(lib_a-calloc.o)
                              CMakeFiles/station.dir/home/vishwas/pico/pico-sdk/src/rp2_common/pico_malloc/malloc.c.o (calloc)
/usr/lib/gcc/arm-none-eabi/10.3.1/../../../arm-none-eabi/lib/thumb/v6-m/nofp/libg.a(lib_a-callocr.o)
                              /usr/lib/gcc/arm-none-eabi/10.3.1/../../../arm-none-eabi/lib/thumb/v6-m/nofp/libg.a(lib_a-calloc.o) (_calloc_r)
/usr/lib/gcc/arm-none-eabi/10.3.1/../../../arm-none-eabi/lib/thumb/v6-m/nofp/libg.a(lib_a-ctype_.o)
                              CMakeFiles/station.dir/home/vishwas/pico/pico-sdk/lib/lwip/src/core/dns.c.o (_ctype_)
/usr/lib/gcc/arm-none-eabi/10.3.1/../../../arm-none-eabi/lib/thumb/v6-m/nofp/libg.a(lib_a-fini.o)
                              /usr/lib/gcc/arm-none-eabi/10.3.1/../../../arm-none-eabi/lib/thumb/v6-m/nofp/crt0.o (__libc_fini_array)
/usr/lib/gcc/arm-none-eabi/10.3.1/../../../arm-none-eabi/lib/thumb/v6-m/nofp/libg.a(lib_a-impure.o)
                              /usr/lib/gcc/arm-none-eabi/10.3.1/../../../arm-none-eabi/lib/thumb/v6-m/nofp/libg.a(lib_a-calloc.o) (_impure_ptr)
/usr/lib/gcc/arm-none-eabi/10.3.1/../../../arm-none-eabi/lib/thumb/v6-m/nofp/libg.a(lib_a-init.o)
                              /usr/lib/gcc/arm-none-eabi/10.3.1/../../../arm-none-eabi/lib/thumb/v6-m/nofp/crt0.o (__libc_init_array)
/usr/lib/gcc/arm-none-eabi/10.3.1/../../../arm-none-eabi/lib/thumb/v6-m/nofp/libg.a(lib_a-lcltime_r.o)
                              CMakeFiles/station.dir/home/vishwas/pico/pico-sdk/src/common/pico_util/datetime.c.o (localtime_r)
/usr/lib/gcc/arm-none-eabi/10.3.1/../../../arm-none-eabi/lib/thumb/v6-m/nofp/libg.a(lib_a-malloc.o)
                              CMakeFiles/station.dir/home/vishwas/pico/pico-sdk/src/rp2_common/pico_malloc/malloc.c.o (malloc)
/usr/lib/gcc/arm-none-eabi/10.3.1/../../../arm-none-eabi/lib/thumb/v6-m/nofp/libg.a(lib_a-mallocr.o)
                              /usr/lib/gcc/arm-none-eabi/10.3.1/../../../arm-none-eabi/lib/thumb/v6-m/nofp/libg.a(lib_a-callocr.o) (_malloc_r)
/usr/lib/gcc/arm-none-eabi/10.3.1/../../../arm-none-eabi/lib/thumb/v6-m/nofp/libg.a(lib_a-memcmp.o)
                              CMakeFiles/station.dir/home/vishwas/pico/pico-sdk/lib/lwip/src/netif/ethernet.c.o (memcmp)
/usr/lib/gcc/arm-none-eabi/10.3.1/../../../arm-none-eabi/lib/thumb/v6-m/nofp/libg.a(lib_a-memmove.o)
                              CMakeFiles/station.dir/home/vishwas/pico/pico-sdk/lib/lwip/src/core/def.c.o (memmove)
/usr/lib/gcc/arm-none-eabi/10.3.1/../../../arm-none-eabi/lib/thumb/v6-m/nofp/libg.a(lib_a-mktime.o)
                              CMakeFiles/station.dir/home/vishwas/pico/pico-sdk/src/common/pico_util/datetime.c.o (mktime)
/usr/lib/gcc/arm-none-eabi/10.3.1/../../../arm-none-eabi/lib/thumb/v6-m/nofp/libg.a(lib_a-mlock.o)
                              /usr/lib/gcc/arm-none-eabi/10.3.1/../../../arm-none-eabi/lib/thumb/v6-m/nofp/libg.a(lib_a-mallocr.o) (__malloc_lock)
/usr/lib/gcc/arm-none-eabi/10.3.1/../../../arm-none-eabi/lib/thumb/v6-m/nofp/libg.a(lib_a-month_lengths.o)
                              /usr/lib/gcc/arm-none-eabi/10.3.1/../../../arm-none-eabi/lib/thumb/v6-m/nofp/libg.a(lib_a-lcltime_r.o) (__month_lengths)
/usr/lib/gcc/arm-none-eabi/10.3.1/../../../arm-none-eabi/lib/thumb/v6-m/nofp/libg.a(lib_a-realloc.o)
                              CMakeFiles/station.dir/home/vishwas/pico/pico-sdk/src/rp2_common/pico_malloc/malloc.c.o (realloc)
/usr/lib/gcc/arm-none-eabi/10.3.1/../../../arm-none-eabi/lib/thumb/v6-m/nofp/libg.a(lib_a-reallocr.o)
                              /usr/lib/gcc/arm-none-eabi/10.3.1/../../../arm-none-eabi/lib/thumb/v6-m/nofp/libg.a(lib_a-realloc.o) (_realloc_r)
/usr/lib/gcc/arm-none-eabi/10.3.1/../../../arm-none-eabi/lib/thumb/v6-m/nofp/libg.a(lib_a-sbrkr.o)
                              /usr/lib/gcc/arm-none-eabi/10.3.1/../../../arm-none-eabi/lib/thumb/v6-m/nofp/libg.a(lib_a-mallocr.o) (_sbrk_r)
/usr/lib/gcc/arm-none-eabi/10.3.1/../../../arm-none-eabi/lib/thumb/v6-m/nofp/libg.a(lib_a-strlen-stub.o)
                              CMakeFiles/station.dir/home/vishwas/pico/pico-sdk/lib/lwip/src/core/def.c.o (strlen)
[...]
Memory Configuration

Name             Origin             Length             Attributes
FLASH            0x0000000010000000 0x0000000000200000 xr
RAM              0x0000000020000000 0x0000000000040000 xrw
SCRATCH_X        0x0000000020040000 0x0000000000001000 xrw
SCRATCH_Y        0x0000000020041000 0x0000000000001000 xrw
*default*        0x0000000000000000 0xffffffffffffffff

Linker script and memory map

LOAD /usr/lib/gcc/arm-none-eabi/10.3.1/thumb/v6-m/nofp/crti.o
LOAD /usr/lib/gcc/arm-none-eabi/10.3.1/thumb/v6-m/nofp/crtbegin.o
LOAD /usr/lib/gcc/arm-none-eabi/10.3.1/../../../arm-none-eabi/lib/thumb/v6-m/nofp/crt0.o

.flash_begin    0x0000000010000000        0x0
                0x0000000010000000                __flash_binary_start = .

.boot2          0x0000000010000000      0x100
                0x0000000010000000                __boot2_start__ = .
 *(.boot2)
 .boot2         0x0000000010000000      0x100 pico-sdk/src/rp2040/boot_stage2/CMakeFiles/bs2_default_library.dir/bs2_default_padded_checksummed.S.o
                0x0000000010000100                __boot2_end__ = .
                0x0000000000000001                ASSERT (((__boot2_end__ - __boot2_start__) == 0x100), ERROR: Pico second stage bootloader must be 256 bytes in size)

.text           0x0000000010000100    0x173ac
                0x0000000010000100                __logical_binary_start = .
 *(.vectors)
 .vectors       0x0000000010000100       0xd4 CMakeFiles/station.dir/home/vishwas/pico/pico-sdk/src/rp2_common/pico_crt0/crt0.S.o
                0x0000000010000100                __vectors
                0x0000000010000100                __VECTOR_TABLE
                0x00000000100001c0                isr_invalid
                0x00000000100001c0                __default_isrs_start
                0x00000000100001c2                isr_nmi
                0x00000000100001c4                isr_hardfault
                0x00000000100001c6                isr_svcall
                0x00000000100001c8                isr_pendsv
                0x00000000100001ca                isr_systick
                0x00000000100001cc                isr_irq30
                0x00000000100001cc                __unhandled_user_irq
                0x00000000100001cc                isr_irq13
                0x00000000100001cc                isr_irq27
                0x00000000100001cc                isr_irq31
                0x00000000100001cc                isr_irq5
                0x00000000100001cc                isr_irq11
                0x00000000100001cc                isr_irq23
                0x00000000100001cc                isr_irq18
                0x00000000100001cc                isr_irq28
                0x00000000100001cc                isr_irq19
                0x00000000100001cc                isr_irq0
                0x00000000100001cc                isr_irq6
                0x00000000100001cc                isr_irq22
                0x00000000100001cc                isr_irq17
                0x00000000100001cc                isr_irq14
                0x00000000100001cc                isr_irq2
                0x00000000100001cc                isr_irq10
                0x00000000100001cc                isr_irq8
                0x00000000100001cc                isr_irq24
                0x00000000100001cc                isr_irq1
                0x00000000100001cc                isr_irq7
                0x00000000100001cc                isr_irq21
                0x00000000100001cc                isr_irq20
                0x00000000100001cc                isr_irq15
                0x00000000100001cc                isr_irq25
                0x00000000100001cc                isr_irq4
                0x00000000100001cc                isr_irq16
                0x00000000100001cc                isr_irq29
                0x00000000100001cc                isr_irq26
                0x00000000100001cc                __default_isrs_end
                0x00000000100001cc                isr_irq3
                0x00000000100001cc                isr_irq12
                0x00000000100001cc                isr_irq9
                0x00000000100001d2                unhandled_user_irq_num_in_r0
 *(.binary_info_header)
 .binary_info_header
                0x00000000100001d4       0x14 CMakeFiles/station.dir/home/vishwas/pico/pico-sdk/src/rp2_common/pico_crt0/crt0.S.o
                0x00000000100001e8                __binary_info_header_end = .
 *(.embedded_block)
                0x00000000100001e8                __embedded_block_end = .
 *(.reset)
 .reset         0x00000000100001e8       0x9c CMakeFiles/station.dir/home/vishwas/pico/pico-sdk/src/rp2_common/pico_crt0/crt0.S.o
                0x00000000100001e8                _entry_point
 *(.init)
 .init          0x0000000010000284        0x4 /usr/lib/gcc/arm-none-eabi/10.3.1/thumb/v6-m/nofp/crti.o
                0x0000000010000284                _init
 *(EXCLUDE_FILE(*libm.a: *libc.a:*lib_a-mem*.o *libgcc.a:) .text*)
 .text          0x0000000010000288       0x98 /usr/lib/gcc/arm-none-eabi/10.3.1/thumb/v6-m/nofp/crtbegin.o
 .text.startup.main
                0x0000000010000320       0x38 CMakeFiles/station.dir/station.c.o
                0x0000000010000320                main
 .text.lwip_timeout_reached
                0x0000000010000358        0x8 CMakeFiles/station.dir/home/vishwas/pico/pico-sdk/src/rp2_common/pico_lwip/lwip_nosys.c.o
 .text.update_next_timeout
                0x0000000010000360       0x6c CMakeFiles/station.dir/home/vishwas/pico/pico-sdk/src/rp2_common/pico_lwip/lwip_nosys.c.o
 .text.lwip_nosys_init
                0x00000000100003cc       0x30 CMakeFiles/station.dir/home/vishwas/pico/pico-sdk/src/rp2_common/pico_lwip/lwip_nosys.c.o
                0x00000000100003cc                lwip_nosys_init
 .text.lwip_nosys_deinit
                0x00000000100003fc       0x20 CMakeFiles/station.dir/home/vishwas/pico/pico-sdk/src/rp2_common/pico_lwip/lwip_nosys.c.o
                0x00000000100003fc                lwip_nosys_deinit
 .text.sys_arch_protect
                0x000000001000041c        0x4 CMakeFiles/station.dir/home/vishwas/pico/pico-sdk/src/rp2_common/pico_lwip/lwip_nosys.c.o
                0x000000001000041c                sys_arch_protect
 .text.sys_arch_unprotect
                0x0000000010000420        0x4 CMakeFiles/station.dir/home/vishwas/pico/pico-sdk/src/rp2_common/pico_lwip/lwip_nosys.c.o
                0x0000000010000420                sys_arch_unprotect
 .text.sys_now  0x0000000010000424       0x20 CMakeFiles/station.dir/home/vishwas/pico/pico-sdk/src/rp2_common/pico_lwip/lwip_nosys.c.o
                0x0000000010000424                sys_now
 .text.async_context_base_add_at_time_worker
                0x0000000010000444       0x28 CMakeFiles/station.dir/home/vishwas/pico/pico-sdk/src/rp2_common/pico_async_context/async_context_base.c.o
                0x0000000010000444                async_context_base_add_at_time_worker
 .text.async_context_base_remove_at_time_worker
                0x000000001000046c       0x28 CMakeFiles/station.dir/home/vishwas/pico/pico-sdk/src/rp2_common/pico_async_context/async_context_base.c.o
                0x000000001000046c                async_context_base_remove_at_time_worker
 .text.async_context_base_add_when_pending_worker
                0x0000000010000494       0x24 CMakeFiles/station.dir/home/vishwas/pico/pico-sdk/src/rp2_common/pico_async_context/async_context_base.c.o
                0x0000000010000494                async_context_base_add_when_pending_worker
 .text.async_context_base_remove_when_pending_worker
                0x00000000100004b8       0x28 CMakeFiles/station.dir/home/vishwas/pico/pico-sdk/src/rp2_common/pico_async_context/async_context_base.c.o
                0x00000000100004b8                async_context_base_remove_when_pending_worker
 .text.async_context_base_execute_once
                0x00000000100004e0       0xe8 CMakeFiles/station.dir/home/vishwas/pico/pico-sdk/src/rp2_common/pico_async_context/async_context_base.c.o
                0x00000000100004e0                async_context_base_execute_once
 .text.rp2040_chip_version
                0x00000000100005c8        0xc CMakeFiles/station.dir/home/vishwas/pico/pico-sdk/src/rp2040/pico_platform/platform.c.o
                0x00000000100005c8                rp2040_chip_version
 .text.panic    0x00000000100005d4       0x30 CMakeFiles/station.dir/home/vishwas/pico/pico-sdk/src/rp2_common/pico_platform_panic/panic.c.o
                0x00000000100005d4                panic
 .text.splitmix64
                0x0000000010000604       0x5c CMakeFiles/station.dir/home/vishwas/pico/pico-sdk/src/rp2_common/pico_rand/rand.c.o
 .text.xoroshiro128ss
                0x0000000010000660       0x90 CMakeFiles/station.dir/home/vishwas/pico/pico-sdk/src/rp2_common/pico_rand/rand.c.o
 .text.get_rand_64
                0x00000000100006f0      0x484 CMakeFiles/station.dir/home/vishwas/pico/pico-sdk/src/rp2_common/pico_rand/rand.c.o
                0x00000000100006f0                get_rand_64
 .text.get_rand_32
                0x0000000010000b74        0x8 CMakeFiles/station.dir/home/vishwas/pico/pico-sdk/src/rp2_common/pico_rand/rand.c.o
                0x0000000010000b74                get_rand_32
 .text.startup._retrieve_unique_id_on_boot
                0x0000000010000b7c       0x10 CMakeFiles/station.dir/home/vishwas/pico/pico-sdk/src/rp2_common/pico_unique_id/unique_id.c.o
 .text.pico_get_unique_board_id
                0x0000000010000b8c       0x10 CMakeFiles/station.dir/home/vishwas/pico/pico-sdk/src/rp2_common/pico_unique_id/unique_id.c.o
                0x0000000010000b8c                pico_get_unique_board_id
 .text.pico_get_unique_board_id_string
                0x0000000010000b9c      0x1a8 CMakeFiles/station.dir/home/vishwas/pico/pico-sdk/src/rp2_common/pico_unique_id/unique_id.c.o
                0x0000000010000b9c                pico_get_unique_board_id_string
 .text.flash_get_unique_id
                0x0000000010000d44       0x40 CMakeFiles/station.dir/home/vishwas/pico/pico-sdk/src/rp2_common/hardware_flash/flash.c.o
                0x0000000010000d44                flash_get_unique_id
 .text.hw_claim_lock
                0x0000000010000d84       0x18 CMakeFiles/station.dir/home/vishwas/pico/pico-sdk/src/common/hardware_claim/claim.c.o
                0x0000000010000d84                hw_claim_lock
 .text.hw_claim_unlock
                0x0000000010000d9c       0x14 CMakeFiles/station.dir/home/vishwas/pico/pico-sdk/src/common/hardware_claim/claim.c.o
                0x0000000010000d9c                hw_claim_unlock
 .text.hw_claim_or_assert
                0x0000000010000db0       0x44 CMakeFiles/station.dir/home/vishwas/pico/pico-sdk/src/common/hardware_claim/claim.c.o
                0x0000000010000db0                hw_claim_or_assert
 .text.hw_claim_unused_from_range
                0x0000000010000df4       0x9c CMakeFiles/station.dir/home/vishwas/pico/pico-sdk/src/common/hardware_claim/claim.c.o
                0x0000000010000df4                hw_claim_unused_from_range
 .text.hw_claim_clear
                0x0000000010000e90       0x38 CMakeFiles/station.dir/home/vishwas/pico/pico-sdk/src/common/hardware_claim/claim.c.o
                0x0000000010000e90                hw_claim_clear
 .text.next_striped_spin_lock_num
                0x0000000010000ec8       0x18 CMakeFiles/station.dir/home/vishwas/pico/pico-sdk/src/rp2_common/hardware_sync/sync.c.o
                0x0000000010000ec8                next_striped_spin_lock_num
 .text.spin_lock_claim_unused
                0x0000000010000ee0       0x20 CMakeFiles/station.dir/home/vishwas/pico/pico-sdk/src/rp2_common/hardware_sync/sync.c.o
                0x0000000010000ee0                spin_lock_claim_unused
 .text.spin_locks_reset
                0x0000000010000f00       0x1c CMakeFiles/station.dir/home/vishwas/pico/pico-sdk/src/rp2_common/hardware_sync_spin_lock/sync_spin_lock.c.o
                0x0000000010000f00                spin_locks_reset
 .text.rom_func_lookup
                0x0000000010000f1c       0x10 CMakeFiles/station.dir/home/vishwas/pico/pico-sdk/src/rp2_common/pico_bootrom/bootrom.c.o
                0x0000000010000f1c                rom_func_lookup
 .text.rom_data_lookup
                0x0000000010000f2c       0x10 CMakeFiles/station.dir/home/vishwas/pico/pico-sdk/src/rp2_common/pico_bootrom/bootrom.c.o
                0x0000000010000f2c                rom_data_lookup
 .text.rom_funcs_lookup
                0x0000000010000f3c       0x44 CMakeFiles/station.dir/home/vishwas/pico/pico-sdk/src/rp2_common/pico_bootrom/bootrom.c.o
                0x0000000010000f3c                rom_funcs_lookup
 .text.rom_reset_usb_boot_extra
                0x0000000010000f80       0x28 CMakeFiles/station.dir/home/vishwas/pico/pico-sdk/src/rp2_common/pico_bootrom/bootrom.c.o
                0x0000000010000f80                rom_reset_usb_boot_extra
 .text.sleep_until_callback
                0x0000000010000fa8       0x30 CMakeFiles/station.dir/home/vishwas/pico/pico-sdk/src/common/pico_time/time.c.o
 .text.alarm_pool_irq_handler
                0x0000000010000fd8      0x308 CMakeFiles/station.dir/home/vishwas/pico/pico-sdk/src/common/pico_time/time.c.o
 .text.runtime_init_default_alarm_pool
                0x00000000100012e0       0xdc CMakeFiles/station.dir/home/vishwas/pico/pico-sdk/src/common/pico_time/time.c.o
                0x00000000100012e0                runtime_init_default_alarm_pool
 .text.alarm_pool_get_default
                0x00000000100013bc        0x8 CMakeFiles/station.dir/home/vishwas/pico/pico-sdk/src/common/pico_time/time.c.o
                0x00000000100013bc                alarm_pool_get_default
 .text.alarm_pool_add_alarm_at
                0x00000000100013c4       0xc8 CMakeFiles/station.dir/home/vishwas/pico/pico-sdk/src/common/pico_time/time.c.o
                0x00000000100013c4                alarm_pool_add_alarm_at
 .text.alarm_pool_add_alarm_at_force_in_context
                0x000000001000148c       0xb0 CMakeFiles/station.dir/home/vishwas/pico/pico-sdk/src/common/pico_time/time.c.o
                0x000000001000148c                alarm_pool_add_alarm_at_force_in_context
 .text.alarm_pool_cancel_alarm
                0x000000001000153c       0x7c CMakeFiles/station.dir/home/vishwas/pico/pico-sdk/src/common/pico_time/time.c.o
                0x000000001000153c                alarm_pool_cancel_alarm
 .text.alarm_pool_core_num
                0x00000000100015b8        0x4 CMakeFiles/station.dir/home/vishwas/pico/pico-sdk/src/common/pico_time/time.c.o
                0x00000000100015b8                alarm_pool_core_num
 .text.sleep_until
                0x00000000100015bc       0xd0 CMakeFiles/station.dir/home/vishwas/pico/pico-sdk/src/common/pico_time/time.c.o
                0x00000000100015bc                sleep_until
 .text.sleep_ms
                0x000000001000168c       0x34 CMakeFiles/station.dir/home/vishwas/pico/pico-sdk/src/common/pico_time/time.c.o
                0x000000001000168c                sleep_ms
 .text.best_effort_wfe_or_timeout
                0x00000000100016c0       0xfc CMakeFiles/station.dir/home/vishwas/pico/pico-sdk/src/common/pico_time/time.c.o
                0x00000000100016c0                best_effort_wfe_or_timeout
 .text.timer_hardware_alarm_claim
                0x00000000100017bc       0x14 CMakeFiles/station.dir/home/vishwas/pico/pico-sdk/src/rp2_common/hardware_timer/timer.c.o
                0x00000000100017bc                timer_hardware_alarm_claim
 .text.timer_time_us_64
                0x00000000100017d0       0x10 CMakeFiles/station.dir/home/vishwas/pico/pico-sdk/src/rp2_common/hardware_timer/timer.c.o
                0x00000000100017d0                timer_time_us_64
 .text.time_us_64
                0x00000000100017e0       0x14 CMakeFiles/station.dir/home/vishwas/pico/pico-sdk/src/rp2_common/hardware_timer/timer.c.o
                0x00000000100017e0                time_us_64
 .text.busy_wait_until
                0x00000000100017f4       0x20 CMakeFiles/station.dir/home/vishwas/pico/pico-sdk/src/rp2_common/hardware_timer/timer.c.o
                0x00000000100017f4                busy_wait_until
 .text.runtime_init_per_core_irq_priorities
                0x0000000010001814       0x24 CMakeFiles/station.dir/home/vishwas/pico/pico-sdk/src/rp2_common/hardware_irq/irq.c.o
                0x0000000010001814                runtime_init_per_core_irq_priorities
 .text.irq_set_enabled
                0x0000000010001838       0x24 CMakeFiles/station.dir/home/vishwas/pico/pico-sdk/src/rp2_common/hardware_irq/irq.c.o
                0x0000000010001838                irq_set_enabled
 .text.irq_is_enabled
                0x000000001000185c       0x18 CMakeFiles/station.dir/home/vishwas/pico/pico-sdk/src/rp2_common/hardware_irq/irq.c.o
                0x000000001000185c                irq_is_enabled
 .text.irq_set_pending
                0x0000000010001874       0x10 CMakeFiles/station.dir/home/vishwas/pico/pico-sdk/src/rp2_common/hardware_irq/irq.c.o
                0x0000000010001874                irq_set_pending
 .text.irq_has_shared_handler
                0x0000000010001884       0x24 CMakeFiles/station.dir/home/vishwas/pico/pico-sdk/src/rp2_common/hardware_irq/irq.c.o
                0x0000000010001884                irq_has_shared_handler
 .text.irq_set_exclusive_handler
                0x00000000100018a8       0x54 CMakeFiles/station.dir/home/vishwas/pico/pico-sdk/src/rp2_common/hardware_irq/irq.c.o
                0x00000000100018a8                irq_set_exclusive_handler
 .text.irq_add_shared_handler
                0x00000000100018fc      0x1e8 CMakeFiles/station.dir/home/vishwas/pico/pico-sdk/src/rp2_common/hardware_irq/irq.c.o
                0x00000000100018fc                irq_add_shared_handler
 .text.irq_remove_handler
                0x0000000010001ae4      0x1c4 CMakeFiles/station.dir/home/vishwas/pico/pico-sdk/src/rp2_common/hardware_irq/irq.c.o
                0x0000000010001ae4                irq_remove_handler
 .text.irq_set_priority
                0x0000000010001ca8       0x28 CMakeFiles/station.dir/home/vishwas/pico/pico-sdk/src/rp2_common/hardware_irq/irq.c.o
                0x0000000010001ca8                irq_set_priority
 .text.irq_add_tail_to_free_list
                0x0000000010001cd0       0xb4 CMakeFiles/station.dir/home/vishwas/pico/pico-sdk/src/rp2_common/hardware_irq/irq.c.o
                0x0000000010001cd0                irq_add_tail_to_free_list
 .text.user_irq_unclaim
                0x0000000010001d84       0x14 CMakeFiles/station.dir/home/vishwas/pico/pico-sdk/src/rp2_common/hardware_irq/irq.c.o
                0x0000000010001d84                user_irq_unclaim
 .text.user_irq_claim_unused
                0x0000000010001d98       0x28 CMakeFiles/station.dir/home/vishwas/pico/pico-sdk/src/rp2_common/hardware_irq/irq.c.o
                0x0000000010001d98                user_irq_claim_unused
 .text.sem_init
                0x0000000010001dc0       0x20 CMakeFiles/station.dir/home/vishwas/pico/pico-sdk/src/common/pico_sync/sem.c.o
                0x0000000010001dc0                sem_init
 .text.lock_init
                0x0000000010001de0       0x10 CMakeFiles/station.dir/home/vishwas/pico/pico-sdk/src/common/pico_sync/lock_core.c.o
                0x0000000010001de0                lock_init
 .text.runtime_init_mutex
                0x0000000010001df0       0x58 CMakeFiles/station.dir/home/vishwas/pico/pico-sdk/src/common/pico_sync/mutex.c.o
                0x0000000010001df0                runtime_init_mutex
 .text.mutex_init
                0x0000000010001e48       0x1c CMakeFiles/station.dir/home/vishwas/pico/pico-sdk/src/common/pico_sync/mutex.c.o
                0x0000000010001e48                mutex_init
 .text.recursive_mutex_init
                0x0000000010001e64       0x1c CMakeFiles/station.dir/home/vishwas/pico/pico-sdk/src/common/pico_sync/mutex.c.o
                0x0000000010001e64                recursive_mutex_init
 .text.critical_section_init
                0x0000000010001e80       0x20 CMakeFiles/station.dir/home/vishwas/pico/pico-sdk/src/common/pico_sync/critical_section.c.o
                0x0000000010001e80                critical_section_init
 .text.critical_section_init_with_lock_num
                0x0000000010001ea0       0x14 CMakeFiles/station.dir/home/vishwas/pico/pico-sdk/src/common/pico_sync/critical_section.c.o
                0x0000000010001ea0                critical_section_init_with_lock_num
 .text.clock_configure_int_divider
                0x0000000010001eb4       0xf4 CMakeFiles/station.dir/home/vishwas/pico/pico-sdk/src/rp2_common/hardware_clocks/clocks.c.o
                0x0000000010001eb4                clock_configure_int_divider
 .text.clock_configure_undivided
                0x0000000010001fa8       0xe8 CMakeFiles/station.dir/home/vishwas/pico/pico-sdk/src/rp2_common/hardware_clocks/clocks.c.o
                0x0000000010001fa8                clock_configure_undivided
 .text.clock_get_hz
                0x0000000010002090        0xc CMakeFiles/station.dir/home/vishwas/pico/pico-sdk/src/rp2_common/hardware_clocks/clocks.c.o
                0x0000000010002090                clock_get_hz
 .text.gpio_set_function
                0x000000001000209c       0x34 CMakeFiles/station.dir/home/vishwas/pico/pico-sdk/src/rp2_common/hardware_gpio/gpio.c.o
                0x000000001000209c                gpio_set_function
 .text.gpio_set_pulls
                0x00000000100020d0       0x34 CMakeFiles/station.dir/home/vishwas/pico/pico-sdk/src/rp2_common/hardware_gpio/gpio.c.o
                0x00000000100020d0                gpio_set_pulls
 .text.gpio_set_input_hysteresis_enabled
                0x0000000010002104       0x28 CMakeFiles/station.dir/home/vishwas/pico/pico-sdk/src/rp2_common/hardware_gpio/gpio.c.o
                0x0000000010002104                gpio_set_input_hysteresis_enabled
 .text.gpio_set_irq_enabled
                0x000000001000212c       0x58 CMakeFiles/station.dir/home/vishwas/pico/pico-sdk/src/rp2_common/hardware_gpio/gpio.c.o
                0x000000001000212c                gpio_set_irq_enabled
 .text.gpio_add_raw_irq_handler_with_order_priority_masked
                0x0000000010002184       0x44 CMakeFiles/station.dir/home/vishwas/pico/pico-sdk/src/rp2_common/hardware_gpio/gpio.c.o
                0x0000000010002184                gpio_add_raw_irq_handler_with_order_priority_masked
 .text.gpio_remove_raw_irq_handler_masked
                0x00000000100021c8       0x20 CMakeFiles/station.dir/home/vishwas/pico/pico-sdk/src/rp2_common/hardware_gpio/gpio.c.o
                0x00000000100021c8                gpio_remove_raw_irq_handler_masked
 .text.gpio_init
                0x00000000100021e8       0x40 CMakeFiles/station.dir/home/vishwas/pico/pico-sdk/src/rp2_common/hardware_gpio/gpio.c.o
                0x00000000100021e8                gpio_init
 .text.pll_init
                0x0000000010002228       0xa0 CMakeFiles/station.dir/home/vishwas/pico/pico-sdk/src/rp2_common/hardware_pll/pll.c.o
                0x0000000010002228                pll_init
 .text.watchdog_reboot
                0x00000000100022c8       0x98 CMakeFiles/station.dir/home/vishwas/pico/pico-sdk/src/rp2_common/hardware_watchdog/watchdog.c.o
                0x00000000100022c8                watchdog_reboot
 .text.tick_start
                0x0000000010002360       0x10 CMakeFiles/station.dir/home/vishwas/pico/pico-sdk/src/rp2_common/hardware_ticks/ticks.c.o
                0x0000000010002360                tick_start
 .text.xosc_init
                0x0000000010002370       0x28 CMakeFiles/station.dir/home/vishwas/pico/pico-sdk/src/rp2_common/hardware_xosc/xosc.c.o
                0x0000000010002370                xosc_init
 .text.lwip_init
                0x0000000010002398       0x24 CMakeFiles/station.dir/home/vishwas/pico/pico-sdk/lib/lwip/src/core/init.c.o
                0x0000000010002398                lwip_init
 .text.lwip_htons
                0x00000000100023bc        0x8 CMakeFiles/station.dir/home/vishwas/pico/pico-sdk/lib/lwip/src/core/def.c.o
                0x00000000100023bc                lwip_htons
 .text.lwip_htonl
                0x00000000100023c4        0x4 CMakeFiles/station.dir/home/vishwas/pico/pico-sdk/lib/lwip/src/core/def.c.o
                0x00000000100023c4                lwip_htonl
 .text.dns_call_found
                0x00000000100023c8      0x134 CMakeFiles/station.dir/home/vishwas/pico/pico-sdk/lib/lwip/src/core/dns.c.o
 .text.dns_send.isra.0
                0x00000000100024fc      0x168 CMakeFiles/station.dir/home/vishwas/pico/pico-sdk/lib/lwip/src/core/dns.c.o
 .text.dns_init
                0x0000000010002664        0x4 CMakeFiles/station.dir/home/vishwas/pico/pico-sdk/lib/lwip/src/core/dns.c.o
                0x0000000010002664                dns_init
 .text.dns_setserver
                0x0000000010002668       0x2c CMakeFiles/station.dir/home/vishwas/pico/pico-sdk/lib/lwip/src/core/dns.c.o
                0x0000000010002668                dns_setserver
 .text.dns_tmr  0x0000000010002694      0x138 CMakeFiles/station.dir/home/vishwas/pico/pico-sdk/lib/lwip/src/core/dns.c.o
                0x0000000010002694                dns_tmr
 .text.lwip_standard_chksum
                0x00000000100027cc       0xd8 CMakeFiles/station.dir/home/vishwas/pico/pico-sdk/lib/lwip/src/core/inet_chksum.c.o
                0x00000000100027cc                lwip_standard_chksum
 .text.inet_chksum_pseudo
                0x00000000100028a4       0xb4 CMakeFiles/station.dir/home/vishwas/pico/pico-sdk/lib/lwip/src/core/inet_chksum.c.o
                0x00000000100028a4                inet_chksum_pseudo
 .text.ip_chksum_pseudo
                0x0000000010002958       0x10 CMakeFiles/station.dir/home/vishwas/pico/pico-sdk/lib/lwip/src/core/inet_chksum.c.o
                0x0000000010002958                ip_chksum_pseudo
 .text.inet_chksum
                0x0000000010002968        0xc CMakeFiles/station.dir/home/vishwas/pico/pico-sdk/lib/lwip/src/core/inet_chksum.c.o
                0x0000000010002968                inet_chksum
 .text.inet_chksum_pbuf
                0x0000000010002974       0x6c CMakeFiles/station.dir/home/vishwas/pico/pico-sdk/lib/lwip/src/core/inet_chksum.c.o
                0x0000000010002974                inet_chksum_pbuf
 .text.mem_init
                0x00000000100029e0       0x40 CMakeFiles/station.dir/home/vishwas/pico/pico-sdk/lib/lwip/src/core/mem.c.o
                0x00000000100029e0                mem_init
 .text.mem_free
                0x0000000010002a20      0x11c CMakeFiles/station.dir/home/vishwas/pico/pico-sdk/lib/lwip/src/core/mem.c.o
                0x0000000010002a20                mem_free
 .text.mem_trim
                0x0000000010002b3c      0x110 CMakeFiles/station.dir/home/vishwas/pico/pico-sdk/lib/lwip/src/core/mem.c.o
                0x0000000010002b3c                mem_trim
 .text.mem_malloc
                0x0000000010002c4c      0x120 CMakeFiles/station.dir/home/vishwas/pico/pico-sdk/lib/lwip/src/core/mem.c.o
                0x0000000010002c4c                mem_malloc
 .text.memp_init
                0x0000000010002d6c       0x6c CMakeFiles/station.dir/home/vishwas/pico/pico-sdk/lib/lwip/src/core/memp.c.o
                0x0000000010002d6c                memp_init
 .text.memp_malloc
                0x0000000010002dd8       0x3c CMakeFiles/station.dir/home/vishwas/pico/pico-sdk/lib/lwip/src/core/memp.c.o
                0x0000000010002dd8                memp_malloc
 .text.memp_free
                0x0000000010002e14       0x38 CMakeFiles/station.dir/home/vishwas/pico/pico-sdk/lib/lwip/src/core/memp.c.o
                0x0000000010002e14                memp_free
 .text.netif_null_output_ip4
                0x0000000010002e4c        0x8 CMakeFiles/station.dir/home/vishwas/pico/pico-sdk/lib/lwip/src/core/netif.c.o
 .text.netif_do_set_ipaddr.isra.0
                0x0000000010002e54       0x70 CMakeFiles/station.dir/home/vishwas/pico/pico-sdk/lib/lwip/src/core/netif.c.o
 .text.netif_init
                0x0000000010002ec4        0x4 CMakeFiles/station.dir/home/vishwas/pico/pico-sdk/lib/lwip/src/core/netif.c.o
                0x0000000010002ec4                netif_init
 .text.netif_add
                0x0000000010002ec8      0x144 CMakeFiles/station.dir/home/vishwas/pico/pico-sdk/lib/lwip/src/core/netif.c.o
                0x0000000010002ec8                netif_add
 .text.netif_set_addr
                0x000000001000300c       0xb8 CMakeFiles/station.dir/home/vishwas/pico/pico-sdk/lib/lwip/src/core/netif.c.o
                0x000000001000300c                netif_set_addr
 .text.netif_remove
                0x00000000100030c4       0x94 CMakeFiles/station.dir/home/vishwas/pico/pico-sdk/lib/lwip/src/core/netif.c.o
                0x00000000100030c4                netif_remove
 .text.netif_set_default
                0x0000000010003158        0xc CMakeFiles/station.dir/home/vishwas/pico/pico-sdk/lib/lwip/src/core/netif.c.o
                0x0000000010003158                netif_set_default
 .text.netif_set_up
                0x0000000010003164       0x40 CMakeFiles/station.dir/home/vishwas/pico/pico-sdk/lib/lwip/src/core/netif.c.o
                0x0000000010003164                netif_set_up
 .text.netif_set_link_up
                0x00000000100031a4       0x44 CMakeFiles/station.dir/home/vishwas/pico/pico-sdk/lib/lwip/src/core/netif.c.o
                0x00000000100031a4                netif_set_link_up
 .text.netif_set_link_down
                0x00000000100031e8       0x20 CMakeFiles/station.dir/home/vishwas/pico/pico-sdk/lib/lwip/src/core/netif.c.o
                0x00000000100031e8                netif_set_link_down
 .text.netif_get_by_index
                0x0000000010003208       0x2c CMakeFiles/station.dir/home/vishwas/pico/pico-sdk/lib/lwip/src/core/netif.c.o
                0x0000000010003208                netif_get_by_index
 .text.pbuf_free.part.0
                0x0000000010003234       0x7c CMakeFiles/station.dir/home/vishwas/pico/pico-sdk/lib/lwip/src/core/pbuf.c.o
 .text.pbuf_free_ooseq
                0x00000000100032b0       0x34 CMakeFiles/station.dir/home/vishwas/pico/pico-sdk/lib/lwip/src/core/pbuf.c.o
                0x00000000100032b0                pbuf_free_ooseq
 .text.pbuf_alloc
                0x00000000100032e4      0x130 CMakeFiles/station.dir/home/vishwas/pico/pico-sdk/lib/lwip/src/core/pbuf.c.o
                0x00000000100032e4                pbuf_alloc
 .text.pbuf_realloc
                0x0000000010003414       0x88 CMakeFiles/station.dir/home/vishwas/pico/pico-sdk/lib/lwip/src/core/pbuf.c.o
                0x0000000010003414                pbuf_realloc
 .text.pbuf_add_header
                0x000000001000349c       0x54 CMakeFiles/station.dir/home/vishwas/pico/pico-sdk/lib/lwip/src/core/pbuf.c.o
                0x000000001000349c                pbuf_add_header
 .text.pbuf_remove_header
                0x00000000100034f0       0x44 CMakeFiles/station.dir/home/vishwas/pico/pico-sdk/lib/lwip/src/core/pbuf.c.o
                0x00000000100034f0                pbuf_remove_header
 .text.pbuf_header_force
                0x0000000010003534       0x74 CMakeFiles/station.dir/home/vishwas/pico/pico-sdk/lib/lwip/src/core/pbuf.c.o
                0x0000000010003534                pbuf_header_force
 .text.pbuf_free
                0x00000000100035a8       0x18 CMakeFiles/station.dir/home/vishwas/pico/pico-sdk/lib/lwip/src/core/pbuf.c.o
                0x00000000100035a8                pbuf_free
 .text.pbuf_clen
                0x00000000100035c0       0x14 CMakeFiles/station.dir/home/vishwas/pico/pico-sdk/lib/lwip/src/core/pbuf.c.o
                0x00000000100035c0                pbuf_clen
 .text.pbuf_ref
                0x00000000100035d4       0x28 CMakeFiles/station.dir/home/vishwas/pico/pico-sdk/lib/lwip/src/core/pbuf.c.o
                0x00000000100035d4                pbuf_ref
 .text.pbuf_cat
                0x00000000100035fc       0x3c CMakeFiles/station.dir/home/vishwas/pico/pico-sdk/lib/lwip/src/core/pbuf.c.o
                0x00000000100035fc                pbuf_cat
 .text.pbuf_chain
                0x0000000010003638       0x64 CMakeFiles/station.dir/home/vishwas/pico/pico-sdk/lib/lwip/src/core/pbuf.c.o
                0x0000000010003638                pbuf_chain
 .text.pbuf_copy_partial_pbuf
                0x000000001000369c      0x13c CMakeFiles/station.dir/home/vishwas/pico/pico-sdk/lib/lwip/src/core/pbuf.c.o
                0x000000001000369c                pbuf_copy_partial_pbuf
 .text.pbuf_copy
                0x00000000100037d8       0x18 CMakeFiles/station.dir/home/vishwas/pico/pico-sdk/lib/lwip/src/core/pbuf.c.o
                0x00000000100037d8                pbuf_copy
 .text.pbuf_copy_partial
                0x00000000100037f0       0x70 CMakeFiles/station.dir/home/vishwas/pico/pico-sdk/lib/lwip/src/core/pbuf.c.o
                0x00000000100037f0                pbuf_copy_partial
 .text.pbuf_take
                0x0000000010003860       0x78 CMakeFiles/station.dir/home/vishwas/pico/pico-sdk/lib/lwip/src/core/pbuf.c.o
                0x0000000010003860                pbuf_take
 .text.pbuf_take_at
                0x00000000100038d8       0xc0 CMakeFiles/station.dir/home/vishwas/pico/pico-sdk/lib/lwip/src/core/pbuf.c.o
                0x00000000100038d8                pbuf_take_at
 .text.pbuf_clone
                0x0000000010003998       0x30 CMakeFiles/station.dir/home/vishwas/pico/pico-sdk/lib/lwip/src/core/pbuf.c.o
                0x0000000010003998                pbuf_clone
 .text.pbuf_put_at
                0x00000000100039c8       0x1c CMakeFiles/station.dir/home/vishwas/pico/pico-sdk/lib/lwip/src/core/pbuf.c.o
                0x00000000100039c8                pbuf_put_at
 .text.raw_input
                0x00000000100039e4       0xf0 CMakeFiles/station.dir/home/vishwas/pico/pico-sdk/lib/lwip/src/core/raw.c.o
                0x00000000100039e4                raw_input
 .text.raw_netif_ip_addr_changed
                0x0000000010003ad4       0x40 CMakeFiles/station.dir/home/vishwas/pico/pico-sdk/lib/lwip/src/core/raw.c.o
                0x0000000010003ad4                raw_netif_ip_addr_changed
 .text.stats_init
                0x0000000010003b14        0x4 CMakeFiles/station.dir/home/vishwas/pico/pico-sdk/lib/lwip/src/core/stats.c.o
                0x0000000010003b14                stats_init
 .text.tcp_close_shutdown_fin
                0x0000000010003b18       0x58 CMakeFiles/station.dir/home/vishwas/pico/pico-sdk/lib/lwip/src/core/tcp.c.o
 .text.tcp_pcb_purge.part.0
                0x0000000010003b70       0xc4 CMakeFiles/station.dir/home/vishwas/pico/pico-sdk/lib/lwip/src/core/tcp.c.o
 .text.tcp_init
                0x0000000010003c34       0x20 CMakeFiles/station.dir/home/vishwas/pico/pico-sdk/lib/lwip/src/core/tcp.c.o
                0x0000000010003c34                tcp_init
 .text.tcp_free
                0x0000000010003c54       0x1c CMakeFiles/station.dir/home/vishwas/pico/pico-sdk/lib/lwip/src/core/tcp.c.o
                0x0000000010003c54                tcp_free
 .text.tcp_update_rcv_ann_wnd
                0x0000000010003c70       0x60 CMakeFiles/station.dir/home/vishwas/pico/pico-sdk/lib/lwip/src/core/tcp.c.o
                0x0000000010003c70                tcp_update_rcv_ann_wnd
 .text.tcp_recved
                0x0000000010003cd0       0x98 CMakeFiles/station.dir/home/vishwas/pico/pico-sdk/lib/lwip/src/core/tcp.c.o
                0x0000000010003cd0                tcp_recved
 .text.tcp_slowtmr
                0x0000000010003d68      0x4dc CMakeFiles/station.dir/home/vishwas/pico/pico-sdk/lib/lwip/src/core/tcp.c.o
                0x0000000010003d68                tcp_slowtmr
 .text.tcp_segs_free
                0x0000000010004244       0x38 CMakeFiles/station.dir/home/vishwas/pico/pico-sdk/lib/lwip/src/core/tcp.c.o
                0x0000000010004244                tcp_segs_free
 .text.tcp_seg_free
                0x000000001000427c       0x1c CMakeFiles/station.dir/home/vishwas/pico/pico-sdk/lib/lwip/src/core/tcp.c.o
                0x000000001000427c                tcp_seg_free
 .text.tcp_seg_copy
                0x0000000010004298       0x2c CMakeFiles/station.dir/home/vishwas/pico/pico-sdk/lib/lwip/src/core/tcp.c.o
                0x0000000010004298                tcp_seg_copy
 .text.tcp_pcb_purge
                0x00000000100042c4       0x18 CMakeFiles/station.dir/home/vishwas/pico/pico-sdk/lib/lwip/src/core/tcp.c.o
                0x00000000100042c4                tcp_pcb_purge
 .text.tcp_pcb_remove
                0x00000000100042dc       0xc8 CMakeFiles/station.dir/home/vishwas/pico/pico-sdk/lib/lwip/src/core/tcp.c.o
                0x00000000100042dc                tcp_pcb_remove
 .text.tcp_abandon
                0x00000000100043a4      0x1ac CMakeFiles/station.dir/home/vishwas/pico/pico-sdk/lib/lwip/src/core/tcp.c.o
                0x00000000100043a4                tcp_abandon
 .text.tcp_abort
                0x0000000010004550        0xc CMakeFiles/station.dir/home/vishwas/pico/pico-sdk/lib/lwip/src/core/tcp.c.o
                0x0000000010004550                tcp_abort
 .text.tcp_alloc
                0x000000001000455c      0x1cc CMakeFiles/station.dir/home/vishwas/pico/pico-sdk/lib/lwip/src/core/tcp.c.o
                0x000000001000455c                tcp_alloc
 .text.tcp_close_shutdown
                0x0000000010004728      0x18c CMakeFiles/station.dir/home/vishwas/pico/pico-sdk/lib/lwip/src/core/tcp.c.o
 .text.tcp_recv_null
                0x00000000100048b4       0xd4 CMakeFiles/station.dir/home/vishwas/pico/pico-sdk/lib/lwip/src/core/tcp.c.o
                0x00000000100048b4                tcp_recv_null
 .text.tcp_process_refused_data
                0x0000000010004988       0x78 CMakeFiles/station.dir/home/vishwas/pico/pico-sdk/lib/lwip/src/core/tcp.c.o
                0x0000000010004988                tcp_process_refused_data
 .text.tcp_fasttmr
                0x0000000010004a00       0x98 CMakeFiles/station.dir/home/vishwas/pico/pico-sdk/lib/lwip/src/core/tcp.c.o
                0x0000000010004a00                tcp_fasttmr
 .text.tcp_tmr  0x0000000010004a98       0x20 CMakeFiles/station.dir/home/vishwas/pico/pico-sdk/lib/lwip/src/core/tcp.c.o
                0x0000000010004a98                tcp_tmr
 .text.tcp_next_iss
                0x0000000010004ab8       0x28 CMakeFiles/station.dir/home/vishwas/pico/pico-sdk/lib/lwip/src/core/tcp.c.o
                0x0000000010004ab8                tcp_next_iss
 .text.tcp_eff_send_mss_netif
                0x0000000010004ae0       0x38 CMakeFiles/station.dir/home/vishwas/pico/pico-sdk/lib/lwip/src/core/tcp.c.o
                0x0000000010004ae0                tcp_eff_send_mss_netif
 .text.tcp_netif_ip_addr_changed
                0x0000000010004b18       0x9c CMakeFiles/station.dir/home/vishwas/pico/pico-sdk/lib/lwip/src/core/tcp.c.o
                0x0000000010004b18                tcp_netif_ip_addr_changed
 .text.tcp_free_ooseq
                0x0000000010004bb4       0x40 CMakeFiles/station.dir/home/vishwas/pico/pico-sdk/lib/lwip/src/core/tcp.c.o
                0x0000000010004bb4                tcp_free_ooseq
 .text.tcp_parseopt
                0x0000000010004bf4      0x190 CMakeFiles/station.dir/home/vishwas/pico/pico-sdk/lib/lwip/src/core/tcp_in.c.o
 .text.tcp_oos_insert_segment
                0x0000000010004d84       0xe0 CMakeFiles/station.dir/home/vishwas/pico/pico-sdk/lib/lwip/src/core/tcp_in.c.o
 .text.tcp_free_acked_segments.constprop.0
                0x0000000010004e64       0xdc CMakeFiles/station.dir/home/vishwas/pico/pico-sdk/lib/lwip/src/core/tcp_in.c.o
 .text.tcp_receive
                0x0000000010004f40      0xa4c CMakeFiles/station.dir/home/vishwas/pico/pico-sdk/lib/lwip/src/core/tcp_in.c.o
 .text.tcp_input
                0x000000001000598c      0xda4 CMakeFiles/station.dir/home/vishwas/pico/pico-sdk/lib/lwip/src/core/tcp_in.c.o
                0x000000001000598c                tcp_input
 .text.tcp_trigger_input_pcb_close
                0x0000000010006730       0x10 CMakeFiles/station.dir/home/vishwas/pico/pico-sdk/lib/lwip/src/core/tcp_in.c.o
                0x0000000010006730                tcp_trigger_input_pcb_close
 .text.tcp_create_segment
                0x0000000010006740       0xf8 CMakeFiles/station.dir/home/vishwas/pico/pico-sdk/lib/lwip/src/core/tcp_out.c.o
 .text.tcp_output_control_segment
                0x0000000010006838       0xc0 CMakeFiles/station.dir/home/vishwas/pico/pico-sdk/lib/lwip/src/core/tcp_out.c.o
 .text.tcp_output_alloc_header.constprop.0
                0x00000000100068f8       0xcc CMakeFiles/station.dir/home/vishwas/pico/pico-sdk/lib/lwip/src/core/tcp_out.c.o
 .text.tcp_split_unsent_seg
                0x00000000100069c4      0x1c4 CMakeFiles/station.dir/home/vishwas/pico/pico-sdk/lib/lwip/src/core/tcp_out.c.o
                0x00000000100069c4                tcp_split_unsent_seg
 .text.tcp_send_fin
                0x0000000010006b88      0x12c CMakeFiles/station.dir/home/vishwas/pico/pico-sdk/lib/lwip/src/core/tcp_out.c.o
                0x0000000010006b88                tcp_send_fin
 .text.tcp_enqueue_flags
                0x0000000010006cb4      0x124 CMakeFiles/station.dir/home/vishwas/pico/pico-sdk/lib/lwip/src/core/tcp_out.c.o
                0x0000000010006cb4                tcp_enqueue_flags
 .text.tcp_rexmit_rto_prepare
                0x0000000010006dd8       0x9c CMakeFiles/station.dir/home/vishwas/pico/pico-sdk/lib/lwip/src/core/tcp_out.c.o
                0x0000000010006dd8                tcp_rexmit_rto_prepare
 .text.tcp_rexmit
                0x0000000010006e74       0x9c CMakeFiles/station.dir/home/vishwas/pico/pico-sdk/lib/lwip/src/core/tcp_out.c.o
                0x0000000010006e74                tcp_rexmit
 .text.tcp_rexmit_fast
                0x0000000010006f10       0x64 CMakeFiles/station.dir/home/vishwas/pico/pico-sdk/lib/lwip/src/core/tcp_out.c.o
                0x0000000010006f10                tcp_rexmit_fast
 .text.tcp_rst  0x0000000010006f74       0xe8 CMakeFiles/station.dir/home/vishwas/pico/pico-sdk/lib/lwip/src/core/tcp_out.c.o
                0x0000000010006f74                tcp_rst
 .text.tcp_rst_netif
                0x000000001000705c      0x130 CMakeFiles/station.dir/home/vishwas/pico/pico-sdk/lib/lwip/src/core/tcp_out.c.o
                0x000000001000705c                tcp_rst_netif
 .text.tcp_send_empty_ack
                0x000000001000718c       0x54 CMakeFiles/station.dir/home/vishwas/pico/pico-sdk/lib/lwip/src/core/tcp_out.c.o
                0x000000001000718c                tcp_send_empty_ack
 .text.tcp_output
                0x00000000100071e0      0x46c CMakeFiles/station.dir/home/vishwas/pico/pico-sdk/lib/lwip/src/core/tcp_out.c.o
                0x00000000100071e0                tcp_output
 .text.tcp_rexmit_rto_commit
                0x000000001000764c       0x24 CMakeFiles/station.dir/home/vishwas/pico/pico-sdk/lib/lwip/src/core/tcp_out.c.o
                0x000000001000764c                tcp_rexmit_rto_commit
 .text.tcp_rexmit_rto
                0x0000000010007670       0xa4 CMakeFiles/station.dir/home/vishwas/pico/pico-sdk/lib/lwip/src/core/tcp_out.c.o
                0x0000000010007670                tcp_rexmit_rto
 .text.tcp_keepalive
                0x0000000010007714       0xe0 CMakeFiles/station.dir/home/vishwas/pico/pico-sdk/lib/lwip/src/core/tcp_out.c.o
                0x0000000010007714                tcp_keepalive
 .text.tcp_zero_window_probe
                0x00000000100077f4      0x108 CMakeFiles/station.dir/home/vishwas/pico/pico-sdk/lib/lwip/src/core/tcp_out.c.o
                0x00000000100077f4                tcp_zero_window_probe
 .text.sys_timeout_abs
                0x00000000100078fc       0x48 CMakeFiles/station.dir/home/vishwas/pico/pico-sdk/lib/lwip/src/core/timeouts.c.o
 .text.lwip_cyclic_timer
                0x0000000010007944       0x38 CMakeFiles/station.dir/home/vishwas/pico/pico-sdk/lib/lwip/src/core/timeouts.c.o
 .text.tcpip_tcp_timer
                0x000000001000797c       0x3c CMakeFiles/station.dir/home/vishwas/pico/pico-sdk/lib/lwip/src/core/timeouts.c.o
 .text.tcp_timer_needed
                0x00000000100079b8       0x40 CMakeFiles/station.dir/home/vishwas/pico/pico-sdk/lib/lwip/src/core/timeouts.c.o
                0x00000000100079b8                tcp_timer_needed
 .text.sys_timeouts_init
                0x00000000100079f8       0x90 CMakeFiles/station.dir/home/vishwas/pico/pico-sdk/lib/lwip/src/core/timeouts.c.o
                0x00000000100079f8                sys_timeouts_init
 .text.sys_check_timeouts
                0x0000000010007a88       0x68 CMakeFiles/station.dir/home/vishwas/pico/pico-sdk/lib/lwip/src/core/timeouts.c.o
                0x0000000010007a88                sys_check_timeouts
 .text.sys_timeouts_sleeptime
                0x0000000010007af0       0x28 CMakeFiles/station.dir/home/vishwas/pico/pico-sdk/lib/lwip/src/core/timeouts.c.o
                0x0000000010007af0                sys_timeouts_sleeptime
 .text.udp_init
                0x0000000010007b18       0x20 CMakeFiles/station.dir/home/vishwas/pico/pico-sdk/lib/lwip/src/core/udp.c.o
                0x0000000010007b18                udp_init
 .text.udp_input
                0x0000000010007b38      0x24c CMakeFiles/station.dir/home/vishwas/pico/pico-sdk/lib/lwip/src/core/udp.c.o
                0x0000000010007b38                udp_input
 .text.udp_bind
                0x0000000010007d84      0x10c CMakeFiles/station.dir/home/vishwas/pico/pico-sdk/lib/lwip/src/core/udp.c.o
                0x0000000010007d84                udp_bind
 .text.udp_sendto_if_src
                0x0000000010007e90      0x130 CMakeFiles/station.dir/home/vishwas/pico/pico-sdk/lib/lwip/src/core/udp.c.o
                0x0000000010007e90                udp_sendto_if_src
 .text.udp_sendto_if
                0x0000000010007fc0       0x48 CMakeFiles/station.dir/home/vishwas/pico/pico-sdk/lib/lwip/src/core/udp.c.o
                0x0000000010007fc0                udp_sendto_if
 .text.udp_sendto
                0x0000000010008008       0x7c CMakeFiles/station.dir/home/vishwas/pico/pico-sdk/lib/lwip/src/core/udp.c.o
                0x0000000010008008                udp_sendto
 .text.udp_connect
                0x0000000010008084       0x64 CMakeFiles/station.dir/home/vishwas/pico/pico-sdk/lib/lwip/src/core/udp.c.o
                0x0000000010008084                udp_connect
 .text.udp_recv
                0x00000000100080e8        0xc CMakeFiles/station.dir/home/vishwas/pico/pico-sdk/lib/lwip/src/core/udp.c.o
                0x00000000100080e8                udp_recv
 .text.udp_remove
                0x00000000100080f4       0x3c CMakeFiles/station.dir/home/vishwas/pico/pico-sdk/lib/lwip/src/core/udp.c.o
                0x00000000100080f4                udp_remove
 .text.udp_new  0x0000000010008130       0x1c CMakeFiles/station.dir/home/vishwas/pico/pico-sdk/lib/lwip/src/core/udp.c.o
                0x0000000010008130                udp_new
 .text.udp_netif_ip_addr_changed
                0x000000001000814c       0x40 CMakeFiles/station.dir/home/vishwas/pico/pico-sdk/lib/lwip/src/core/udp.c.o
                0x000000001000814c                udp_netif_ip_addr_changed
 .text.dhcp_create_msg
                0x000000001000818c      0x16c CMakeFiles/station.dir/home/vishwas/pico/pico-sdk/lib/lwip/src/core/ipv4/dhcp.c.o
 .text.dhcp_inc_pcb_refcount
                0x00000000100082f8       0x6c CMakeFiles/station.dir/home/vishwas/pico/pico-sdk/lib/lwip/src/core/ipv4/dhcp.c.o
 .text.dhcp_bind
                0x0000000010008364      0x11c CMakeFiles/station.dir/home/vishwas/pico/pico-sdk/lib/lwip/src/core/ipv4/dhcp.c.o
 .text.dhcp_option_hostname.isra.0
                0x0000000010008480       0x8c CMakeFiles/station.dir/home/vishwas/pico/pico-sdk/lib/lwip/src/core/ipv4/dhcp.c.o
 .text.dhcp_handle_ack.isra.0
                0x000000001000850c       0xcc CMakeFiles/station.dir/home/vishwas/pico/pico-sdk/lib/lwip/src/core/ipv4/dhcp.c.o
 .text.dhcp_reboot.isra.0
                0x00000000100085d8      0x1e4 CMakeFiles/station.dir/home/vishwas/pico/pico-sdk/lib/lwip/src/core/ipv4/dhcp.c.o
 .text.dhcp_discover
                0x00000000100087bc      0x198 CMakeFiles/station.dir/home/vishwas/pico/pico-sdk/lib/lwip/src/core/ipv4/dhcp.c.o
 .text.dhcp_select.isra.0
                0x0000000010008954      0x268 CMakeFiles/station.dir/home/vishwas/pico/pico-sdk/lib/lwip/src/core/ipv4/dhcp.c.o
 .text.dhcp_recv
                0x0000000010008bbc      0x494 CMakeFiles/station.dir/home/vishwas/pico/pico-sdk/lib/lwip/src/core/ipv4/dhcp.c.o
 .text.dhcp_set_struct
                0x0000000010009050       0x44 CMakeFiles/station.dir/home/vishwas/pico/pico-sdk/lib/lwip/src/core/ipv4/dhcp.c.o
                0x0000000010009050                dhcp_set_struct
 .text.dhcp_network_changed_link_up
                0x0000000010009094       0x40 CMakeFiles/station.dir/home/vishwas/pico/pico-sdk/lib/lwip/src/core/ipv4/dhcp.c.o
                0x0000000010009094                dhcp_network_changed_link_up
 .text.dhcp_renew
                0x00000000100090d4      0x1b8 CMakeFiles/station.dir/home/vishwas/pico/pico-sdk/lib/lwip/src/core/ipv4/dhcp.c.o
                0x00000000100090d4                dhcp_renew
 .text.dhcp_release_and_stop
                0x000000001000928c      0x180 CMakeFiles/station.dir/home/vishwas/pico/pico-sdk/lib/lwip/src/core/ipv4/dhcp.c.o
                0x000000001000928c                dhcp_release_and_stop
 .text.dhcp_start
                0x000000001000940c       0xb0 CMakeFiles/station.dir/home/vishwas/pico/pico-sdk/lib/lwip/src/core/ipv4/dhcp.c.o
                0x000000001000940c                dhcp_start
 .text.dhcp_coarse_tmr
                0x00000000100094bc      0x238 CMakeFiles/station.dir/home/vishwas/pico/pico-sdk/lib/lwip/src/core/ipv4/dhcp.c.o
                0x00000000100094bc                dhcp_coarse_tmr
 .text.dhcp_fine_tmr
                0x00000000100096f4       0x78 CMakeFiles/station.dir/home/vishwas/pico/pico-sdk/lib/lwip/src/core/ipv4/dhcp.c.o
                0x00000000100096f4                dhcp_fine_tmr
 .text.dhcp_stop
                0x000000001000976c      0x180 CMakeFiles/station.dir/home/vishwas/pico/pico-sdk/lib/lwip/src/core/ipv4/dhcp.c.o
                0x000000001000976c                dhcp_stop
 .text.etharp_find_entry
                0x00000000100098ec     0x1fbc CMakeFiles/station.dir/home/vishwas/pico/pico-sdk/lib/lwip/src/core/ipv4/etharp.c.o
 .text.etharp_raw
                0x000000001000b8a8       0xec CMakeFiles/station.dir/home/vishwas/pico/pico-sdk/lib/lwip/src/core/ipv4/etharp.c.o
 .text.etharp_output_to_arp_index
                0x000000001000b994       0xe4 CMakeFiles/station.dir/home/vishwas/pico/pico-sdk/lib/lwip/src/core/ipv4/etharp.c.o
 .text.etharp_tmr
                0x000000001000ba78       0x94 CMakeFiles/station.dir/home/vishwas/pico/pico-sdk/lib/lwip/src/core/ipv4/etharp.c.o
                0x000000001000ba78                etharp_tmr
 .text.etharp_cleanup_netif
                0x000000001000bb0c      0x188 CMakeFiles/station.dir/home/vishwas/pico/pico-sdk/lib/lwip/src/core/ipv4/etharp.c.o
                0x000000001000bb0c                etharp_cleanup_netif
 .text.etharp_input
                0x000000001000bc94      0x1b0 CMakeFiles/station.dir/home/vishwas/pico/pico-sdk/lib/lwip/src/core/ipv4/etharp.c.o
                0x000000001000bc94                etharp_input
 .text.etharp_query
                0x000000001000be44      0x1c0 CMakeFiles/station.dir/home/vishwas/pico/pico-sdk/lib/lwip/src/core/ipv4/etharp.c.o
                0x000000001000be44                etharp_query
 .text.etharp_output
                0x000000001000c004      0x24c CMakeFiles/station.dir/home/vishwas/pico/pico-sdk/lib/lwip/src/core/ipv4/etharp.c.o
                0x000000001000c004                etharp_output
 .text.etharp_request
                0x000000001000c250       0x2c CMakeFiles/station.dir/home/vishwas/pico/pico-sdk/lib/lwip/src/core/ipv4/etharp.c.o
                0x000000001000c250                etharp_request
 .text.icmp_input
                0x000000001000c27c      0x1e8 CMakeFiles/station.dir/home/vishwas/pico/pico-sdk/lib/lwip/src/core/ipv4/icmp.c.o
                0x000000001000c27c                icmp_input
 .text.icmp_dest_unreach
                0x000000001000c464       0xd0 CMakeFiles/station.dir/home/vishwas/pico/pico-sdk/lib/lwip/src/core/ipv4/icmp.c.o
                0x000000001000c464                icmp_dest_unreach
 .text.icmp_time_exceeded
                0x000000001000c534       0xd0 CMakeFiles/station.dir/home/vishwas/pico/pico-sdk/lib/lwip/src/core/ipv4/icmp.c.o
                0x000000001000c534                icmp_time_exceeded
 .text.ip_reass_free_complete_datagram
                0x000000001000c604      0x114 CMakeFiles/station.dir/home/vishwas/pico/pico-sdk/lib/lwip/src/core/ipv4/ip4_frag.c.o
 .text.ip_reass_remove_oldest_datagram
                0x000000001000c718       0xd8 CMakeFiles/station.dir/home/vishwas/pico/pico-sdk/lib/lwip/src/core/ipv4/ip4_frag.c.o
 .text.ip_reass_tmr
                0x000000001000c7f0       0x38 CMakeFiles/station.dir/home/vishwas/pico/pico-sdk/lib/lwip/src/core/ipv4/ip4_frag.c.o
                0x000000001000c7f0                ip_reass_tmr
 .text.ip4_reass
                0x000000001000c828      0x534 CMakeFiles/station.dir/home/vishwas/pico/pico-sdk/lib/lwip/src/core/ipv4/ip4_frag.c.o
                0x000000001000c828                ip4_reass
 .text.ip4_frag
                0x000000001000cd5c      0x17c CMakeFiles/station.dir/home/vishwas/pico/pico-sdk/lib/lwip/src/core/ipv4/ip4_frag.c.o
                0x000000001000cd5c                ip4_frag
 .text.ip4_route
                0x000000001000ced8       0x7c CMakeFiles/station.dir/home/vishwas/pico/pico-sdk/lib/lwip/src/core/ipv4/ip4.c.o
                0x000000001000ced8                ip4_route
 .text.ip4_input
                0x000000001000cf54      0x2cc CMakeFiles/station.dir/home/vishwas/pico/pico-sdk/lib/lwip/src/core/ipv4/ip4.c.o
                0x000000001000cf54                ip4_input
 .text.ip4_output_if
                0x000000001000d220      0x190 CMakeFiles/station.dir/home/vishwas/pico/pico-sdk/lib/lwip/src/core/ipv4/ip4.c.o
                0x000000001000d220                ip4_output_if
 .text.ip4_output_if_src
                0x000000001000d3b0      0x17c CMakeFiles/station.dir/home/vishwas/pico/pico-sdk/lib/lwip/src/core/ipv4/ip4.c.o
                0x000000001000d3b0                ip4_output_if_src
 .text.ip4_addr_isbroadcast_u32
                0x000000001000d52c       0x3c CMakeFiles/station.dir/home/vishwas/pico/pico-sdk/lib/lwip/src/core/ipv4/ip4_addr.c.o
                0x000000001000d52c                ip4_addr_isbroadcast_u32
 .text.ethernet_input
                0x000000001000d568       0xd0 CMakeFiles/station.dir/home/vishwas/pico/pico-sdk/lib/lwip/src/netif/ethernet.c.o
                0x000000001000d568                ethernet_input
 .text.ethernet_output
                0x000000001000d638       0x6c CMakeFiles/station.dir/home/vishwas/pico/pico-sdk/lib/lwip/src/netif/ethernet.c.o
                0x000000001000d638                ethernet_output
 .text.cyw43_arch_wifi_connect_bssid_until.part.0
                0x000000001000d6a4       0xd8 CMakeFiles/station.dir/home/vishwas/pico/pico-sdk/src/rp2_common/pico_cyw43_arch/cyw43_arch.c.o
 .text.cyw43_arch_set_async_context
                0x000000001000d77c        0xc CMakeFiles/station.dir/home/vishwas/pico/pico-sdk/src/rp2_common/pico_cyw43_arch/cyw43_arch.c.o
                0x000000001000d77c                cyw43_arch_set_async_context
 .text.cyw43_arch_enable_sta_mode
                0x000000001000d788       0x1c CMakeFiles/station.dir/home/vishwas/pico/pico-sdk/src/rp2_common/pico_cyw43_arch/cyw43_arch.c.o
                0x000000001000d788                cyw43_arch_enable_sta_mode
 .text.cyw43_arch_wifi_connect_timeout_ms
                0x000000001000d7a4       0x9c CMakeFiles/station.dir/home/vishwas/pico/pico-sdk/src/rp2_common/pico_cyw43_arch/cyw43_arch.c.o
                0x000000001000d7a4                cyw43_arch_wifi_connect_timeout_ms
 .text.cyw43_arch_async_context
                0x000000001000d840        0xc CMakeFiles/station.dir/home/vishwas/pico/pico-sdk/src/rp2_common/pico_cyw43_arch/cyw43_arch.c.o
                0x000000001000d840                cyw43_arch_async_context
 .text.cyw43_arch_init
                0x000000001000d84c       0x80 CMakeFiles/station.dir/home/vishwas/pico/pico-sdk/src/rp2_common/pico_cyw43_arch/cyw43_arch_threadsafe_background.c.o
                0x000000001000d84c                cyw43_arch_init
 .text.ns_delay.constprop.0
                0x000000001000d8cc       0x20 CMakeFiles/station.dir/home/vishwas/pico/pico-sdk/src/rp2_common/pico_cyw43_driver/cyw43_bus_pio_spi.c.o
 .text.cyw43_spi_deinit
                0x000000001000d8ec       0x6c CMakeFiles/station.dir/home/vishwas/pico/pico-sdk/src/rp2_common/pico_cyw43_driver/cyw43_bus_pio_spi.c.o
                0x000000001000d8ec                cyw43_spi_deinit
 .text.cyw43_spi_init
                0x000000001000d958      0x12c CMakeFiles/station.dir/home/vishwas/pico/pico-sdk/src/rp2_common/pico_cyw43_driver/cyw43_bus_pio_spi.c.o
                0x000000001000d958                cyw43_spi_init
 .text.cyw43_spi_transfer
                0x000000001000da84      0x410 CMakeFiles/station.dir/home/vishwas/pico/pico-sdk/src/rp2_common/pico_cyw43_driver/cyw43_bus_pio_spi.c.o
                0x000000001000da84                cyw43_spi_transfer
 .text.cyw43_spi_gpio_setup
                0x000000001000de94       0x3c CMakeFiles/station.dir/home/vishwas/pico/pico-sdk/src/rp2_common/pico_cyw43_driver/cyw43_bus_pio_spi.c.o
                0x000000001000de94                cyw43_spi_gpio_setup
 .text.cyw43_spi_reset
                0x000000001000ded0       0x28 CMakeFiles/station.dir/home/vishwas/pico/pico-sdk/src/rp2_common/pico_cyw43_driver/cyw43_bus_pio_spi.c.o
                0x000000001000ded0                cyw43_spi_reset
 .text.read_reg_u32_swap
                0x000000001000def8       0x3c CMakeFiles/station.dir/home/vishwas/pico/pico-sdk/src/rp2_common/pico_cyw43_driver/cyw43_bus_pio_spi.c.o
                0x000000001000def8                read_reg_u32_swap
 .text.cyw43_read_reg_u32
                0x000000001000df34       0x6c CMakeFiles/station.dir/home/vishwas/pico/pico-sdk/src/rp2_common/pico_cyw43_driver/cyw43_bus_pio_spi.c.o
                0x000000001000df34                cyw43_read_reg_u32
 .text.cyw43_read_reg_u16
                0x000000001000dfa0       0x6c CMakeFiles/station.dir/home/vishwas/pico/pico-sdk/src/rp2_common/pico_cyw43_driver/cyw43_bus_pio_spi.c.o
                0x000000001000dfa0                cyw43_read_reg_u16
 .text.cyw43_read_reg_u8
                0x000000001000e00c       0x6c CMakeFiles/station.dir/home/vishwas/pico/pico-sdk/src/rp2_common/pico_cyw43_driver/cyw43_bus_pio_spi.c.o
                0x000000001000e00c                cyw43_read_reg_u8
 .text.write_reg_u32_swap
                0x000000001000e078      0x208 CMakeFiles/station.dir/home/vishwas/pico/pico-sdk/src/rp2_common/pico_cyw43_driver/cyw43_bus_pio_spi.c.o
                0x000000001000e078                write_reg_u32_swap
 .text.cyw43_write_reg_u32
                0x000000001000e280      0x228 CMakeFiles/station.dir/home/vishwas/pico/pico-sdk/src/rp2_common/pico_cyw43_driver/cyw43_bus_pio_spi.c.o
                0x000000001000e280                cyw43_write_reg_u32
 .text.cyw43_write_reg_u16
                0x000000001000e4a8      0x228 CMakeFiles/station.dir/home/vishwas/pico/pico-sdk/src/rp2_common/pico_cyw43_driver/cyw43_bus_pio_spi.c.o
                0x000000001000e4a8                cyw43_write_reg_u16
 .text.cyw43_write_reg_u8
                0x000000001000e6d0      0x228 CMakeFiles/station.dir/home/vishwas/pico/pico-sdk/src/rp2_common/pico_cyw43_driver/cyw43_bus_pio_spi.c.o
                0x000000001000e6d0                cyw43_write_reg_u8
 .text.cyw43_read_bytes
                0x000000001000e8f8       0x78 CMakeFiles/station.dir/home/vishwas/pico/pico-sdk/src/rp2_common/pico_cyw43_driver/cyw43_bus_pio_spi.c.o
                0x000000001000e8f8                cyw43_read_bytes
 .text.cyw43_write_bytes
                0x000000001000e970       0xec CMakeFiles/station.dir/home/vishwas/pico/pico-sdk/src/rp2_common/pico_cyw43_driver/cyw43_bus_pio_spi.c.o
                0x000000001000e970                cyw43_write_bytes
 .text.cyw43_set_backplane_window
                0x000000001000ea5c       0x64 CMakeFiles/station.dir/home/vishwas/pico/pico-sdk/lib/cyw43-driver/src/cyw43_ll.c.o
 .text.cyw43_ll_parse_async_event
                0x000000001000eac0      0x13c CMakeFiles/station.dir/home/vishwas/pico/pico-sdk/lib/cyw43-driver/src/cyw43_ll.c.o
 .text.cyw43_kso_set
                0x000000001000ebfc       0xa0 CMakeFiles/station.dir/home/vishwas/pico/pico-sdk/lib/cyw43-driver/src/cyw43_ll.c.o
 .text.cyw43_ll_sdpcm_poll_device
                0x000000001000ec9c      0x238 CMakeFiles/station.dir/home/vishwas/pico/pico-sdk/lib/cyw43-driver/src/cyw43_ll.c.o
 .text.cyw43_sdpcm_send_common
                0x000000001000eed4       0xf8 CMakeFiles/station.dir/home/vishwas/pico/pico-sdk/lib/cyw43-driver/src/cyw43_ll.c.o
 .text.cyw43_do_ioctl.part.0
                0x000000001000efcc       0xc4 CMakeFiles/station.dir/home/vishwas/pico/pico-sdk/lib/cyw43-driver/src/cyw43_ll.c.o
 .text.cyw43_download_resource
                0x000000001000f090       0xd0 CMakeFiles/station.dir/home/vishwas/pico/pico-sdk/lib/cyw43-driver/src/cyw43_ll.c.o
 .text.cyw43_write_iovar_n
                0x000000001000f160       0x8c CMakeFiles/station.dir/home/vishwas/pico/pico-sdk/lib/cyw43-driver/src/cyw43_ll.c.o
 .text.cyw43_write_iovar_u32
                0x000000001000f1ec       0xa4 CMakeFiles/station.dir/home/vishwas/pico/pico-sdk/lib/cyw43-driver/src/cyw43_ll.c.o
 .text.cyw43_write_iovar_u32_u32.constprop.0
                0x000000001000f290       0xb0 CMakeFiles/station.dir/home/vishwas/pico/pico-sdk/lib/cyw43-driver/src/cyw43_ll.c.o
 .text.cyw43_read_backplane.constprop.0
                0x000000001000f340       0xdc CMakeFiles/station.dir/home/vishwas/pico/pico-sdk/lib/cyw43-driver/src/cyw43_ll.c.o
 .text.cyw43_write_backplane
                0x000000001000f41c      0x104 CMakeFiles/station.dir/home/vishwas/pico/pico-sdk/lib/cyw43-driver/src/cyw43_ll.c.o
 .text.reset_device_core.constprop.0
                0x000000001000f520      0x3f0 CMakeFiles/station.dir/home/vishwas/pico/pico-sdk/lib/cyw43-driver/src/cyw43_ll.c.o
 .text.cyw43_ll_init
                0x000000001000f910       0x1c CMakeFiles/station.dir/home/vishwas/pico/pico-sdk/lib/cyw43-driver/src/cyw43_ll.c.o
                0x000000001000f910                cyw43_ll_init
 .text.cyw43_ll_deinit
                0x000000001000f92c        0x8 CMakeFiles/station.dir/home/vishwas/pico/pico-sdk/lib/cyw43-driver/src/cyw43_ll.c.o
                0x000000001000f92c                cyw43_ll_deinit
 .text.cyw43_ll_send_ethernet
                0x000000001000f934       0x60 CMakeFiles/station.dir/home/vishwas/pico/pico-sdk/lib/cyw43-driver/src/cyw43_ll.c.o
                0x000000001000f934                cyw43_ll_send_ethernet
 .text.cyw43_ll_process_packets
                0x000000001000f994       0x54 CMakeFiles/station.dir/home/vishwas/pico/pico-sdk/lib/cyw43-driver/src/cyw43_ll.c.o
                0x000000001000f994                cyw43_ll_process_packets
 .text.cyw43_ll_ioctl
                0x000000001000f9e8       0x80 CMakeFiles/station.dir/home/vishwas/pico/pico-sdk/lib/cyw43-driver/src/cyw43_ll.c.o
                0x000000001000f9e8                cyw43_ll_ioctl
 .text.cyw43_ll_bus_sleep
                0x000000001000fa68       0x34 CMakeFiles/station.dir/home/vishwas/pico/pico-sdk/lib/cyw43-driver/src/cyw43_ll.c.o
                0x000000001000fa68                cyw43_ll_bus_sleep
 .text.cyw43_ll_wifi_on
                0x000000001000fa9c      0x220 CMakeFiles/station.dir/home/vishwas/pico/pico-sdk/lib/cyw43-driver/src/cyw43_ll.c.o
                0x000000001000fa9c                cyw43_ll_wifi_on
 .text.cyw43_ll_wifi_get_mac
                0x000000001000fcbc       0x74 CMakeFiles/station.dir/home/vishwas/pico/pico-sdk/lib/cyw43-driver/src/cyw43_ll.c.o
                0x000000001000fcbc                cyw43_ll_wifi_get_mac
 .text.cyw43_ll_bus_init
                0x000000001000fd30      0x90c CMakeFiles/station.dir/home/vishwas/pico/pico-sdk/lib/cyw43-driver/src/cyw43_ll.c.o
                0x000000001000fd30                cyw43_ll_bus_init
 .text.cyw43_ll_wifi_pm
                0x000000001001063c      0x138 CMakeFiles/station.dir/home/vishwas/pico/pico-sdk/lib/cyw43-driver/src/cyw43_ll.c.o
                0x000000001001063c                cyw43_ll_wifi_pm
 .text.cyw43_ll_wifi_join
                0x0000000010010774      0x4c4 CMakeFiles/station.dir/home/vishwas/pico/pico-sdk/lib/cyw43-driver/src/cyw43_ll.c.o
                0x0000000010010774                cyw43_ll_wifi_join
 .text.cyw43_ll_wifi_set_wpa_auth
                0x0000000010010c38       0x4c CMakeFiles/station.dir/home/vishwas/pico/pico-sdk/lib/cyw43-driver/src/cyw43_ll.c.o
                0x0000000010010c38                cyw43_ll_wifi_set_wpa_auth
 .text.cyw43_ll_wifi_rejoin
                0x0000000010010c84       0x58 CMakeFiles/station.dir/home/vishwas/pico/pico-sdk/lib/cyw43-driver/src/cyw43_ll.c.o
                0x0000000010010c84                cyw43_ll_wifi_rejoin
 .text.cyw43_ll_wifi_ap_init
                0x0000000010010cdc      0x430 CMakeFiles/station.dir/home/vishwas/pico/pico-sdk/lib/cyw43-driver/src/cyw43_ll.c.o
                0x0000000010010cdc                cyw43_ll_wifi_ap_init
 .text.cyw43_ll_wifi_ap_set_up
                0x000000001001110c       0x80 CMakeFiles/station.dir/home/vishwas/pico/pico-sdk/lib/cyw43-driver/src/cyw43_ll.c.o
                0x000000001001110c                cyw43_ll_wifi_ap_set_up
 .text.cyw43_ll_has_work
                0x000000001001118c       0x14 CMakeFiles/station.dir/home/vishwas/pico/pico-sdk/lib/cyw43-driver/src/cyw43_ll.c.o
                0x000000001001118c                cyw43_ll_has_work
 .text.cyw43_netif_init
                0x00000000100111a0       0x3c CMakeFiles/station.dir/home/vishwas/pico/pico-sdk/lib/cyw43-driver/src/cyw43_lwip.c.o
 .text.cyw43_netif_output
                0x00000000100111dc       0x34 CMakeFiles/station.dir/home/vishwas/pico/pico-sdk/lib/cyw43-driver/src/cyw43_lwip.c.o
 .text.cyw43_cb_tcpip_init
                0x0000000010011210       0xfc CMakeFiles/station.dir/home/vishwas/pico/pico-sdk/lib/cyw43-driver/src/cyw43_lwip.c.o
                0x0000000010011210                cyw43_cb_tcpip_init
 .text.cyw43_cb_tcpip_deinit
                0x000000001001130c       0x4c CMakeFiles/station.dir/home/vishwas/pico/pico-sdk/lib/cyw43-driver/src/cyw43_lwip.c.o
                0x000000001001130c                cyw43_cb_tcpip_deinit
 .text.cyw43_cb_process_ethernet
                0x0000000010011358       0x68 CMakeFiles/station.dir/home/vishwas/pico/pico-sdk/lib/cyw43-driver/src/cyw43_lwip.c.o
                0x0000000010011358                cyw43_cb_process_ethernet
 .text.cyw43_cb_tcpip_set_link_up
                0x00000000100113c0       0x18 CMakeFiles/station.dir/home/vishwas/pico/pico-sdk/lib/cyw43-driver/src/cyw43_lwip.c.o
                0x00000000100113c0                cyw43_cb_tcpip_set_link_up
 .text.cyw43_cb_tcpip_set_link_down
                0x00000000100113d8       0x18 CMakeFiles/station.dir/home/vishwas/pico/pico-sdk/lib/cyw43-driver/src/cyw43_lwip.c.o
                0x00000000100113d8                cyw43_cb_tcpip_set_link_down
 .text.cyw43_tcpip_link_status
                0x00000000100113f0       0x34 CMakeFiles/station.dir/home/vishwas/pico/pico-sdk/lib/cyw43-driver/src/cyw43_lwip.c.o
                0x00000000100113f0                cyw43_tcpip_link_status
 .text.cyw43_poll_func
                0x0000000010011424       0xc0 CMakeFiles/station.dir/home/vishwas/pico/pico-sdk/lib/cyw43-driver/src/cyw43_ctrl.c.o
 .text.cyw43_init
                0x00000000100114e4       0x6c CMakeFiles/station.dir/home/vishwas/pico/pico-sdk/lib/cyw43-driver/src/cyw43_ctrl.c.o
                0x00000000100114e4                cyw43_init
 .text.cyw43_deinit
                0x0000000010011550       0x90 CMakeFiles/station.dir/home/vishwas/pico/pico-sdk/lib/cyw43-driver/src/cyw43_ctrl.c.o
                0x0000000010011550                cyw43_deinit
 .text.cyw43_cb_read_host_interrupt_pin
                0x00000000100115e0        0xc CMakeFiles/station.dir/home/vishwas/pico/pico-sdk/lib/cyw43-driver/src/cyw43_ctrl.c.o
                0x00000000100115e0                cyw43_cb_read_host_interrupt_pin
 .text.cyw43_cb_ensure_awake
                0x00000000100115ec        0xc CMakeFiles/station.dir/home/vishwas/pico/pico-sdk/lib/cyw43-driver/src/cyw43_ctrl.c.o
                0x00000000100115ec                cyw43_cb_ensure_awake
 .text.cyw43_cb_process_async_event
                0x00000000100115f8      0x234 CMakeFiles/station.dir/home/vishwas/pico/pico-sdk/lib/cyw43-driver/src/cyw43_ctrl.c.o
                0x00000000100115f8                cyw43_cb_process_async_event
 .text.cyw43_send_ethernet
                0x000000001001182c       0xc0 CMakeFiles/station.dir/home/vishwas/pico/pico-sdk/lib/cyw43-driver/src/cyw43_ctrl.c.o
                0x000000001001182c                cyw43_send_ethernet
 .text.cyw43_wifi_get_mac
                0x00000000100118ec       0x10 CMakeFiles/station.dir/home/vishwas/pico/pico-sdk/lib/cyw43-driver/src/cyw43_ctrl.c.o
                0x00000000100118ec                cyw43_wifi_get_mac
 .text.cyw43_wifi_set_up
                0x00000000100118fc      0x338 CMakeFiles/station.dir/home/vishwas/pico/pico-sdk/lib/cyw43-driver/src/cyw43_ctrl.c.o
                0x00000000100118fc                cyw43_wifi_set_up
 .text.cyw43_wifi_link_status
                0x0000000010011c34       0x3c CMakeFiles/station.dir/home/vishwas/pico/pico-sdk/lib/cyw43-driver/src/cyw43_ctrl.c.o
                0x0000000010011c34                cyw43_wifi_link_status
 .text.cyw43_wifi_join
                0x0000000010011c70       0xf4 CMakeFiles/station.dir/home/vishwas/pico/pico-sdk/lib/cyw43-driver/src/cyw43_ctrl.c.o
                0x0000000010011c70                cyw43_wifi_join
 .text.pio_sm_set_pindirs_with_mask64
                0x0000000010011d64       0xa4 CMakeFiles/station.dir/home/vishwas/pico/pico-sdk/src/rp2_common/hardware_pio/pio.c.o
                0x0000000010011d64                pio_sm_set_pindirs_with_mask64
 .text.pio_sm_set_consecutive_pindirs
                0x0000000010011e08       0xbc CMakeFiles/station.dir/home/vishwas/pico/pico-sdk/src/rp2_common/hardware_pio/pio.c.o
                0x0000000010011e08                pio_sm_set_consecutive_pindirs
 .text.pio_claim_free_sm_and_add_program_for_gpio_range
                0x0000000010011ec4      0x190 CMakeFiles/station.dir/home/vishwas/pico/pico-sdk/src/rp2_common/hardware_pio/pio.c.o
                0x0000000010011ec4                pio_claim_free_sm_and_add_program_for_gpio_range
 .text.pio_remove_program_and_unclaim_sm
                0x0000000010012054       0x40 CMakeFiles/station.dir/home/vishwas/pico/pico-sdk/src/rp2_common/hardware_pio/pio.c.o
                0x0000000010012054                pio_remove_program_and_unclaim_sm
 .text.dma_channel_unclaim
                0x0000000010012094       0x10 CMakeFiles/station.dir/home/vishwas/pico/pico-sdk/src/rp2_common/hardware_dma/dma.c.o
                0x0000000010012094                dma_channel_unclaim
 .text.dma_claim_unused_channel
                0x00000000100120a4       0x20 CMakeFiles/station.dir/home/vishwas/pico/pico-sdk/src/rp2_common/hardware_dma/dma.c.o
                0x00000000100120a4                dma_claim_unused_channel
 .text.dma_channel_cleanup
                0x00000000100120c4       0x64 CMakeFiles/station.dir/home/vishwas/pico/pico-sdk/src/rp2_common/hardware_dma/dma.c.o
                0x00000000100120c4                dma_channel_cleanup
 .text.cyw43_sleep_timeout_reached
                0x0000000010012128       0x10 CMakeFiles/station.dir/home/vishwas/pico/pico-sdk/src/rp2_common/pico_cyw43_driver/cyw43_driver.c.o
 .text.cyw43_irq_init
                0x0000000010012138       0x28 CMakeFiles/station.dir/home/vishwas/pico/pico-sdk/src/rp2_common/pico_cyw43_driver/cyw43_driver.c.o
                0x0000000010012138                cyw43_irq_init
 .text.cyw43_irq_deinit
                0x0000000010012160       0x20 CMakeFiles/station.dir/home/vishwas/pico/pico-sdk/src/rp2_common/pico_cyw43_driver/cyw43_driver.c.o
                0x0000000010012160                cyw43_irq_deinit
 .text.cyw43_gpio_irq_handler
                0x0000000010012180       0x44 CMakeFiles/station.dir/home/vishwas/pico/pico-sdk/src/rp2_common/pico_cyw43_driver/cyw43_driver.c.o
 .text.cyw43_do_poll
                0x00000000100121c4       0x6c CMakeFiles/station.dir/home/vishwas/pico/pico-sdk/src/rp2_common/pico_cyw43_driver/cyw43_driver.c.o
 .text.cyw43_post_poll_hook
                0x0000000010012230       0x10 CMakeFiles/station.dir/home/vishwas/pico/pico-sdk/src/rp2_common/pico_cyw43_driver/cyw43_driver.c.o
                0x0000000010012230                cyw43_post_poll_hook
 .text.cyw43_schedule_internal_poll_dispatch
                0x0000000010012240       0x18 CMakeFiles/station.dir/home/vishwas/pico/pico-sdk/src/rp2_common/pico_cyw43_driver/cyw43_driver.c.o
                0x0000000010012240                cyw43_schedule_internal_poll_dispatch
 .text.cyw43_driver_init
                0x0000000010012258       0x38 CMakeFiles/station.dir/home/vishwas/pico/pico-sdk/src/rp2_common/pico_cyw43_driver/cyw43_driver.c.o
                0x0000000010012258                cyw43_driver_init
 .text.cyw43_driver_deinit
                0x0000000010012290       0x44 CMakeFiles/station.dir/home/vishwas/pico/pico-sdk/src/rp2_common/pico_cyw43_driver/cyw43_driver.c.o
                0x0000000010012290                cyw43_driver_deinit
 .text.cyw43_hal_generate_laa_mac
                0x00000000100122d4       0x28 CMakeFiles/station.dir/home/vishwas/pico/pico-sdk/src/rp2_common/pico_cyw43_driver/cyw43_driver.c.o
                0x00000000100122d4                cyw43_hal_generate_laa_mac
 .text.cyw43_hal_get_mac
                0x00000000100122fc       0x1c CMakeFiles/station.dir/home/vishwas/pico/pico-sdk/src/rp2_common/pico_cyw43_driver/cyw43_driver.c.o
                0x00000000100122fc                cyw43_hal_get_mac
 .text.cyw43_thread_enter
                0x0000000010012318       0x14 CMakeFiles/station.dir/home/vishwas/pico/pico-sdk/src/rp2_common/pico_cyw43_driver/cyw43_driver.c.o
                0x0000000010012318                cyw43_thread_enter
 .text.cyw43_thread_exit
                0x000000001001232c       0x14 CMakeFiles/station.dir/home/vishwas/pico/pico-sdk/src/rp2_common/pico_cyw43_driver/cyw43_driver.c.o
                0x000000001001232c                cyw43_thread_exit
 .text.cyw43_await_background_or_timeout_us
                0x0000000010012340       0x60 CMakeFiles/station.dir/home/vishwas/pico/pico-sdk/src/rp2_common/pico_cyw43_driver/cyw43_driver.c.o
                0x0000000010012340                cyw43_await_background_or_timeout_us
 .text.cyw43_delay_ms
                0x00000000100123a0       0x44 CMakeFiles/station.dir/home/vishwas/pico/pico-sdk/src/rp2_common/pico_cyw43_driver/cyw43_driver.c.o
                0x00000000100123a0                cyw43_delay_ms
 .text.cyw43_delay_us
                0x00000000100123e4       0x34 CMakeFiles/station.dir/home/vishwas/pico/pico-sdk/src/rp2_common/pico_cyw43_driver/cyw43_driver.c.o
                0x00000000100123e4                cyw43_delay_us
 .text.async_context_threadsafe_background_acquire_lock_blocking
                0x0000000010012418        0xc CMakeFiles/station.dir/home/vishwas/pico/pico-sdk/src/rp2_common/pico_async_context/async_context_threadsafe_background.c.o
 .text.alarm_handler
                0x0000000010012424       0x20 CMakeFiles/station.dir/home/vishwas/pico/pico-sdk/src/rp2_common/pico_async_context/async_context_threadsafe_background.c.o
 .text.async_context_threadsafe_background_set_work_pending
                0x0000000010012444       0x1c CMakeFiles/station.dir/home/vishwas/pico/pico-sdk/src/rp2_common/pico_async_context/async_context_threadsafe_background.c.o
 .text.process_under_lock
                0x0000000010012460       0xc8 CMakeFiles/station.dir/home/vishwas/pico/pico-sdk/src/rp2_common/pico_async_context/async_context_threadsafe_background.c.o
 .text.async_context_threadsafe_background_execute_sync
                0x0000000010012528       0x30 CMakeFiles/station.dir/home/vishwas/pico/pico-sdk/src/rp2_common/pico_async_context/async_context_threadsafe_background.c.o
                0x0000000010012528                async_context_threadsafe_background_execute_sync
 .text.async_context_threadsafe_background_deinit
                0x0000000010012558       0x54 CMakeFiles/station.dir/home/vishwas/pico/pico-sdk/src/rp2_common/pico_async_context/async_context_threadsafe_background.c.o
 .text.low_priority_irq_handler
                0x00000000100125ac       0x3c CMakeFiles/station.dir/home/vishwas/pico/pico-sdk/src/rp2_common/pico_async_context/async_context_threadsafe_background.c.o
 .text.async_context_threadsafe_background_wait_for_work_until
                0x00000000100125e8        0xc CMakeFiles/station.dir/home/vishwas/pico/pico-sdk/src/rp2_common/pico_async_context/async_context_threadsafe_background.c.o
 .text.async_context_threadsafe_background_wait_until
                0x00000000100125f4       0x1c CMakeFiles/station.dir/home/vishwas/pico/pico-sdk/src/rp2_common/pico_async_context/async_context_threadsafe_background.c.o
 .text.async_context_threadsafe_background_lock_check
                0x0000000010012610       0x28 CMakeFiles/station.dir/home/vishwas/pico/pico-sdk/src/rp2_common/pico_async_context/async_context_threadsafe_background.c.o
 .text.async_context_threadsafe_background_release_lock
                0x0000000010012638       0x1c CMakeFiles/station.dir/home/vishwas/pico/pico-sdk/src/rp2_common/pico_async_context/async_context_threadsafe_background.c.o
 .text.async_context_threadsafe_background_when_pending_worker
                0x0000000010012654       0x34 CMakeFiles/station.dir/home/vishwas/pico/pico-sdk/src/rp2_common/pico_async_context/async_context_threadsafe_background.c.o
 .text.async_context_threadsafe_background_remove_at_time_worker
                0x0000000010012688       0x34 CMakeFiles/station.dir/home/vishwas/pico/pico-sdk/src/rp2_common/pico_async_context/async_context_threadsafe_background.c.o
 .text.async_context_threadsafe_background_add_when_pending_worker
                0x00000000100126bc       0x34 CMakeFiles/station.dir/home/vishwas/pico/pico-sdk/src/rp2_common/pico_async_context/async_context_threadsafe_background.c.o
 .text.async_context_threadsafe_background_add_at_time_worker
                0x00000000100126f0       0x34 CMakeFiles/station.dir/home/vishwas/pico/pico-sdk/src/rp2_common/pico_async_context/async_context_threadsafe_background.c.o
 .text.async_context_threadsafe_background_default_config
                0x0000000010012724        0xc CMakeFiles/station.dir/home/vishwas/pico/pico-sdk/src/rp2_common/pico_async_context/async_context_threadsafe_background.c.o
                0x0000000010012724                async_context_threadsafe_background_default_config
 .text.async_context_threadsafe_background_init
                0x0000000010012730       0x8c CMakeFiles/station.dir/home/vishwas/pico/pico-sdk/src/rp2_common/pico_async_context/async_context_threadsafe_background.c.o
                0x0000000010012730                async_context_threadsafe_background_init
 .text.first_per_core_initializer
                0x00000000100127bc        0x4 CMakeFiles/station.dir/home/vishwas/pico/pico-sdk/src/rp2_common/pico_runtime/runtime.c.o
 .text.hard_assertion_failure
                0x00000000100127c0        0xc CMakeFiles/station.dir/home/vishwas/pico/pico-sdk/src/rp2_common/pico_runtime/runtime.c.o
                0x00000000100127c0                hard_assertion_failure
 .text.runtime_run_initializers
                0x00000000100127cc       0x28 CMakeFiles/station.dir/home/vishwas/pico/pico-sdk/src/rp2_common/pico_runtime/runtime.c.o
                0x00000000100127cc                runtime_run_initializers
 .text.runtime_init_early_resets
                0x00000000100127f4       0x2c CMakeFiles/station.dir/home/vishwas/pico/pico-sdk/src/rp2_common/pico_runtime_init/runtime_init.c.o
                0x00000000100127f4                runtime_init_early_resets
 .text.runtime_init_usb_power_down
                0x0000000010012820       0x1c CMakeFiles/station.dir/home/vishwas/pico/pico-sdk/src/rp2_common/pico_runtime_init/runtime_init.c.o
                0x0000000010012820                runtime_init_usb_power_down
 .text.runtime_init_post_clock_resets
                0x000000001001283c       0x20 CMakeFiles/station.dir/home/vishwas/pico/pico-sdk/src/rp2_common/pico_runtime_init/runtime_init.c.o
                0x000000001001283c                runtime_init_post_clock_resets
 .text.runtime_init_rp2040_gpio_ie_disable
                0x000000001001285c       0x14 CMakeFiles/station.dir/home/vishwas/pico/pico-sdk/src/rp2_common/pico_runtime_init/runtime_init.c.o
                0x000000001001285c                runtime_init_rp2040_gpio_ie_disable
 .text.runtime_init_spin_locks_reset
                0x0000000010012870        0x8 CMakeFiles/station.dir/home/vishwas/pico/pico-sdk/src/rp2_common/pico_runtime_init/runtime_init.c.o
                0x0000000010012870                runtime_init_spin_locks_reset
 .text.runtime_init_install_ram_vector_table
                0x0000000010012878       0x1c CMakeFiles/station.dir/home/vishwas/pico/pico-sdk/src/rp2_common/pico_runtime_init/runtime_init.c.o
                0x0000000010012878                runtime_init_install_ram_vector_table
 .text.runtime_init_clocks
                0x0000000010012894       0xd8 CMakeFiles/station.dir/home/vishwas/pico/pico-sdk/src/rp2_common/pico_runtime_init/runtime_init_clocks.c.o
                0x0000000010012894                runtime_init_clocks
 .text          0x000000001001296c       0x10 CMakeFiles/station.dir/home/vishwas/pico/pico-sdk/src/rp2_common/pico_bit_ops/bit_ops_aeabi.S.o
 .text.ctzsi    0x000000001001297c        0xc CMakeFiles/station.dir/home/vishwas/pico/pico-sdk/src/rp2_common/pico_bit_ops/bit_ops_aeabi.S.o
                0x000000001001297c                __wrap___ctzsi2
 .text.__wrap___aeabi_idiv
                0x0000000010012988       0x50 CMakeFiles/station.dir/home/vishwas/pico/pico-sdk/src/rp2_common/pico_divider/divider_hardware.S.o
                0x0000000010012988                __wrap___aeabi_idivmod
                0x0000000010012988                divmod_s32s32
                0x0000000010012988                div_s32s32
                0x0000000010012988                __wrap___aeabi_idiv
                0x0000000010012990                divmod_s32s32_unsafe
                0x00000000100129bc                divmod_s32s32_savestate
 .text.__wrap___aeabi_uidiv
                0x00000000100129d8       0x4c CMakeFiles/station.dir/home/vishwas/pico/pico-sdk/src/rp2_common/pico_divider/divider_hardware.S.o
                0x00000000100129d8                __wrap___aeabi_uidiv
                0x00000000100129d8                __wrap___aeabi_uidivmod
                0x00000000100129d8                div_u32u32
                0x00000000100129d8                divmod_u32u32
                0x00000000100129e0                divmod_u32u32_unsafe
                0x0000000010012a08                divmod_u32u32_savestate
 .text.__wrap___aeabi_ldiv
                0x0000000010012a24      0x424 CMakeFiles/station.dir/home/vishwas/pico/pico-sdk/src/rp2_common/pico_divider/divider_hardware.S.o
                0x0000000010012a24                div_s64s64
                0x0000000010012a24                divmod_s64s64
                0x0000000010012a24                __wrap___aeabi_ldivmod
                0x0000000010012a54                div_u64u64
                0x0000000010012a54                divmod_u64u64
                0x0000000010012a54                __wrap___aeabi_uldivmod
                0x0000000010012a64                divmod_u64u64_savestate
                0x0000000010012a84                divmod_s64s64_unsafe
                0x0000000010012b0c                divmod_u64u64_unsafe
 .text.__wrap___aeabi_darithmetic
                0x0000000010012e48       0x60 CMakeFiles/station.dir/home/vishwas/pico/pico-sdk/src/rp2_common/pico_double/double_aeabi_rp2040.S.o
                0x0000000010012e48                __wrap___aeabi_drsub
                0x0000000010012e4e                __wrap___aeabi_dsub
                0x0000000010012e58                __wrap___aeabi_dadd
                0x0000000010012e62                __wrap___aeabi_ddiv
                0x0000000010012e96                __wrap___aeabi_dmul
 .text.__wrap___aeabi_cdcmple
                0x0000000010012ea8       0x6c CMakeFiles/station.dir/home/vishwas/pico/pico-sdk/src/rp2_common/pico_double/double_aeabi_rp2040.S.o
                0x0000000010012ea8                __wrap___aeabi_cdrcmple
                0x0000000010012eb8                __wrap___aeabi_cdcmple
                0x0000000010012eb8                __wrap___aeabi_cdcmpeq
 .text.__wrap___aeabi_dcmplt
                0x0000000010012f14        0xc CMakeFiles/station.dir/home/vishwas/pico/pico-sdk/src/rp2_common/pico_double/double_aeabi_rp2040.S.o
                0x0000000010012f14                __wrap___aeabi_dcmplt
 .text.__wrap___aeabi_dcmple
                0x0000000010012f20       0x10 CMakeFiles/station.dir/home/vishwas/pico/pico-sdk/src/rp2_common/pico_double/double_aeabi_rp2040.S.o
                0x0000000010012f20                __wrap___aeabi_dcmple
 .text.__wrap___aeabi_dcmpge
                0x0000000010012f30       0x10 CMakeFiles/station.dir/home/vishwas/pico/pico-sdk/src/rp2_common/pico_double/double_aeabi_rp2040.S.o
                0x0000000010012f30                __wrap___aeabi_dcmpge
 .text.__wrap___aeabi_dcmpgt
                0x0000000010012f40        0xa CMakeFiles/station.dir/home/vishwas/pico/pico-sdk/src/rp2_common/pico_double/double_aeabi_rp2040.S.o
                0x0000000010012f40                __wrap___aeabi_dcmpgt
 .text.__wrap___aeabi_dcmpun
                0x0000000010012f4a       0x18 CMakeFiles/station.dir/home/vishwas/pico/pico-sdk/src/rp2_common/pico_double/double_aeabi_rp2040.S.o
                0x0000000010012f4a                __wrap___aeabi_dcmpun
 *fill*         0x0000000010012f62        0x2 
 .text.__wrap___aeabi_i2d
                0x0000000010012f64       0x38 CMakeFiles/station.dir/home/vishwas/pico/pico-sdk/src/rp2_common/pico_double/double_aeabi_rp2040.S.o
                0x0000000010012f64                __wrap___aeabi_ui2d
                0x0000000010012f64                uint2double
                0x0000000010012f6c                __wrap___aeabi_i2d
                0x0000000010012f6c                int2double
 .text.__wrap___aeabi_d2iz
                0x0000000010012f9c       0x48 CMakeFiles/station.dir/home/vishwas/pico/pico-sdk/src/rp2_common/pico_double/double_aeabi_rp2040.S.o
                0x0000000010012f9c                __wrap___aeabi_d2iz
                0x0000000010012f9c                double2int_z
 .text.__wrap___aeabi_d2uiz
                0x0000000010012fe4       0x10 CMakeFiles/station.dir/home/vishwas/pico/pico-sdk/src/rp2_common/pico_double/double_aeabi_rp2040.S.o
                0x0000000010012fe4                double2uint_z
                0x0000000010012fe4                double2uint
                0x0000000010012fe4                __wrap___aeabi_d2uiz
 .text.missing_double_func_shim
                0x0000000010012ff4        0xc CMakeFiles/station.dir/home/vishwas/pico/pico-sdk/src/rp2_common/pico_double/double_init_rom_rp2040.c.o
 .text.__aeabi_double_init
                0x0000000010013000       0xa4 CMakeFiles/station.dir/home/vishwas/pico/pico-sdk/src/rp2_common/pico_double/double_init_rom_rp2040.c.o
                0x0000000010013000                __aeabi_double_init
 .text.double_table_shim_on_use_helper
                0x00000000100130a4       0x2c CMakeFiles/station.dir/home/vishwas/pico/pico-sdk/src/rp2_common/pico_double/double_v1_rom_shim_rp2040.S.o
                0x00000000100130a4                double_table_shim_on_use_helper
 .text.__aeabi_lmul
                0x00000000100130d0       0x32 CMakeFiles/station.dir/home/vishwas/pico/pico-sdk/src/rp2_common/pico_int64_ops/pico_int64_ops_aeabi.S.o
                0x00000000100130d0                __wrap___aeabi_lmul
 *fill*         0x0000000010013102        0x2 
 .text.missing_float_func_shim
                0x0000000010013104        0xc CMakeFiles/station.dir/home/vishwas/pico/pico-sdk/src/rp2_common/pico_float/float_init_rom_rp2040.c.o
 .text.__aeabi_float_init
                0x0000000010013110       0x5c CMakeFiles/station.dir/home/vishwas/pico/pico-sdk/src/rp2_common/pico_float/float_init_rom_rp2040.c.o
                0x0000000010013110                __aeabi_float_init
 .text          0x000000001001316c       0x10 CMakeFiles/station.dir/home/vishwas/pico/pico-sdk/src/rp2_common/pico_mem_ops/mem_ops_aeabi.S.o
                0x000000001001316c                __aeabi_mem_init
 .text.memset   0x000000001001317c        0xc CMakeFiles/station.dir/home/vishwas/pico/pico-sdk/src/rp2_common/pico_mem_ops/mem_ops_aeabi.S.o
                0x000000001001317c                __wrap_memset
 .text.memcpy   0x0000000010013188        0xc CMakeFiles/station.dir/home/vishwas/pico/pico-sdk/src/rp2_common/pico_mem_ops/mem_ops_aeabi.S.o
                0x0000000010013188                __wrap___aeabi_memcpy
                0x0000000010013188                __wrap_memcpy
 .text._out_null
                0x0000000010013194        0x4 CMakeFiles/station.dir/home/vishwas/pico/pico-sdk/src/rp2_common/pico_printf/printf.c.o
 .text._out_rev
                0x0000000010013198       0x9c CMakeFiles/station.dir/home/vishwas/pico/pico-sdk/src/rp2_common/pico_printf/printf.c.o
 .text._ntoa_format
                0x0000000010013234      0x1cc CMakeFiles/station.dir/home/vishwas/pico/pico-sdk/src/rp2_common/pico_printf/printf.c.o
 .text._out_char
                0x0000000010013400       0x10 CMakeFiles/station.dir/home/vishwas/pico/pico-sdk/src/rp2_common/pico_printf/printf.c.o
 .text._out_fct
                0x0000000010013410       0x10 CMakeFiles/station.dir/home/vishwas/pico/pico-sdk/src/rp2_common/pico_printf/printf.c.o
 .text._etoa    0x0000000010013420      0x44c CMakeFiles/station.dir/home/vishwas/pico/pico-sdk/src/rp2_common/pico_printf/printf.c.o
 .text._ftoa    0x000000001001386c      0x398 CMakeFiles/station.dir/home/vishwas/pico/pico-sdk/src/rp2_common/pico_printf/printf.c.o
 .text._vsnprintf
                0x0000000010013c04      0xb04 CMakeFiles/station.dir/home/vishwas/pico/pico-sdk/src/rp2_common/pico_printf/printf.c.o
 .text.vfctprintf
                0x0000000010014708       0x20 CMakeFiles/station.dir/home/vishwas/pico/pico-sdk/src/rp2_common/pico_printf/printf.c.o
                0x0000000010014708                vfctprintf
 .text.weak_raw_vprintf
                0x0000000010014728       0x30 CMakeFiles/station.dir/home/vishwas/pico/pico-sdk/src/rp2_common/pico_printf/printf.c.o
                0x0000000010014728                weak_raw_vprintf
 .text._exit    0x0000000010014758        0x4 CMakeFiles/station.dir/home/vishwas/pico/pico-sdk/src/rp2_common/pico_clib_interface/newlib_interface.c.o
                0x0000000010014758                _exit
 .text.exit     0x000000001001475c        0x8 CMakeFiles/station.dir/home/vishwas/pico/pico-sdk/src/rp2_common/pico_clib_interface/newlib_interface.c.o
                0x000000001001475c                exit
 .text.runtime_init
                0x0000000010014764       0x2c CMakeFiles/station.dir/home/vishwas/pico/pico-sdk/src/rp2_common/pico_clib_interface/newlib_interface.c.o
                0x0000000010014764                runtime_init
 .text.stdio_out_chars_no_crlf
                0x0000000010014790       0x10 CMakeFiles/station.dir/home/vishwas/pico/pico-sdk/src/rp2_common/pico_stdio/stdio.c.o
 .text.stdio_out_chars_crlf
                0x00000000100147a0       0xb4 CMakeFiles/station.dir/home/vishwas/pico/pico-sdk/src/rp2_common/pico_stdio/stdio.c.o
 .text.stdio_buffered_printer
                0x0000000010014854       0x64 CMakeFiles/station.dir/home/vishwas/pico/pico-sdk/src/rp2_common/pico_stdio/stdio.c.o
 .text.stdio_put_string
                0x00000000100148b8      0x100 CMakeFiles/station.dir/home/vishwas/pico/pico-sdk/src/rp2_common/pico_stdio/stdio.c.o
                0x00000000100148b8                stdio_put_string
 .text.stdio_set_driver_enabled
                0x00000000100149b8       0x30 CMakeFiles/station.dir/home/vishwas/pico/pico-sdk/src/rp2_common/pico_stdio/stdio.c.o
                0x00000000100149b8                stdio_set_driver_enabled
 .text.stdio_init_all
                0x00000000100149e8        0x8 CMakeFiles/station.dir/home/vishwas/pico/pico-sdk/src/rp2_common/pico_stdio/stdio.c.o
                0x00000000100149e8                stdio_init_all
 .text.__wrap_putchar
                0x00000000100149f0       0x98 CMakeFiles/station.dir/home/vishwas/pico/pico-sdk/src/rp2_common/pico_stdio/stdio.c.o
                0x00000000100149f0                stdio_putchar
                0x00000000100149f0                __wrap_putchar
 .text.__wrap_puts
                0x0000000010014a88       0x3c CMakeFiles/station.dir/home/vishwas/pico/pico-sdk/src/rp2_common/pico_stdio/stdio.c.o
                0x0000000010014a88                __wrap_puts
                0x0000000010014a88                stdio_puts
 .text.__wrap_vprintf
                0x0000000010014ac4       0xd8 CMakeFiles/station.dir/home/vishwas/pico/pico-sdk/src/rp2_common/pico_stdio/stdio.c.o
                0x0000000010014ac4                __wrap_vprintf
                0x0000000010014ac4                stdio_vprintf
 .text.__wrap_printf