Archive member included to satisfy reference by file (symbol)

/usr/lib/gcc/arm-none-eabi/10.3.1/thumb/v6-m/nofp/libgcc.a(_dvmd_tls.o)
                              CMakeFiles/ap_poll.dir/home/vishwas/pico/pico-sdk/src/rp2_common/pico_divider/divider_hardware.S.o (__aeabi_idiv0)
/usr/lib/gcc/arm-none-eabi/10.3.1/../../../arm-none-eabi/lib/thumb/v6-m/nofp/libg.a(lib_a-atexit.o)
                              /usr/lib/gcc/arm-none-eabi/10.3.1/../../../arm-none-eabi/lib/thumb/v6-m/nofp/crt0.o (atexit)
/usr/lib/gcc/arm-none-eabi/10.3.1/../../../arm-none-eabi/lib/thumb/v6-m/nofp/libg.a(lib_a-atoi.o)
                              CMakeFiles/ap_poll.dir/home/vishwas/pico/pico-sdk/lib/lwip/src/core/netif.c.o (atoi)
/usr/lib/gcc/arm-none-eabi/10.3.1/../../../arm-none-eabi/lib/thumb/v6-m/nofp/libg.a(lib_a-calloc.o)
                              CMakeFiles/ap_poll.dir/home/vishwas/pico/pico-sdk/src/rp2_common/pico_malloc/malloc.c.o (calloc)
/usr/lib/gcc/arm-none-eabi/10.3.1/../../../arm-none-eabi/lib/thumb/v6-m/nofp/libg.a(lib_a-callocr.o)
                              /usr/lib/gcc/arm-none-eabi/10.3.1/../../../arm-none-eabi/lib/thumb/v6-m/nofp/libg.a(lib_a-calloc.o) (_calloc_r)
/usr/lib/gcc/arm-none-eabi/10.3.1/../../../arm-none-eabi/lib/thumb/v6-m/nofp/libg.a(lib_a-ctype_.o)
                              CMakeFiles/ap_poll.dir/home/vishwas/pico/pico-sdk/lib/lwip/src/core/dns.c.o (_ctype_)
/usr/lib/gcc/arm-none-eabi/10.3.1/../../../arm-none-eabi/lib/thumb/v6-m/nofp/libg.a(lib_a-fini.o)
                              /usr/lib/gcc/arm-none-eabi/10.3.1/../../../arm-none-eabi/lib/thumb/v6-m/nofp/crt0.o (__libc_fini_array)
/usr/lib/gcc/arm-none-eabi/10.3.1/../../../arm-none-eabi/lib/thumb/v6-m/nofp/libg.a(lib_a-impure.o)
                              /usr/lib/gcc/arm-none-eabi/10.3.1/../../../arm-none-eabi/lib/thumb/v6-m/nofp/libg.a(lib_a-calloc.o) (_impure_ptr)
/usr/lib/gcc/arm-none-eabi/10.3.1/../../../arm-none-eabi/lib/thumb/v6-m/nofp/libg.a(lib_a-init.o)
                              /usr/lib/gcc/arm-none-eabi/10.3.1/../../../arm-none-eabi/lib/thumb/v6-m/nofp/crt0.o (__libc_init_array)
/usr/lib/gcc/arm-none-eabi/10.3.1/../../../arm-none-eabi/lib/thumb/v6-m/nofp/libg.a(lib_a-lcltime_r.o)
                              CMakeFiles/ap_poll.dir/home/vishwas/pico/pico-sdk/src/common/pico_util/datetime.c.o (localtime_r)
/usr/lib/gcc/arm-none-eabi/10.3.1/../../../arm-none-eabi/lib/thumb/v6-m/nofp/libg.a(lib_a-malloc.o)
                              CMakeFiles/ap_poll.dir/home/vishwas/pico/pico-sdk/src/rp2_common/pico_malloc/malloc.c.o (malloc)
/usr/lib/gcc/arm-none-eabi/10.3.1/../../../arm-none-eabi/lib/thumb/v6-m/nofp/libg.a(lib_a-mallocr.o)
                              /usr/lib/gcc/arm-none-eabi/10.3.1/../../../arm-none-eabi/lib/thumb/v6-m/nofp/libg.a(lib_a-callocr.o) (_malloc_r)
/usr/lib/gcc/arm-none-eabi/10.3.1/../../../arm-none-eabi/lib/thumb/v6-m/nofp/libg.a(lib_a-memcmp.o)
                              CMakeFiles/ap_poll.dir/dhcpserver/dhcpserver.c.o (memcmp)
/usr/lib/gcc/arm-none-eabi/10.3.1/../../../arm-none-eabi/lib/thumb/v6-m/nofp/libg.a(lib_a-memmove.o)
                              CMakeFiles/ap_poll.dir/home/vishwas/pico/pico-sdk/lib/lwip/src/core/def.c.o (memmove)
/usr/lib/gcc/arm-none-eabi/10.3.1/../../../arm-none-eabi/lib/thumb/v6-m/nofp/libg.a(lib_a-mktime.o)
                              CMakeFiles/ap_poll.dir/home/vishwas/pico/pico-sdk/src/common/pico_util/datetime.c.o (mktime)
/usr/lib/gcc/arm-none-eabi/10.3.1/../../../arm-none-eabi/lib/thumb/v6-m/nofp/libg.a(lib_a-mlock.o)
                              /usr/lib/gcc/arm-none-eabi/10.3.1/../../../arm-none-eabi/lib/thumb/v6-m/nofp/libg.a(lib_a-mallocr.o) (__malloc_lock)
/usr/lib/gcc/arm-none-eabi/10.3.1/../../../arm-none-eabi/lib/thumb/v6-m/nofp/libg.a(lib_a-month_lengths.o)
                              /usr/lib/gcc/arm-none-eabi/10.3.1/../../../arm-none-eabi/lib/thumb/v6-m/nofp/libg.a(lib_a-lcltime_r.o) (__month_lengths)
/usr/lib/gcc/arm-none-eabi/10.3.1/../../../arm-none-eabi/lib/thumb/v6-m/nofp/libg.a(lib_a-realloc.o)
                              CMakeFiles/ap_poll.dir/home/vishwas/pico/pico-sdk/src/rp2_common/pico_malloc/malloc.c.o (realloc)
/usr/lib/gcc/arm-none-eabi/10.3.1/../../../arm-none-eabi/lib/thumb/v6-m/nofp/libg.a(lib_a-reallocr.o)
                              /usr/lib/gcc/arm-none-eabi/10.3.1/../../../arm-none-eabi/lib/thumb/v6-m/nofp/libg.a(lib_a-realloc.o) (_realloc_r)
/usr/lib/gcc/arm-none-eabi/10.3.1/../../../arm-none-eabi/lib/thumb/v6-m/nofp/libg.a(lib_a-sbrkr.o)
                              /usr/lib/gcc/arm-none-eabi/10.3.1/../../../arm-none-eabi/lib/thumb/v6-m/nofp/libg.a(lib_a-mallocr.o) (_sbrk_r)
/usr/lib/gcc/arm-none-eabi/10.3.1/../../../arm-none-eabi/lib/thumb/v6-m/nofp/libg.a(lib_a-strlen-stub.o)
                              CMakeFiles/ap_poll.dir/home/vishwas/pico/pico-sdk/lib/lwip/src/core/def.c.o (strlen)
/usr/lib/gcc/arm-none-eabi/10.3.1/../../../arm-none-eabi/lib/thumb/v6-m/nofp/libg.a(lib_a-strncmp.o)
[...]
Memory Configuration

Name             Origin             Length             Attributes
FLASH            0x0000000010000000 0x0000000000200000 xr
RAM              0x0000000020000000 0x0000000000040000 xrw
SCRATCH_X        0x0000000020040000 0x0000000000001000 xrw
SCRATCH_Y        0x0000000020041000 0x0000000000001000 xrw
*default*        0x0000000000000000 0xffffffffffffffff

Linker script and memory map

LOAD /usr/lib/gcc/arm-none-eabi/10.3.1/thumb/v6-m/nofp/crti.o
LOAD /usr/lib/gcc/arm-none-eabi/10.3.1/thumb/v6-m/nofp/crtbegin.o
LOAD /usr/lib/gcc/arm-none-eabi/10.3.1/../../../arm-none-eabi/lib/thumb/v6-m/nofp/crt0.o

.flash_begin    0x0000000010000000        0x0
                0x0000000010000000                __flash_binary_start = .

.boot2          0x0000000010000000      0x100
                0x0000000010000000                __boot2_start__ = .
 *(.boot2)
 .boot2         0x0000000010000000      0x100 pico-sdk/src/rp2040/boot_stage2/CMakeFiles/bs2_default_library.dir/bs2_default_padded_checksummed.S.o
                0x0000000010000100                __boot2_end__ = .
                0x0000000000000001                ASSERT (((__boot2_end__ - __boot2_start__) == 0x100), ERROR: Pico second stage bootloader must be 256 bytes in size)

.text           0x0000000010000100    0x15014
                0x0000000010000100                __logical_binary_start = .
 *(.vectors)
 .vectors       0x0000000010000100       0xd4 CMakeFiles/ap_poll.dir/home/vishwas/pico/pico-sdk/src/rp2_common/pico_crt0/crt0.S.o
                0x0000000010000100                __vectors
                0x0000000010000100                __VECTOR_TABLE
                0x00000000100001c0                isr_invalid
                0x00000000100001c0                __default_isrs_start
                0x00000000100001c2                isr_nmi
                0x00000000100001c4                isr_hardfault
                0x00000000100001c6                isr_svcall
                0x00000000100001c8                isr_pendsv
                0x00000000100001ca                isr_systick
                0x00000000100001cc                isr_irq30
                0x00000000100001cc                __unhandled_user_irq
                0x00000000100001cc                isr_irq13
                0x00000000100001cc                isr_irq27
                0x00000000100001cc                isr_irq31
                0x00000000100001cc                isr_irq5
                0x00000000100001cc                isr_irq11
                0x00000000100001cc                isr_irq23
                0x00000000100001cc                isr_irq18
                0x00000000100001cc                isr_irq28
                0x00000000100001cc                isr_irq19
                0x00000000100001cc                isr_irq0
                0x00000000100001cc                isr_irq6
                0x00000000100001cc                isr_irq22
                0x00000000100001cc                isr_irq17
                0x00000000100001cc                isr_irq14
                0x00000000100001cc                isr_irq2
                0x00000000100001cc                isr_irq10
                0x00000000100001cc                isr_irq8
                0x00000000100001cc                isr_irq24
                0x00000000100001cc                isr_irq1
                0x00000000100001cc                isr_irq7
                0x00000000100001cc                isr_irq21
                0x00000000100001cc                isr_irq20
                0x00000000100001cc                isr_irq15
                0x00000000100001cc                isr_irq25
                0x00000000100001cc                isr_irq4
                0x00000000100001cc                isr_irq16
                0x00000000100001cc                isr_irq29
                0x00000000100001cc                isr_irq26
                0x00000000100001cc                __default_isrs_end
                0x00000000100001cc                isr_irq3
                0x00000000100001cc                isr_irq12
                0x00000000100001cc                isr_irq9
                0x00000000100001d2                unhandled_user_irq_num_in_r0
 *(.binary_info_header)
 .binary_info_header
                0x00000000100001d4       0x14 CMakeFiles/ap_poll.dir/home/vishwas/pico/pico-sdk/src/rp2_common/pico_crt0/crt0.S.o
                0x00000000100001e8                __binary_info_header_end = .
 *(.embedded_block)
                0x00000000100001e8                __embedded_block_end = .
 *(.reset)
 .reset         0x00000000100001e8       0x9c CMakeFiles/ap_poll.dir/home/vishwas/pico/pico-sdk/src/rp2_common/pico_crt0/crt0.S.o
                0x00000000100001e8                _entry_point
 *(.init)
 .init          0x0000000010000284        0x4 /usr/lib/gcc/arm-none-eabi/10.3.1/thumb/v6-m/nofp/crti.o
                0x0000000010000284                _init
 *(EXCLUDE_FILE(*libm.a: *libc.a:*lib_a-mem*.o *libgcc.a:) .text*)
 .text          0x0000000010000288       0x98 /usr/lib/gcc/arm-none-eabi/10.3.1/thumb/v6-m/nofp/crtbegin.o
 .text.startup.main
                0x0000000010000320       0x48 CMakeFiles/ap_poll.dir/ap.c.o
                0x0000000010000320                main
 .text.dhcp_server_process
                0x0000000010000368      0x720 CMakeFiles/ap_poll.dir/dhcpserver/dhcpserver.c.o
 .text.dhcp_server_init
                0x0000000010000a88       0x3c CMakeFiles/ap_poll.dir/dhcpserver/dhcpserver.c.o
                0x0000000010000a88                dhcp_server_init
 .text.dns_server_process
                0x0000000010000ac4      0x148 CMakeFiles/ap_poll.dir/dnsserver/dnsserver.c.o
 .text.dns_server_init
                0x0000000010000c0c       0x48 CMakeFiles/ap_poll.dir/dnsserver/dnsserver.c.o
                0x0000000010000c0c                dns_server_init
 .text.lwip_timeout_reached
                0x0000000010000c54        0x8 CMakeFiles/ap_poll.dir/home/vishwas/pico/pico-sdk/src/rp2_common/pico_lwip/lwip_nosys.c.o
 .text.update_next_timeout
                0x0000000010000c5c       0x6c CMakeFiles/ap_poll.dir/home/vishwas/pico/pico-sdk/src/rp2_common/pico_lwip/lwip_nosys.c.o
 .text.lwip_nosys_init
                0x0000000010000cc8       0x30 CMakeFiles/ap_poll.dir/home/vishwas/pico/pico-sdk/src/rp2_common/pico_lwip/lwip_nosys.c.o
                0x0000000010000cc8                lwip_nosys_init
 .text.lwip_nosys_deinit
                0x0000000010000cf8       0x20 CMakeFiles/ap_poll.dir/home/vishwas/pico/pico-sdk/src/rp2_common/pico_lwip/lwip_nosys.c.o
                0x0000000010000cf8                lwip_nosys_deinit
 .text.sys_arch_protect
                0x0000000010000d18        0x4 CMakeFiles/ap_poll.dir/home/vishwas/pico/pico-sdk/src/rp2_common/pico_lwip/lwip_nosys.c.o
                0x0000000010000d18                sys_arch_protect
 .text.sys_arch_unprotect
                0x0000000010000d1c        0x4 CMakeFiles/ap_poll.dir/home/vishwas/pico/pico-sdk/src/rp2_common/pico_lwip/lwip_nosys.c.o
                0x0000000010000d1c                sys_arch_unprotect
 .text.sys_now  0x0000000010000d20       0x20 CMakeFiles/ap_poll.dir/home/vishwas/pico/pico-sdk/src/rp2_common/pico_lwip/lwip_nosys.c.o
                0x0000000010000d20                sys_now
 .text.async_context_base_add_at_time_worker
                0x0000000010000d40       0x28 CMakeFiles/ap_poll.dir/home/vishwas/pico/pico-sdk/src/rp2_common/pico_async_context/async_context_base.c.o
                0x0000000010000d40                async_context_base_add_at_time_worker
 .text.async_context_base_remove_at_time_worker
                0x0000000010000d68       0x28 CMakeFiles/ap_poll.dir/home/vishwas/pico/pico-sdk/src/rp2_common/pico_async_context/async_context_base.c.o
                0x0000000010000d68                async_context_base_remove_at_time_worker
 .text.async_context_base_add_when_pending_worker
                0x0000000010000d90       0x24 CMakeFiles/ap_poll.dir/home/vishwas/pico/pico-sdk/src/rp2_common/pico_async_context/async_context_base.c.o
                0x0000000010000d90                async_context_base_add_when_pending_worker
 .text.async_context_base_remove_when_pending_worker
                0x0000000010000db4       0x28 CMakeFiles/ap_poll.dir/home/vishwas/pico/pico-sdk/src/rp2_common/pico_async_context/async_context_base.c.o
                0x0000000010000db4                async_context_base_remove_when_pending_worker
 .text.async_context_base_execute_once
                0x0000000010000ddc       0xe8 CMakeFiles/ap_poll.dir/home/vishwas/pico/pico-sdk/src/rp2_common/pico_async_context/async_context_base.c.o
                0x0000000010000ddc                async_context_base_execute_once
 .text.panic    0x0000000010000ec4       0x30 CMakeFiles/ap_poll.dir/home/vishwas/pico/pico-sdk/src/rp2_common/pico_platform_panic/panic.c.o
                0x0000000010000ec4                panic
 .text.splitmix64
                0x0000000010000ef4       0x5c CMakeFiles/ap_poll.dir/home/vishwas/pico/pico-sdk/src/rp2_common/pico_rand/rand.c.o
 .text.xoroshiro128ss
                0x0000000010000f50       0x90 CMakeFiles/ap_poll.dir/home/vishwas/pico/pico-sdk/src/rp2_common/pico_rand/rand.c.o
 .text.get_rand_64
                0x0000000010000fe0      0x484 CMakeFiles/ap_poll.dir/home/vishwas/pico/pico-sdk/src/rp2_common/pico_rand/rand.c.o
                0x0000000010000fe0                get_rand_64
 .text.get_rand_32
                0x0000000010001464        0x8 CMakeFiles/ap_poll.dir/home/vishwas/pico/pico-sdk/src/rp2_common/pico_rand/rand.c.o
                0x0000000010001464                get_rand_32
 .text.startup._retrieve_unique_id_on_boot
                0x000000001000146c       0x10 CMakeFiles/ap_poll.dir/home/vishwas/pico/pico-sdk/src/rp2_common/pico_unique_id/unique_id.c.o
 .text.pico_get_unique_board_id
                0x000000001000147c       0x10 CMakeFiles/ap_poll.dir/home/vishwas/pico/pico-sdk/src/rp2_common/pico_unique_id/unique_id.c.o
                0x000000001000147c                pico_get_unique_board_id
 .text.flash_get_unique_id
                0x000000001000148c       0x40 CMakeFiles/ap_poll.dir/home/vishwas/pico/pico-sdk/src/rp2_common/hardware_flash/flash.c.o
                0x000000001000148c                flash_get_unique_id
 .text.hw_claim_lock
                0x00000000100014cc       0x18 CMakeFiles/ap_poll.dir/home/vishwas/pico/pico-sdk/src/common/hardware_claim/claim.c.o
                0x00000000100014cc                hw_claim_lock
 .text.hw_claim_unlock
                0x00000000100014e4       0x14 CMakeFiles/ap_poll.dir/home/vishwas/pico/pico-sdk/src/common/hardware_claim/claim.c.o
                0x00000000100014e4                hw_claim_unlock
 .text.hw_claim_or_assert
                0x00000000100014f8       0x44 CMakeFiles/ap_poll.dir/home/vishwas/pico/pico-sdk/src/common/hardware_claim/claim.c.o
                0x00000000100014f8                hw_claim_or_assert
 .text.hw_claim_unused_from_range
                0x000000001000153c       0x9c CMakeFiles/ap_poll.dir/home/vishwas/pico/pico-sdk/src/common/hardware_claim/claim.c.o
                0x000000001000153c                hw_claim_unused_from_range
 .text.hw_claim_clear
                0x00000000100015d8       0x38 CMakeFiles/ap_poll.dir/home/vishwas/pico/pico-sdk/src/common/hardware_claim/claim.c.o
                0x00000000100015d8                hw_claim_clear
 .text.next_striped_spin_lock_num
                0x0000000010001610       0x18 CMakeFiles/ap_poll.dir/home/vishwas/pico/pico-sdk/src/rp2_common/hardware_sync/sync.c.o
                0x0000000010001610                next_striped_spin_lock_num
 .text.spin_locks_reset
                0x0000000010001628       0x1c CMakeFiles/ap_poll.dir/home/vishwas/pico/pico-sdk/src/rp2_common/hardware_sync_spin_lock/sync_spin_lock.c.o
                0x0000000010001628                spin_locks_reset
 .text.rom_func_lookup
                0x0000000010001644       0x10 CMakeFiles/ap_poll.dir/home/vishwas/pico/pico-sdk/src/rp2_common/pico_bootrom/bootrom.c.o
                0x0000000010001644                rom_func_lookup
 .text.rom_data_lookup
                0x0000000010001654       0x10 CMakeFiles/ap_poll.dir/home/vishwas/pico/pico-sdk/src/rp2_common/pico_bootrom/bootrom.c.o
                0x0000000010001654                rom_data_lookup
 .text.rom_funcs_lookup
                0x0000000010001664       0x44 CMakeFiles/ap_poll.dir/home/vishwas/pico/pico-sdk/src/rp2_common/pico_bootrom/bootrom.c.o
                0x0000000010001664                rom_funcs_lookup
 .text.sleep_until_callback
                0x00000000100016a8       0x30 CMakeFiles/ap_poll.dir/home/vishwas/pico/pico-sdk/src/common/pico_time/time.c.o
 .text.alarm_pool_irq_handler
                0x00000000100016d8      0x308 CMakeFiles/ap_poll.dir/home/vishwas/pico/pico-sdk/src/common/pico_time/time.c.o
 .text.runtime_init_default_alarm_pool
                0x00000000100019e0       0xdc CMakeFiles/ap_poll.dir/home/vishwas/pico/pico-sdk/src/common/pico_time/time.c.o
                0x00000000100019e0                runtime_init_default_alarm_pool
 .text.alarm_pool_add_alarm_at_force_in_context
                0x0000000010001abc       0xb0 CMakeFiles/ap_poll.dir/home/vishwas/pico/pico-sdk/src/common/pico_time/time.c.o
                0x0000000010001abc                alarm_pool_add_alarm_at_force_in_context
 .text.alarm_pool_cancel_alarm
                0x0000000010001b6c       0x7c CMakeFiles/ap_poll.dir/home/vishwas/pico/pico-sdk/src/common/pico_time/time.c.o
                0x0000000010001b6c                alarm_pool_cancel_alarm
 .text.sleep_until
                0x0000000010001be8       0xd0 CMakeFiles/ap_poll.dir/home/vishwas/pico/pico-sdk/src/common/pico_time/time.c.o
                0x0000000010001be8                sleep_until
 .text.sleep_ms
                0x0000000010001cb8       0x34 CMakeFiles/ap_poll.dir/home/vishwas/pico/pico-sdk/src/common/pico_time/time.c.o
                0x0000000010001cb8                sleep_ms
 .text.best_effort_wfe_or_timeout
                0x0000000010001cec       0xfc CMakeFiles/ap_poll.dir/home/vishwas/pico/pico-sdk/src/common/pico_time/time.c.o
                0x0000000010001cec                best_effort_wfe_or_timeout
 .text.timer_hardware_alarm_claim
                0x0000000010001de8       0x14 CMakeFiles/ap_poll.dir/home/vishwas/pico/pico-sdk/src/rp2_common/hardware_timer/timer.c.o
                0x0000000010001de8                timer_hardware_alarm_claim
 .text.timer_time_us_64
                0x0000000010001dfc       0x10 CMakeFiles/ap_poll.dir/home/vishwas/pico/pico-sdk/src/rp2_common/hardware_timer/timer.c.o
                0x0000000010001dfc                timer_time_us_64
 .text.time_us_64
                0x0000000010001e0c       0x14 CMakeFiles/ap_poll.dir/home/vishwas/pico/pico-sdk/src/rp2_common/hardware_timer/timer.c.o
                0x0000000010001e0c                time_us_64
 .text.busy_wait_us
                0x0000000010001e20       0x54 CMakeFiles/ap_poll.dir/home/vishwas/pico/pico-sdk/src/rp2_common/hardware_timer/timer.c.o
                0x0000000010001e20                busy_wait_us
 .text.busy_wait_until
                0x0000000010001e74       0x20 CMakeFiles/ap_poll.dir/home/vishwas/pico/pico-sdk/src/rp2_common/hardware_timer/timer.c.o
                0x0000000010001e74                busy_wait_until
 .text.runtime_init_per_core_irq_priorities
                0x0000000010001e94       0x24 CMakeFiles/ap_poll.dir/home/vishwas/pico/pico-sdk/src/rp2_common/hardware_irq/irq.c.o
                0x0000000010001e94                runtime_init_per_core_irq_priorities
 .text.irq_set_enabled
                0x0000000010001eb8       0x24 CMakeFiles/ap_poll.dir/home/vishwas/pico/pico-sdk/src/rp2_common/hardware_irq/irq.c.o
                0x0000000010001eb8                irq_set_enabled
 .text.irq_set_exclusive_handler
                0x0000000010001edc       0x54 CMakeFiles/ap_poll.dir/home/vishwas/pico/pico-sdk/src/rp2_common/hardware_irq/irq.c.o
                0x0000000010001edc                irq_set_exclusive_handler
 .text.irq_add_shared_handler
                0x0000000010001f30      0x1e8 CMakeFiles/ap_poll.dir/home/vishwas/pico/pico-sdk/src/rp2_common/hardware_irq/irq.c.o
                0x0000000010001f30                irq_add_shared_handler
 .text.irq_remove_handler
                0x0000000010002118      0x1c4 CMakeFiles/ap_poll.dir/home/vishwas/pico/pico-sdk/src/rp2_common/hardware_irq/irq.c.o
                0x0000000010002118                irq_remove_handler
 .text.irq_add_tail_to_free_list
                0x00000000100022dc       0xb4 CMakeFiles/ap_poll.dir/home/vishwas/pico/pico-sdk/src/rp2_common/hardware_irq/irq.c.o
                0x00000000100022dc                irq_add_tail_to_free_list
 .text.sem_init
                0x0000000010002390       0x20 CMakeFiles/ap_poll.dir/home/vishwas/pico/pico-sdk/src/common/pico_sync/sem.c.o
                0x0000000010002390                sem_init
 .text.lock_init
                0x00000000100023b0       0x10 CMakeFiles/ap_poll.dir/home/vishwas/pico/pico-sdk/src/common/pico_sync/lock_core.c.o
                0x00000000100023b0                lock_init
 .text.runtime_init_mutex
                0x00000000100023c0       0x58 CMakeFiles/ap_poll.dir/home/vishwas/pico/pico-sdk/src/common/pico_sync/mutex.c.o
                0x00000000100023c0                runtime_init_mutex
 .text.clock_configure_int_divider
                0x0000000010002418       0xf4 CMakeFiles/ap_poll.dir/home/vishwas/pico/pico-sdk/src/rp2_common/hardware_clocks/clocks.c.o
                0x0000000010002418                clock_configure_int_divider
 .text.clock_configure_undivided
                0x000000001000250c       0xe8 CMakeFiles/ap_poll.dir/home/vishwas/pico/pico-sdk/src/rp2_common/hardware_clocks/clocks.c.o
                0x000000001000250c                clock_configure_undivided
 .text.clock_get_hz
                0x00000000100025f4        0xc CMakeFiles/ap_poll.dir/home/vishwas/pico/pico-sdk/src/rp2_common/hardware_clocks/clocks.c.o
                0x00000000100025f4                clock_get_hz
 .text.gpio_set_function
                0x0000000010002600       0x34 CMakeFiles/ap_poll.dir/home/vishwas/pico/pico-sdk/src/rp2_common/hardware_gpio/gpio.c.o
                0x0000000010002600                gpio_set_function
 .text.gpio_set_pulls
                0x0000000010002634       0x34 CMakeFiles/ap_poll.dir/home/vishwas/pico/pico-sdk/src/rp2_common/hardware_gpio/gpio.c.o
                0x0000000010002634                gpio_set_pulls
 .text.gpio_set_input_hysteresis_enabled
                0x0000000010002668       0x28 CMakeFiles/ap_poll.dir/home/vishwas/pico/pico-sdk/src/rp2_common/hardware_gpio/gpio.c.o
                0x0000000010002668                gpio_set_input_hysteresis_enabled
 .text.gpio_set_irq_enabled
                0x0000000010002690       0x58 CMakeFiles/ap_poll.dir/home/vishwas/pico/pico-sdk/src/rp2_common/hardware_gpio/gpio.c.o
                0x0000000010002690                gpio_set_irq_enabled
 .text.gpio_add_raw_irq_handler_with_order_priority_masked
                0x00000000100026e8       0x44 CMakeFiles/ap_poll.dir/home/vishwas/pico/pico-sdk/src/rp2_common/hardware_gpio/gpio.c.o
                0x00000000100026e8                gpio_add_raw_irq_handler_with_order_priority_masked
 .text.gpio_remove_raw_irq_handler_masked
                0x000000001000272c       0x20 CMakeFiles/ap_poll.dir/home/vishwas/pico/pico-sdk/src/rp2_common/hardware_gpio/gpio.c.o
                0x000000001000272c                gpio_remove_raw_irq_handler_masked
 .text.gpio_init
                0x000000001000274c       0x40 CMakeFiles/ap_poll.dir/home/vishwas/pico/pico-sdk/src/rp2_common/hardware_gpio/gpio.c.o
                0x000000001000274c                gpio_init
 .text.pll_init
                0x000000001000278c       0xa0 CMakeFiles/ap_poll.dir/home/vishwas/pico/pico-sdk/src/rp2_common/hardware_pll/pll.c.o
                0x000000001000278c                pll_init
 .text.tick_start
                0x000000001000282c       0x10 CMakeFiles/ap_poll.dir/home/vishwas/pico/pico-sdk/src/rp2_common/hardware_ticks/ticks.c.o
                0x000000001000282c                tick_start
 .text.xosc_init
                0x000000001000283c       0x28 CMakeFiles/ap_poll.dir/home/vishwas/pico/pico-sdk/src/rp2_common/hardware_xosc/xosc.c.o
                0x000000001000283c                xosc_init
 .text.lwip_init
                0x0000000010002864       0x24 CMakeFiles/ap_poll.dir/home/vishwas/pico/pico-sdk/lib/lwip/src/core/init.c.o
                0x0000000010002864                lwip_init
 .text.lwip_htons
                0x0000000010002888        0x8 CMakeFiles/ap_poll.dir/home/vishwas/pico/pico-sdk/lib/lwip/src/core/def.c.o
                0x0000000010002888                lwip_htons
 .text.lwip_htonl
                0x0000000010002890        0x4 CMakeFiles/ap_poll.dir/home/vishwas/pico/pico-sdk/lib/lwip/src/core/def.c.o
                0x0000000010002890                lwip_htonl
 .text.dns_call_found
                0x0000000010002894      0x134 CMakeFiles/ap_poll.dir/home/vishwas/pico/pico-sdk/lib/lwip/src/core/dns.c.o
 .text.dns_send.isra.0
                0x00000000100029c8      0x168 CMakeFiles/ap_poll.dir/home/vishwas/pico/pico-sdk/lib/lwip/src/core/dns.c.o
 .text.dns_init
                0x0000000010002b30        0x4 CMakeFiles/ap_poll.dir/home/vishwas/pico/pico-sdk/lib/lwip/src/core/dns.c.o
                0x0000000010002b30                dns_init
 .text.dns_setserver
                0x0000000010002b34       0x2c CMakeFiles/ap_poll.dir/home/vishwas/pico/pico-sdk/lib/lwip/src/core/dns.c.o
                0x0000000010002b34                dns_setserver
 .text.dns_tmr  0x0000000010002b60      0x138 CMakeFiles/ap_poll.dir/home/vishwas/pico/pico-sdk/lib/lwip/src/core/dns.c.o
                0x0000000010002b60                dns_tmr
 .text.lwip_standard_chksum
                0x0000000010002c98       0xd8 CMakeFiles/ap_poll.dir/home/vishwas/pico/pico-sdk/lib/lwip/src/core/inet_chksum.c.o
                0x0000000010002c98                lwip_standard_chksum
 .text.inet_chksum_pseudo
                0x0000000010002d70       0xb4 CMakeFiles/ap_poll.dir/home/vishwas/pico/pico-sdk/lib/lwip/src/core/inet_chksum.c.o
                0x0000000010002d70                inet_chksum_pseudo
 .text.ip_chksum_pseudo
                0x0000000010002e24       0x10 CMakeFiles/ap_poll.dir/home/vishwas/pico/pico-sdk/lib/lwip/src/core/inet_chksum.c.o
                0x0000000010002e24                ip_chksum_pseudo
 .text.inet_chksum
                0x0000000010002e34        0xc CMakeFiles/ap_poll.dir/home/vishwas/pico/pico-sdk/lib/lwip/src/core/inet_chksum.c.o
                0x0000000010002e34                inet_chksum
 .text.inet_chksum_pbuf
                0x0000000010002e40       0x6c CMakeFiles/ap_poll.dir/home/vishwas/pico/pico-sdk/lib/lwip/src/core/inet_chksum.c.o
                0x0000000010002e40                inet_chksum_pbuf
 .text.mem_init
                0x0000000010002eac        0x4 CMakeFiles/ap_poll.dir/home/vishwas/pico/pico-sdk/lib/lwip/src/core/mem.c.o
                0x0000000010002eac                mem_init
 .text.mem_trim
                0x0000000010002eb0        0x4 CMakeFiles/ap_poll.dir/home/vishwas/pico/pico-sdk/lib/lwip/src/core/mem.c.o
                0x0000000010002eb0                mem_trim
 .text.mem_malloc
                0x0000000010002eb4       0x2c CMakeFiles/ap_poll.dir/home/vishwas/pico/pico-sdk/lib/lwip/src/core/mem.c.o
                0x0000000010002eb4                mem_malloc
 .text.mem_free
                0x0000000010002ee0       0x2c CMakeFiles/ap_poll.dir/home/vishwas/pico/pico-sdk/lib/lwip/src/core/mem.c.o
                0x0000000010002ee0                mem_free
 .text.memp_init
                0x0000000010002f0c       0x6c CMakeFiles/ap_poll.dir/home/vishwas/pico/pico-sdk/lib/lwip/src/core/memp.c.o
                0x0000000010002f0c                memp_init
 .text.memp_malloc
                0x0000000010002f78       0x3c CMakeFiles/ap_poll.dir/home/vishwas/pico/pico-sdk/lib/lwip/src/core/memp.c.o
                0x0000000010002f78                memp_malloc
 .text.memp_free
                0x0000000010002fb4       0x38 CMakeFiles/ap_poll.dir/home/vishwas/pico/pico-sdk/lib/lwip/src/core/memp.c.o
                0x0000000010002fb4                memp_free
 .text.netif_null_output_ip4
                0x0000000010002fec        0x8 CMakeFiles/ap_poll.dir/home/vishwas/pico/pico-sdk/lib/lwip/src/core/netif.c.o
 .text.netif_do_set_ipaddr.isra.0
                0x0000000010002ff4       0x70 CMakeFiles/ap_poll.dir/home/vishwas/pico/pico-sdk/lib/lwip/src/core/netif.c.o
 .text.netif_init
                0x0000000010003064        0x4 CMakeFiles/ap_poll.dir/home/vishwas/pico/pico-sdk/lib/lwip/src/core/netif.c.o
                0x0000000010003064                netif_init
 .text.netif_add
                0x0000000010003068      0x144 CMakeFiles/ap_poll.dir/home/vishwas/pico/pico-sdk/lib/lwip/src/core/netif.c.o
                0x0000000010003068                netif_add
 .text.netif_set_addr
                0x00000000100031ac       0xb8 CMakeFiles/ap_poll.dir/home/vishwas/pico/pico-sdk/lib/lwip/src/core/netif.c.o
                0x00000000100031ac                netif_set_addr
 .text.netif_remove
                0x0000000010003264       0x94 CMakeFiles/ap_poll.dir/home/vishwas/pico/pico-sdk/lib/lwip/src/core/netif.c.o
                0x0000000010003264                netif_remove
 .text.netif_set_default
                0x00000000100032f8        0xc CMakeFiles/ap_poll.dir/home/vishwas/pico/pico-sdk/lib/lwip/src/core/netif.c.o
                0x00000000100032f8                netif_set_default
 .text.netif_set_up
                0x0000000010003304       0x40 CMakeFiles/ap_poll.dir/home/vishwas/pico/pico-sdk/lib/lwip/src/core/netif.c.o
                0x0000000010003304                netif_set_up
 .text.netif_set_link_up
                0x0000000010003344       0x44 CMakeFiles/ap_poll.dir/home/vishwas/pico/pico-sdk/lib/lwip/src/core/netif.c.o
                0x0000000010003344                netif_set_link_up
 .text.netif_set_link_down
                0x0000000010003388       0x20 CMakeFiles/ap_poll.dir/home/vishwas/pico/pico-sdk/lib/lwip/src/core/netif.c.o
                0x0000000010003388                netif_set_link_down
 .text.netif_get_by_index
                0x00000000100033a8       0x2c CMakeFiles/ap_poll.dir/home/vishwas/pico/pico-sdk/lib/lwip/src/core/netif.c.o
                0x00000000100033a8                netif_get_by_index
 .text.pbuf_free.part.0
                0x00000000100033d4       0x7c CMakeFiles/ap_poll.dir/home/vishwas/pico/pico-sdk/lib/lwip/src/core/pbuf.c.o
 .text.pbuf_free_ooseq
                0x0000000010003450       0x34 CMakeFiles/ap_poll.dir/home/vishwas/pico/pico-sdk/lib/lwip/src/core/pbuf.c.o
                0x0000000010003450                pbuf_free_ooseq
 .text.pbuf_alloc
                0x0000000010003484      0x12c CMakeFiles/ap_poll.dir/home/vishwas/pico/pico-sdk/lib/lwip/src/core/pbuf.c.o
                0x0000000010003484                pbuf_alloc
 .text.pbuf_realloc
                0x00000000100035b0       0x84 CMakeFiles/ap_poll.dir/home/vishwas/pico/pico-sdk/lib/lwip/src/core/pbuf.c.o
                0x00000000100035b0                pbuf_realloc
 .text.pbuf_add_header
                0x0000000010003634       0x54 CMakeFiles/ap_poll.dir/home/vishwas/pico/pico-sdk/lib/lwip/src/core/pbuf.c.o
                0x0000000010003634                pbuf_add_header
 .text.pbuf_remove_header
                0x0000000010003688       0x44 CMakeFiles/ap_poll.dir/home/vishwas/pico/pico-sdk/lib/lwip/src/core/pbuf.c.o
                0x0000000010003688                pbuf_remove_header
 .text.pbuf_header_force
                0x00000000100036cc       0x74 CMakeFiles/ap_poll.dir/home/vishwas/pico/pico-sdk/lib/lwip/src/core/pbuf.c.o
                0x00000000100036cc                pbuf_header_force
 .text.pbuf_free
                0x0000000010003740       0x18 CMakeFiles/ap_poll.dir/home/vishwas/pico/pico-sdk/lib/lwip/src/core/pbuf.c.o
                0x0000000010003740                pbuf_free
 .text.pbuf_clen
                0x0000000010003758       0x14 CMakeFiles/ap_poll.dir/home/vishwas/pico/pico-sdk/lib/lwip/src/core/pbuf.c.o
                0x0000000010003758                pbuf_clen
 .text.pbuf_ref
                0x000000001000376c       0x28 CMakeFiles/ap_poll.dir/home/vishwas/pico/pico-sdk/lib/lwip/src/core/pbuf.c.o
                0x000000001000376c                pbuf_ref
 .text.pbuf_cat
                0x0000000010003794       0x3c CMakeFiles/ap_poll.dir/home/vishwas/pico/pico-sdk/lib/lwip/src/core/pbuf.c.o
                0x0000000010003794                pbuf_cat
 .text.pbuf_chain
                0x00000000100037d0       0x64 CMakeFiles/ap_poll.dir/home/vishwas/pico/pico-sdk/lib/lwip/src/core/pbuf.c.o
                0x00000000100037d0                pbuf_chain
 .text.pbuf_copy_partial_pbuf
                0x0000000010003834      0x13c CMakeFiles/ap_poll.dir/home/vishwas/pico/pico-sdk/lib/lwip/src/core/pbuf.c.o
                0x0000000010003834                pbuf_copy_partial_pbuf
 .text.pbuf_copy
                0x0000000010003970       0x18 CMakeFiles/ap_poll.dir/home/vishwas/pico/pico-sdk/lib/lwip/src/core/pbuf.c.o
                0x0000000010003970                pbuf_copy
 .text.pbuf_copy_partial
                0x0000000010003988       0x70 CMakeFiles/ap_poll.dir/home/vishwas/pico/pico-sdk/lib/lwip/src/core/pbuf.c.o
                0x0000000010003988                pbuf_copy_partial
 .text.pbuf_take
                0x00000000100039f8       0x78 CMakeFiles/ap_poll.dir/home/vishwas/pico/pico-sdk/lib/lwip/src/core/pbuf.c.o
                0x00000000100039f8                pbuf_take
 .text.pbuf_take_at
                0x0000000010003a70       0xc0 CMakeFiles/ap_poll.dir/home/vishwas/pico/pico-sdk/lib/lwip/src/core/pbuf.c.o
                0x0000000010003a70                pbuf_take_at
 .text.pbuf_clone
                0x0000000010003b30       0x30 CMakeFiles/ap_poll.dir/home/vishwas/pico/pico-sdk/lib/lwip/src/core/pbuf.c.o
                0x0000000010003b30                pbuf_clone
 .text.pbuf_put_at
                0x0000000010003b60       0x1c CMakeFiles/ap_poll.dir/home/vishwas/pico/pico-sdk/lib/lwip/src/core/pbuf.c.o
                0x0000000010003b60                pbuf_put_at
 .text.raw_input
                0x0000000010003b7c       0xf0 CMakeFiles/ap_poll.dir/home/vishwas/pico/pico-sdk/lib/lwip/src/core/raw.c.o
                0x0000000010003b7c                raw_input
 .text.raw_netif_ip_addr_changed
                0x0000000010003c6c       0x40 CMakeFiles/ap_poll.dir/home/vishwas/pico/pico-sdk/lib/lwip/src/core/raw.c.o
                0x0000000010003c6c                raw_netif_ip_addr_changed
 .text.stats_init
                0x0000000010003cac        0x4 CMakeFiles/ap_poll.dir/home/vishwas/pico/pico-sdk/lib/lwip/src/core/stats.c.o
                0x0000000010003cac                stats_init
 .text.tcp_close_shutdown_fin
                0x0000000010003cb0       0x58 CMakeFiles/ap_poll.dir/home/vishwas/pico/pico-sdk/lib/lwip/src/core/tcp.c.o
 .text.tcp_pcb_purge.part.0
                0x0000000010003d08       0xc4 CMakeFiles/ap_poll.dir/home/vishwas/pico/pico-sdk/lib/lwip/src/core/tcp.c.o
 .text.tcp_init
                0x0000000010003dcc       0x20 CMakeFiles/ap_poll.dir/home/vishwas/pico/pico-sdk/lib/lwip/src/core/tcp.c.o
                0x0000000010003dcc                tcp_init
 .text.tcp_free
                0x0000000010003dec       0x1c CMakeFiles/ap_poll.dir/home/vishwas/pico/pico-sdk/lib/lwip/src/core/tcp.c.o
                0x0000000010003dec                tcp_free
 .text.tcp_update_rcv_ann_wnd
                0x0000000010003e08       0x60 CMakeFiles/ap_poll.dir/home/vishwas/pico/pico-sdk/lib/lwip/src/core/tcp.c.o
                0x0000000010003e08                tcp_update_rcv_ann_wnd
 .text.tcp_recved
                0x0000000010003e68       0x98 CMakeFiles/ap_poll.dir/home/vishwas/pico/pico-sdk/lib/lwip/src/core/tcp.c.o
                0x0000000010003e68                tcp_recved
 .text.tcp_slowtmr
                0x0000000010003f00      0x4dc CMakeFiles/ap_poll.dir/home/vishwas/pico/pico-sdk/lib/lwip/src/core/tcp.c.o
                0x0000000010003f00                tcp_slowtmr
 .text.tcp_segs_free
                0x00000000100043dc       0x38 CMakeFiles/ap_poll.dir/home/vishwas/pico/pico-sdk/lib/lwip/src/core/tcp.c.o
                0x00000000100043dc                tcp_segs_free
 .text.tcp_seg_free
                0x0000000010004414       0x1c CMakeFiles/ap_poll.dir/home/vishwas/pico/pico-sdk/lib/lwip/src/core/tcp.c.o
                0x0000000010004414                tcp_seg_free
 .text.tcp_seg_copy
                0x0000000010004430       0x2c CMakeFiles/ap_poll.dir/home/vishwas/pico/pico-sdk/lib/lwip/src/core/tcp.c.o
                0x0000000010004430                tcp_seg_copy
 .text.tcp_pcb_purge
                0x000000001000445c       0x18 CMakeFiles/ap_poll.dir/home/vishwas/pico/pico-sdk/lib/lwip/src/core/tcp.c.o
                0x000000001000445c                tcp_pcb_purge
 .text.tcp_pcb_remove
                0x0000000010004474       0xc8 CMakeFiles/ap_poll.dir/home/vishwas/pico/pico-sdk/lib/lwip/src/core/tcp.c.o
                0x0000000010004474                tcp_pcb_remove
 .text.tcp_abandon
                0x000000001000453c      0x1ac CMakeFiles/ap_poll.dir/home/vishwas/pico/pico-sdk/lib/lwip/src/core/tcp.c.o
                0x000000001000453c                tcp_abandon
 .text.tcp_abort
                0x00000000100046e8        0xc CMakeFiles/ap_poll.dir/home/vishwas/pico/pico-sdk/lib/lwip/src/core/tcp.c.o
                0x00000000100046e8                tcp_abort
 .text.tcp_alloc
                0x00000000100046f4      0x1cc CMakeFiles/ap_poll.dir/home/vishwas/pico/pico-sdk/lib/lwip/src/core/tcp.c.o
                0x00000000100046f4                tcp_alloc
 .text.tcp_close_shutdown
                0x00000000100048c0      0x18c CMakeFiles/ap_poll.dir/home/vishwas/pico/pico-sdk/lib/lwip/src/core/tcp.c.o
 .text.tcp_recv_null
                0x0000000010004a4c       0xd4 CMakeFiles/ap_poll.dir/home/vishwas/pico/pico-sdk/lib/lwip/src/core/tcp.c.o
                0x0000000010004a4c                tcp_recv_null
 .text.tcp_process_refused_data
                0x0000000010004b20       0x78 CMakeFiles/ap_poll.dir/home/vishwas/pico/pico-sdk/lib/lwip/src/core/tcp.c.o
                0x0000000010004b20                tcp_process_refused_data
 .text.tcp_fasttmr
                0x0000000010004b98       0x98 CMakeFiles/ap_poll.dir/home/vishwas/pico/pico-sdk/lib/lwip/src/core/tcp.c.o
                0x0000000010004b98                tcp_fasttmr
 .text.tcp_tmr  0x0000000010004c30       0x20 CMakeFiles/ap_poll.dir/home/vishwas/pico/pico-sdk/lib/lwip/src/core/tcp.c.o
                0x0000000010004c30                tcp_tmr
 .text.tcp_next_iss
                0x0000000010004c50       0x28 CMakeFiles/ap_poll.dir/home/vishwas/pico/pico-sdk/lib/lwip/src/core/tcp.c.o
                0x0000000010004c50                tcp_next_iss
 .text.tcp_eff_send_mss_netif
                0x0000000010004c78       0x38 CMakeFiles/ap_poll.dir/home/vishwas/pico/pico-sdk/lib/lwip/src/core/tcp.c.o
                0x0000000010004c78                tcp_eff_send_mss_netif
 .text.tcp_netif_ip_addr_changed
                0x0000000010004cb0       0x9c CMakeFiles/ap_poll.dir/home/vishwas/pico/pico-sdk/lib/lwip/src/core/tcp.c.o
                0x0000000010004cb0                tcp_netif_ip_addr_changed
 .text.tcp_free_ooseq
                0x0000000010004d4c       0x40 CMakeFiles/ap_poll.dir/home/vishwas/pico/pico-sdk/lib/lwip/src/core/tcp.c.o
                0x0000000010004d4c                tcp_free_ooseq
 .text.tcp_parseopt
                0x0000000010004d8c      0x190 CMakeFiles/ap_poll.dir/home/vishwas/pico/pico-sdk/lib/lwip/src/core/tcp_in.c.o
 .text.tcp_oos_insert_segment
                0x0000000010004f1c       0xe0 CMakeFiles/ap_poll.dir/home/vishwas/pico/pico-sdk/lib/lwip/src/core/tcp_in.c.o
 .text.tcp_free_acked_segments.constprop.0
                0x0000000010004ffc       0xdc CMakeFiles/ap_poll.dir/home/vishwas/pico/pico-sdk/lib/lwip/src/core/tcp_in.c.o
 .text.tcp_receive
                0x00000000100050d8      0xa4c CMakeFiles/ap_poll.dir/home/vishwas/pico/pico-sdk/lib/lwip/src/core/tcp_in.c.o
 .text.tcp_input
                0x0000000010005b24      0xda4 CMakeFiles/ap_poll.dir/home/vishwas/pico/pico-sdk/lib/lwip/src/core/tcp_in.c.o
                0x0000000010005b24                tcp_input
 .text.tcp_trigger_input_pcb_close
                0x00000000100068c8       0x10 CMakeFiles/ap_poll.dir/home/vishwas/pico/pico-sdk/lib/lwip/src/core/tcp_in.c.o
                0x00000000100068c8                tcp_trigger_input_pcb_close
 .text.tcp_create_segment
                0x00000000100068d8       0xf8 CMakeFiles/ap_poll.dir/home/vishwas/pico/pico-sdk/lib/lwip/src/core/tcp_out.c.o
 .text.tcp_output_control_segment
                0x00000000100069d0       0xc0 CMakeFiles/ap_poll.dir/home/vishwas/pico/pico-sdk/lib/lwip/src/core/tcp_out.c.o
 .text.tcp_output_alloc_header.constprop.0
                0x0000000010006a90       0xcc CMakeFiles/ap_poll.dir/home/vishwas/pico/pico-sdk/lib/lwip/src/core/tcp_out.c.o
 .text.tcp_split_unsent_seg
                0x0000000010006b5c      0x1c4 CMakeFiles/ap_poll.dir/home/vishwas/pico/pico-sdk/lib/lwip/src/core/tcp_out.c.o
                0x0000000010006b5c                tcp_split_unsent_seg
 .text.tcp_send_fin
                0x0000000010006d20      0x12c CMakeFiles/ap_poll.dir/home/vishwas/pico/pico-sdk/lib/lwip/src/core/tcp_out.c.o
                0x0000000010006d20                tcp_send_fin
 .text.tcp_enqueue_flags
                0x0000000010006e4c      0x124 CMakeFiles/ap_poll.dir/home/vishwas/pico/pico-sdk/lib/lwip/src/core/tcp_out.c.o
                0x0000000010006e4c                tcp_enqueue_flags
 .text.tcp_rexmit_rto_prepare
                0x0000000010006f70       0x9c CMakeFiles/ap_poll.dir/home/vishwas/pico/pico-sdk/lib/lwip/src/core/tcp_out.c.o
                0x0000000010006f70                tcp_rexmit_rto_prepare
 .text.tcp_rexmit
                0x000000001000700c       0x9c CMakeFiles/ap_poll.dir/home/vishwas/pico/pico-sdk/lib/lwip/src/core/tcp_out.c.o
                0x000000001000700c                tcp_rexmit
 .text.tcp_rexmit_fast
                0x00000000100070a8       0x64 CMakeFiles/ap_poll.dir/home/vishwas/pico/pico-sdk/lib/lwip/src/core/tcp_out.c.o
                0x00000000100070a8                tcp_rexmit_fast
 .text.tcp_rst  0x000000001000710c       0xe8 CMakeFiles/ap_poll.dir/home/vishwas/pico/pico-sdk/lib/lwip/src/core/tcp_out.c.o
                0x000000001000710c                tcp_rst
 .text.tcp_rst_netif
                0x00000000100071f4      0x130 CMakeFiles/ap_poll.dir/home/vishwas/pico/pico-sdk/lib/lwip/src/core/tcp_out.c.o
                0x00000000100071f4                tcp_rst_netif
 .text.tcp_send_empty_ack
                0x0000000010007324       0x54 CMakeFiles/ap_poll.dir/home/vishwas/pico/pico-sdk/lib/lwip/src/core/tcp_out.c.o
                0x0000000010007324                tcp_send_empty_ack
 .text.tcp_output
                0x0000000010007378      0x46c CMakeFiles/ap_poll.dir/home/vishwas/pico/pico-sdk/lib/lwip/src/core/tcp_out.c.o
                0x0000000010007378                tcp_output
 .text.tcp_rexmit_rto_commit
                0x00000000100077e4       0x24 CMakeFiles/ap_poll.dir/home/vishwas/pico/pico-sdk/lib/lwip/src/core/tcp_out.c.o
                0x00000000100077e4                tcp_rexmit_rto_commit
 .text.tcp_rexmit_rto
                0x0000000010007808       0xa4 CMakeFiles/ap_poll.dir/home/vishwas/pico/pico-sdk/lib/lwip/src/core/tcp_out.c.o
                0x0000000010007808                tcp_rexmit_rto
 .text.tcp_keepalive
                0x00000000100078ac       0xe0 CMakeFiles/ap_poll.dir/home/vishwas/pico/pico-sdk/lib/lwip/src/core/tcp_out.c.o
                0x00000000100078ac                tcp_keepalive
 .text.tcp_zero_window_probe
                0x000000001000798c      0x108 CMakeFiles/ap_poll.dir/home/vishwas/pico/pico-sdk/lib/lwip/src/core/tcp_out.c.o
                0x000000001000798c                tcp_zero_window_probe
 .text.sys_timeout_abs
                0x0000000010007a94       0x48 CMakeFiles/ap_poll.dir/home/vishwas/pico/pico-sdk/lib/lwip/src/core/timeouts.c.o
 .text.lwip_cyclic_timer
                0x0000000010007adc       0x38 CMakeFiles/ap_poll.dir/home/vishwas/pico/pico-sdk/lib/lwip/src/core/timeouts.c.o
 .text.tcpip_tcp_timer
                0x0000000010007b14       0x3c CMakeFiles/ap_poll.dir/home/vishwas/pico/pico-sdk/lib/lwip/src/core/timeouts.c.o
 .text.tcp_timer_needed
                0x0000000010007b50       0x40 CMakeFiles/ap_poll.dir/home/vishwas/pico/pico-sdk/lib/lwip/src/core/timeouts.c.o
                0x0000000010007b50                tcp_timer_needed
 .text.sys_timeouts_init
                0x0000000010007b90       0x90 CMakeFiles/ap_poll.dir/home/vishwas/pico/pico-sdk/lib/lwip/src/core/timeouts.c.o
                0x0000000010007b90                sys_timeouts_init
 .text.sys_check_timeouts
                0x0000000010007c20       0x68 CMakeFiles/ap_poll.dir/home/vishwas/pico/pico-sdk/lib/lwip/src/core/timeouts.c.o
                0x0000000010007c20                sys_check_timeouts
 .text.sys_timeouts_sleeptime
                0x0000000010007c88       0x28 CMakeFiles/ap_poll.dir/home/vishwas/pico/pico-sdk/lib/lwip/src/core/timeouts.c.o
                0x0000000010007c88                sys_timeouts_sleeptime
 .text.udp_init
                0x0000000010007cb0       0x20 CMakeFiles/ap_poll.dir/home/vishwas/pico/pico-sdk/lib/lwip/src/core/udp.c.o
                0x0000000010007cb0                udp_init
 .text.udp_input
                0x0000000010007cd0      0x24c CMakeFiles/ap_poll.dir/home/vishwas/pico/pico-sdk/lib/lwip/src/core/udp.c.o
                0x0000000010007cd0                udp_input
 .text.udp_bind
                0x0000000010007f1c      0x10c CMakeFiles/ap_poll.dir/home/vishwas/pico/pico-sdk/lib/lwip/src/core/udp.c.o
                0x0000000010007f1c                udp_bind
 .text.udp_sendto_if_src
                0x0000000010008028      0x130 CMakeFiles/ap_poll.dir/home/vishwas/pico/pico-sdk/lib/lwip/src/core/udp.c.o
                0x0000000010008028                udp_sendto_if_src
 .text.udp_sendto_if
                0x0000000010008158       0x48 CMakeFiles/ap_poll.dir/home/vishwas/pico/pico-sdk/lib/lwip/src/core/udp.c.o
                0x0000000010008158                udp_sendto_if
 .text.udp_sendto
                0x00000000100081a0       0x7c CMakeFiles/ap_poll.dir/home/vishwas/pico/pico-sdk/lib/lwip/src/core/udp.c.o
                0x00000000100081a0                udp_sendto
 .text.udp_connect
                0x000000001000821c       0x64 CMakeFiles/ap_poll.dir/home/vishwas/pico/pico-sdk/lib/lwip/src/core/udp.c.o
                0x000000001000821c                udp_connect
 .text.udp_recv
                0x0000000010008280        0xc CMakeFiles/ap_poll.dir/home/vishwas/pico/pico-sdk/lib/lwip/src/core/udp.c.o
                0x0000000010008280                udp_recv
 .text.udp_remove
                0x000000001000828c       0x3c CMakeFiles/ap_poll.dir/home/vishwas/pico/pico-sdk/lib/lwip/src/core/udp.c.o
                0x000000001000828c                udp_remove
 .text.udp_new  0x00000000100082c8       0x1c CMakeFiles/ap_poll.dir/home/vishwas/pico/pico-sdk/lib/lwip/src/core/udp.c.o
                0x00000000100082c8                udp_new
 .text.udp_netif_ip_addr_changed
                0x00000000100082e4       0x40 CMakeFiles/ap_poll.dir/home/vishwas/pico/pico-sdk/lib/lwip/src/core/udp.c.o
                0x00000000100082e4                udp_netif_ip_addr_changed
 .text.dhcp_create_msg
                0x0000000010008324      0x16c CMakeFiles/ap_poll.dir/home/vishwas/pico/pico-sdk/lib/lwip/src/core/ipv4/dhcp.c.o
 .text.dhcp_inc_pcb_refcount
                0x0000000010008490       0x6c CMakeFiles/ap_poll.dir/home/vishwas/pico/pico-sdk/lib/lwip/src/core/ipv4/dhcp.c.o
 .text.dhcp_bind
                0x00000000100084fc      0x11c CMakeFiles/ap_poll.dir/home/vishwas/pico/pico-sdk/lib/lwip/src/core/ipv4/dhcp.c.o
 .text.dhcp_option_hostname.isra.0
                0x0000000010008618       0x8c CMakeFiles/ap_poll.dir/home/vishwas/pico/pico-sdk/lib/lwip/src/core/ipv4/dhcp.c.o
 .text.dhcp_handle_ack.isra.0
                0x00000000100086a4       0xcc CMakeFiles/ap_poll.dir/home/vishwas/pico/pico-sdk/lib/lwip/src/core/ipv4/dhcp.c.o
 .text.dhcp_reboot.isra.0
                0x0000000010008770      0x1e4 CMakeFiles/ap_poll.dir/home/vishwas/pico/pico-sdk/lib/lwip/src/core/ipv4/dhcp.c.o
 .text.dhcp_discover
                0x0000000010008954      0x198 CMakeFiles/ap_poll.dir/home/vishwas/pico/pico-sdk/lib/lwip/src/core/ipv4/dhcp.c.o
 .text.dhcp_select.isra.0
                0x0000000010008aec      0x268 CMakeFiles/ap_poll.dir/home/vishwas/pico/pico-sdk/lib/lwip/src/core/ipv4/dhcp.c.o
 .text.dhcp_recv
                0x0000000010008d54      0x494 CMakeFiles/ap_poll.dir/home/vishwas/pico/pico-sdk/lib/lwip/src/core/ipv4/dhcp.c.o
 .text.dhcp_set_struct
                0x00000000100091e8       0x44 CMakeFiles/ap_poll.dir/home/vishwas/pico/pico-sdk/lib/lwip/src/core/ipv4/dhcp.c.o
                0x00000000100091e8                dhcp_set_struct
 .text.dhcp_network_changed_link_up
                0x000000001000922c       0x40 CMakeFiles/ap_poll.dir/home/vishwas/pico/pico-sdk/lib/lwip/src/core/ipv4/dhcp.c.o
                0x000000001000922c                dhcp_network_changed_link_up
 .text.dhcp_renew
                0x000000001000926c      0x1b8 CMakeFiles/ap_poll.dir/home/vishwas/pico/pico-sdk/lib/lwip/src/core/ipv4/dhcp.c.o
                0x000000001000926c                dhcp_renew
 .text.dhcp_release_and_stop
                0x0000000010009424      0x180 CMakeFiles/ap_poll.dir/home/vishwas/pico/pico-sdk/lib/lwip/src/core/ipv4/dhcp.c.o
                0x0000000010009424                dhcp_release_and_stop
 .text.dhcp_start
                0x00000000100095a4       0xb0 CMakeFiles/ap_poll.dir/home/vishwas/pico/pico-sdk/lib/lwip/src/core/ipv4/dhcp.c.o
                0x00000000100095a4                dhcp_start
 .text.dhcp_coarse_tmr
                0x0000000010009654      0x238 CMakeFiles/ap_poll.dir/home/vishwas/pico/pico-sdk/lib/lwip/src/core/ipv4/dhcp.c.o
                0x0000000010009654                dhcp_coarse_tmr
 .text.dhcp_fine_tmr
                0x000000001000988c       0x78 CMakeFiles/ap_poll.dir/home/vishwas/pico/pico-sdk/lib/lwip/src/core/ipv4/dhcp.c.o
                0x000000001000988c                dhcp_fine_tmr
 .text.dhcp_stop
                0x0000000010009904      0x180 CMakeFiles/ap_poll.dir/home/vishwas/pico/pico-sdk/lib/lwip/src/core/ipv4/dhcp.c.o
                0x0000000010009904                dhcp_stop
 .text.etharp_find_entry
                0x0000000010009a84     0x1fbc CMakeFiles/ap_poll.dir/home/vishwas/pico/pico-sdk/lib/lwip/src/core/ipv4/etharp.c.o
 .text.etharp_raw
                0x000000001000ba40       0xec CMakeFiles/ap_poll.dir/home/vishwas/pico/pico-sdk/lib/lwip/src/core/ipv4/etharp.c.o
 .text.etharp_output_to_arp_index
                0x000000001000bb2c       0xe4 CMakeFiles/ap_poll.dir/home/vishwas/pico/pico-sdk/lib/lwip/src/core/ipv4/etharp.c.o
 .text.etharp_tmr
                0x000000001000bc10       0x94 CMakeFiles/ap_poll.dir/home/vishwas/pico/pico-sdk/lib/lwip/src/core/ipv4/etharp.c.o
                0x000000001000bc10                etharp_tmr
 .text.etharp_cleanup_netif
                0x000000001000bca4      0x188 CMakeFiles/ap_poll.dir/home/vishwas/pico/pico-sdk/lib/lwip/src/core/ipv4/etharp.c.o
                0x000000001000bca4                etharp_cleanup_netif
 .text.etharp_input
                0x000000001000be2c      0x1b0 CMakeFiles/ap_poll.dir/home/vishwas/pico/pico-sdk/lib/lwip/src/core/ipv4/etharp.c.o
                0x000000001000be2c                etharp_input
 .text.etharp_query
                0x000000001000bfdc      0x1c0 CMakeFiles/ap_poll.dir/home/vishwas/pico/pico-sdk/lib/lwip/src/core/ipv4/etharp.c.o
                0x000000001000bfdc                etharp_query
 .text.etharp_output
                0x000000001000c19c      0x24c CMakeFiles/ap_poll.dir/home/vishwas/pico/pico-sdk/lib/lwip/src/core/ipv4/etharp.c.o
                0x000000001000c19c                etharp_output
 .text.etharp_request
                0x000000001000c3e8       0x2c CMakeFiles/ap_poll.dir/home/vishwas/pico/pico-sdk/lib/lwip/src/core/ipv4/etharp.c.o
                0x000000001000c3e8                etharp_request
 .text.icmp_input
                0x000000001000c414      0x1e8 CMakeFiles/ap_poll.dir/home/vishwas/pico/pico-sdk/lib/lwip/src/core/ipv4/icmp.c.o
                0x000000001000c414                icmp_input
 .text.icmp_dest_unreach
                0x000000001000c5fc       0xd0 CMakeFiles/ap_poll.dir/home/vishwas/pico/pico-sdk/lib/lwip/src/core/ipv4/icmp.c.o
                0x000000001000c5fc                icmp_dest_unreach
 .text.icmp_time_exceeded
                0x000000001000c6cc       0xd0 CMakeFiles/ap_poll.dir/home/vishwas/pico/pico-sdk/lib/lwip/src/core/ipv4/icmp.c.o
                0x000000001000c6cc                icmp_time_exceeded
 .text.ip_reass_free_complete_datagram
                0x000000001000c79c      0x114 CMakeFiles/ap_poll.dir/home/vishwas/pico/pico-sdk/lib/lwip/src/core/ipv4/ip4_frag.c.o
 .text.ip_reass_remove_oldest_datagram
                0x000000001000c8b0       0xd8 CMakeFiles/ap_poll.dir/home/vishwas/pico/pico-sdk/lib/lwip/src/core/ipv4/ip4_frag.c.o
 .text.ip_reass_tmr
                0x000000001000c988       0x38 CMakeFiles/ap_poll.dir/home/vishwas/pico/pico-sdk/lib/lwip/src/core/ipv4/ip4_frag.c.o
                0x000000001000c988                ip_reass_tmr
 .text.ip4_reass
                0x000000001000c9c0      0x534 CMakeFiles/ap_poll.dir/home/vishwas/pico/pico-sdk/lib/lwip/src/core/ipv4/ip4_frag.c.o
                0x000000001000c9c0                ip4_reass
 .text.ip4_frag
                0x000000001000cef4      0x17c CMakeFiles/ap_poll.dir/home/vishwas/pico/pico-sdk/lib/lwip/src/core/ipv4/ip4_frag.c.o
                0x000000001000cef4                ip4_frag
 .text.ip4_route
                0x000000001000d070       0x7c CMakeFiles/ap_poll.dir/home/vishwas/pico/pico-sdk/lib/lwip/src/core/ipv4/ip4.c.o
                0x000000001000d070                ip4_route
 .text.ip4_input
                0x000000001000d0ec      0x2cc CMakeFiles/ap_poll.dir/home/vishwas/pico/pico-sdk/lib/lwip/src/core/ipv4/ip4.c.o
                0x000000001000d0ec                ip4_input
 .text.ip4_output_if
                0x000000001000d3b8      0x190 CMakeFiles/ap_poll.dir/home/vishwas/pico/pico-sdk/lib/lwip/src/core/ipv4/ip4.c.o
                0x000000001000d3b8                ip4_output_if
 .text.ip4_output_if_src
                0x000000001000d548      0x17c CMakeFiles/ap_poll.dir/home/vishwas/pico/pico-sdk/lib/lwip/src/core/ipv4/ip4.c.o
                0x000000001000d548                ip4_output_if_src
 .text.ip4_addr_isbroadcast_u32
                0x000000001000d6c4       0x3c CMakeFiles/ap_poll.dir/home/vishwas/pico/pico-sdk/lib/lwip/src/core/ipv4/ip4_addr.c.o
                0x000000001000d6c4                ip4_addr_isbroadcast_u32
 .text.ethernet_input
                0x000000001000d700       0xd0 CMakeFiles/ap_poll.dir/home/vishwas/pico/pico-sdk/lib/lwip/src/netif/ethernet.c.o
                0x000000001000d700                ethernet_input
 .text.ethernet_output
                0x000000001000d7d0       0x6c CMakeFiles/ap_poll.dir/home/vishwas/pico/pico-sdk/lib/lwip/src/netif/ethernet.c.o
                0x000000001000d7d0                ethernet_output
 .text.cyw43_arch_set_async_context
                0x000000001000d83c        0xc CMakeFiles/ap_poll.dir/home/vishwas/pico/pico-sdk/src/rp2_common/pico_cyw43_arch/cyw43_arch.c.o
                0x000000001000d83c                cyw43_arch_set_async_context
 .text.cyw43_arch_enable_ap_mode
                0x000000001000d848       0x88 CMakeFiles/ap_poll.dir/home/vishwas/pico/pico-sdk/src/rp2_common/pico_cyw43_arch/cyw43_arch.c.o
                0x000000001000d848                cyw43_arch_enable_ap_mode
 .text.cyw43_arch_async_context
                0x000000001000d8d0        0xc CMakeFiles/ap_poll.dir/home/vishwas/pico/pico-sdk/src/rp2_common/pico_cyw43_arch/cyw43_arch.c.o
                0x000000001000d8d0                cyw43_arch_async_context
 .text.cyw43_arch_init
                0x000000001000d8dc       0x68 CMakeFiles/ap_poll.dir/home/vishwas/pico/pico-sdk/src/rp2_common/pico_cyw43_arch/cyw43_arch_poll.c.o
                0x000000001000d8dc                cyw43_arch_init
 .text.ns_delay.constprop.0
                0x000000001000d944       0x20 CMakeFiles/ap_poll.dir/home/vishwas/pico/pico-sdk/src/rp2_common/pico_cyw43_driver/cyw43_bus_pio_spi.c.o
 .text.cyw43_spi_deinit
                0x000000001000d964       0x6c CMakeFiles/ap_poll.dir/home/vishwas/pico/pico-sdk/src/rp2_common/pico_cyw43_driver/cyw43_bus_pio_spi.c.o
                0x000000001000d964                cyw43_spi_deinit
 .text.cyw43_spi_init
                0x000000001000d9d0      0x12c CMakeFiles/ap_poll.dir/home/vishwas/pico/pico-sdk/src/rp2_common/pico_cyw43_driver/cyw43_bus_pio_spi.c.o
                0x000000001000d9d0                cyw43_spi_init
 .text.cyw43_spi_transfer
                0x000000001000dafc      0x410 CMakeFiles/ap_poll.dir/home/vishwas/pico/pico-sdk/src/rp2_common/pico_cyw43_driver/cyw43_bus_pio_spi.c.o
                0x000000001000dafc                cyw43_spi_transfer
 .text.cyw43_spi_gpio_setup
                0x000000001000df0c       0x3c CMakeFiles/ap_poll.dir/home/vishwas/pico/pico-sdk/src/rp2_common/pico_cyw43_driver/cyw43_bus_pio_spi.c.o
                0x000000001000df0c                cyw43_spi_gpio_setup
 .text.cyw43_spi_reset
                0x000000001000df48       0x28 CMakeFiles/ap_poll.dir/home/vishwas/pico/pico-sdk/src/rp2_common/pico_cyw43_driver/cyw43_bus_pio_spi.c.o
                0x000000001000df48                cyw43_spi_reset
 .text.read_reg_u32_swap
                0x000000001000df70       0x3c CMakeFiles/ap_poll.dir/home/vishwas/pico/pico-sdk/src/rp2_common/pico_cyw43_driver/cyw43_bus_pio_spi.c.o
                0x000000001000df70                read_reg_u32_swap
 .text.cyw43_read_reg_u32
                0x000000001000dfac       0x6c CMakeFiles/ap_poll.dir/home/vishwas/pico/pico-sdk/src/rp2_common/pico_cyw43_driver/cyw43_bus_pio_spi.c.o
                0x000000001000dfac                cyw43_read_reg_u32
 .text.cyw43_read_reg_u16
                0x000000001000e018       0x6c CMakeFiles/ap_poll.dir/home/vishwas/pico/pico-sdk/src/rp2_common/pico_cyw43_driver/cyw43_bus_pio_spi.c.o
                0x000000001000e018                cyw43_read_reg_u16
 .text.cyw43_read_reg_u8
                0x000000001000e084       0x6c CMakeFiles/ap_poll.dir/home/vishwas/pico/pico-sdk/src/rp2_common/pico_cyw43_driver/cyw43_bus_pio_spi.c.o
                0x000000001000e084                cyw43_read_reg_u8
 .text.write_reg_u32_swap
                0x000000001000e0f0      0x208 CMakeFiles/ap_poll.dir/home/vishwas/pico/pico-sdk/src/rp2_common/pico_cyw43_driver/cyw43_bus_pio_spi.c.o
                0x000000001000e0f0                write_reg_u32_swap
 .text.cyw43_write_reg_u32
                0x000000001000e2f8      0x228 CMakeFiles/ap_poll.dir/home/vishwas/pico/pico-sdk/src/rp2_common/pico_cyw43_driver/cyw43_bus_pio_spi.c.o
                0x000000001000e2f8                cyw43_write_reg_u32
 .text.cyw43_write_reg_u16
                0x000000001000e520      0x228 CMakeFiles/ap_poll.dir/home/vishwas/pico/pico-sdk/src/rp2_common/pico_cyw43_driver/cyw43_bus_pio_spi.c.o
                0x000000001000e520                cyw43_write_reg_u16
 .text.cyw43_write_reg_u8
                0x000000001000e748      0x228 CMakeFiles/ap_poll.dir/home/vishwas/pico/pico-sdk/src/rp2_common/pico_cyw43_driver/cyw43_bus_pio_spi.c.o
                0x000000001000e748                cyw43_write_reg_u8
 .text.cyw43_read_bytes
                0x000000001000e970       0x78 CMakeFiles/ap_poll.dir/home/vishwas/pico/pico-sdk/src/rp2_common/pico_cyw43_driver/cyw43_bus_pio_spi.c.o
                0x000000001000e970                cyw43_read_bytes
 .text.cyw43_write_bytes
                0x000000001000e9e8       0xec CMakeFiles/ap_poll.dir/home/vishwas/pico/pico-sdk/src/rp2_common/pico_cyw43_driver/cyw43_bus_pio_spi.c.o
                0x000000001000e9e8                cyw43_write_bytes
 .text.cyw43_set_backplane_window
                0x000000001000ead4       0x64 CMakeFiles/ap_poll.dir/home/vishwas/pico/pico-sdk/lib/cyw43-driver/src/cyw43_ll.c.o
 .text.cyw43_ll_parse_async_event
                0x000000001000eb38      0x13c CMakeFiles/ap_poll.dir/home/vishwas/pico/pico-sdk/lib/cyw43-driver/src/cyw43_ll.c.o
 .text.cyw43_kso_set
                0x000000001000ec74       0xa0 CMakeFiles/ap_poll.dir/home/vishwas/pico/pico-sdk/lib/cyw43-driver/src/cyw43_ll.c.o
 .text.cyw43_ll_sdpcm_poll_device
                0x000000001000ed14      0x238 CMakeFiles/ap_poll.dir/home/vishwas/pico/pico-sdk/lib/cyw43-driver/src/cyw43_ll.c.o
 .text.cyw43_sdpcm_send_common
                0x000000001000ef4c       0xf8 CMakeFiles/ap_poll.dir/home/vishwas/pico/pico-sdk/lib/cyw43-driver/src/cyw43_ll.c.o
 .text.cyw43_do_ioctl.part.0
                0x000000001000f044       0xc4 CMakeFiles/ap_poll.dir/home/vishwas/pico/pico-sdk/lib/cyw43-driver/src/cyw43_ll.c.o
 .text.cyw43_download_resource
                0x000000001000f108       0xd0 CMakeFiles/ap_poll.dir/home/vishwas/pico/pico-sdk/lib/cyw43-driver/src/cyw43_ll.c.o
 .text.cyw43_write_iovar_n
                0x000000001000f1d8       0x8c CMakeFiles/ap_poll.dir/home/vishwas/pico/pico-sdk/lib/cyw43-driver/src/cyw43_ll.c.o
 .text.cyw43_write_iovar_u32
                0x000000001000f264       0xa4 CMakeFiles/ap_poll.dir/home/vishwas/pico/pico-sdk/lib/cyw43-driver/src/cyw43_ll.c.o
 .text.cyw43_write_iovar_u32_u32.constprop.0
                0x000000001000f308       0xb0 CMakeFiles/ap_poll.dir/home/vishwas/pico/pico-sdk/lib/cyw43-driver/src/cyw43_ll.c.o
 .text.cyw43_read_backplane.constprop.0
                0x000000001000f3b8       0xdc CMakeFiles/ap_poll.dir/home/vishwas/pico/pico-sdk/lib/cyw43-driver/src/cyw43_ll.c.o
 .text.cyw43_write_backplane
                0x000000001000f494      0x104 CMakeFiles/ap_poll.dir/home/vishwas/pico/pico-sdk/lib/cyw43-driver/src/cyw43_ll.c.o
 .text.reset_device_core.constprop.0
                0x000000001000f598      0x3f0 CMakeFiles/ap_poll.dir/home/vishwas/pico/pico-sdk/lib/cyw43-driver/src/cyw43_ll.c.o
 .text.cyw43_ll_init
                0x000000001000f988       0x1c CMakeFiles/ap_poll.dir/home/vishwas/pico/pico-sdk/lib/cyw43-driver/src/cyw43_ll.c.o
                0x000000001000f988                cyw43_ll_init
 .text.cyw43_ll_deinit
                0x000000001000f9a4        0x8 CMakeFiles/ap_poll.dir/home/vishwas/pico/pico-sdk/lib/cyw43-driver/src/cyw43_ll.c.o
                0x000000001000f9a4                cyw43_ll_deinit
 .text.cyw43_ll_send_ethernet
                0x000000001000f9ac       0x60 CMakeFiles/ap_poll.dir/home/vishwas/pico/pico-sdk/lib/cyw43-driver/src/cyw43_ll.c.o
                0x000000001000f9ac                cyw43_ll_send_ethernet
 .text.cyw43_ll_process_packets
                0x000000001000fa0c       0x54 CMakeFiles/ap_poll.dir/home/vishwas/pico/pico-sdk/lib/cyw43-driver/src/cyw43_ll.c.o
                0x000000001000fa0c                cyw43_ll_process_packets
 .text.cyw43_ll_ioctl
                0x000000001000fa60       0x80 CMakeFiles/ap_poll.dir/home/vishwas/pico/pico-sdk/lib/cyw43-driver/src/cyw43_ll.c.o
                0x000000001000fa60                cyw43_ll_ioctl
 .text.cyw43_ll_bus_sleep
                0x000000001000fae0       0x34 CMakeFiles/ap_poll.dir/home/vishwas/pico/pico-sdk/lib/cyw43-driver/src/cyw43_ll.c.o
                0x000000001000fae0                cyw43_ll_bus_sleep
 .text.cyw43_ll_wifi_on
                0x000000001000fb14      0x220 CMakeFiles/ap_poll.dir/home/vishwas/pico/pico-sdk/lib/cyw43-driver/src/cyw43_ll.c.o
                0x000000001000fb14                cyw43_ll_wifi_on
 .text.cyw43_ll_wifi_get_mac
                0x000000001000fd34       0x74 CMakeFiles/ap_poll.dir/home/vishwas/pico/pico-sdk/lib/cyw43-driver/src/cyw43_ll.c.o
                0x000000001000fd34                cyw43_ll_wifi_get_mac
 .text.cyw43_ll_bus_init
                0x000000001000fda8      0x90c CMakeFiles/ap_poll.dir/home/vishwas/pico/pico-sdk/lib/cyw43-driver/src/cyw43_ll.c.o
                0x000000001000fda8                cyw43_ll_bus_init
 .text.cyw43_ll_wifi_pm
                0x00000000100106b4      0x138 CMakeFiles/ap_poll.dir/home/vishwas/pico/pico-sdk/lib/cyw43-driver/src/cyw43_ll.c.o
                0x00000000100106b4                cyw43_ll_wifi_pm
 .text.cyw43_ll_wifi_set_wpa_auth
                0x00000000100107ec       0x4c CMakeFiles/ap_poll.dir/home/vishwas/pico/pico-sdk/lib/cyw43-driver/src/cyw43_ll.c.o
                0x00000000100107ec                cyw43_ll_wifi_set_wpa_auth
 .text.cyw43_ll_wifi_rejoin
                0x0000000010010838       0x58 CMakeFiles/ap_poll.dir/home/vishwas/pico/pico-sdk/lib/cyw43-driver/src/cyw43_ll.c.o
                0x0000000010010838                cyw43_ll_wifi_rejoin
 .text.cyw43_ll_wifi_ap_init
                0x0000000010010890      0x430 CMakeFiles/ap_poll.dir/home/vishwas/pico/pico-sdk/lib/cyw43-driver/src/cyw43_ll.c.o
                0x0000000010010890                cyw43_ll_wifi_ap_init
 .text.cyw43_ll_wifi_ap_set_up
                0x0000000010010cc0       0x80 CMakeFiles/ap_poll.dir/home/vishwas/pico/pico-sdk/lib/cyw43-driver/src/cyw43_ll.c.o
                0x0000000010010cc0                cyw43_ll_wifi_ap_set_up
 .text.cyw43_ll_has_work
                0x0000000010010d40       0x14 CMakeFiles/ap_poll.dir/home/vishwas/pico/pico-sdk/lib/cyw43-driver/src/cyw43_ll.c.o
                0x0000000010010d40                cyw43_ll_has_work
 .text.cyw43_netif_init
                0x0000000010010d54       0x3c CMakeFiles/ap_poll.dir/home/vishwas/pico/pico-sdk/lib/cyw43-driver/src/cyw43_lwip.c.o
 .text.cyw43_netif_output
                0x0000000010010d90       0x34 CMakeFiles/ap_poll.dir/home/vishwas/pico/pico-sdk/lib/cyw43-driver/src/cyw43_lwip.c.o
 .text.cyw43_cb_tcpip_init
                0x0000000010010dc4       0xfc CMakeFiles/ap_poll.dir/home/vishwas/pico/pico-sdk/lib/cyw43-driver/src/cyw43_lwip.c.o
                0x0000000010010dc4                cyw43_cb_tcpip_init
 .text.cyw43_cb_tcpip_deinit
                0x0000000010010ec0       0x4c CMakeFiles/ap_poll.dir/home/vishwas/pico/pico-sdk/lib/cyw43-driver/src/cyw43_lwip.c.o
                0x0000000010010ec0                cyw43_cb_tcpip_deinit
 .text.cyw43_cb_process_ethernet
                0x0000000010010f0c       0x68 CMakeFiles/ap_poll.dir/home/vishwas/pico/pico-sdk/lib/cyw43-driver/src/cyw43_lwip.c.o
                0x0000000010010f0c                cyw43_cb_process_ethernet
 .text.cyw43_cb_tcpip_set_link_up
                0x0000000010010f74       0x18 CMakeFiles/ap_poll.dir/home/vishwas/pico/pico-sdk/lib/cyw43-driver/src/cyw43_lwip.c.o
                0x0000000010010f74                cyw43_cb_tcpip_set_link_up
 .text.cyw43_cb_tcpip_set_link_down
                0x0000000010010f8c       0x18 CMakeFiles/ap_poll.dir/home/vishwas/pico/pico-sdk/lib/cyw43-driver/src/cyw43_lwip.c.o
                0x0000000010010f8c                cyw43_cb_tcpip_set_link_down
 .text.cyw43_poll_func
                0x0000000010010fa4       0xc0 CMakeFiles/ap_poll.dir/home/vishwas/pico/pico-sdk/lib/cyw43-driver/src/cyw43_ctrl.c.o
 .text.cyw43_init
                0x0000000010011064       0x6c CMakeFiles/ap_poll.dir/home/vishwas/pico/pico-sdk/lib/cyw43-driver/src/cyw43_ctrl.c.o
                0x0000000010011064                cyw43_init
 .text.cyw43_deinit
                0x00000000100110d0       0x90 CMakeFiles/ap_poll.dir/home/vishwas/pico/pico-sdk/lib/cyw43-driver/src/cyw43_ctrl.c.o
                0x00000000100110d0                cyw43_deinit
 .text.cyw43_cb_read_host_interrupt_pin
                0x0000000010011160        0xc CMakeFiles/ap_poll.dir/home/vishwas/pico/pico-sdk/lib/cyw43-driver/src/cyw43_ctrl.c.o
                0x0000000010011160                cyw43_cb_read_host_interrupt_pin
 .text.cyw43_cb_ensure_awake
                0x000000001001116c        0xc CMakeFiles/ap_poll.dir/home/vishwas/pico/pico-sdk/lib/cyw43-driver/src/cyw43_ctrl.c.o
                0x000000001001116c                cyw43_cb_ensure_awake
 .text.cyw43_cb_process_async_event
                0x0000000010011178      0x234 CMakeFiles/ap_poll.dir/home/vishwas/pico/pico-sdk/lib/cyw43-driver/src/cyw43_ctrl.c.o
                0x0000000010011178                cyw43_cb_process_async_event
 .text.cyw43_send_ethernet
                0x00000000100113ac       0xc0 CMakeFiles/ap_poll.dir/home/vishwas/pico/pico-sdk/lib/cyw43-driver/src/cyw43_ctrl.c.o
                0x00000000100113ac                cyw43_send_ethernet
 .text.cyw43_wifi_get_mac
                0x000000001001146c       0x10 CMakeFiles/ap_poll.dir/home/vishwas/pico/pico-sdk/lib/cyw43-driver/src/cyw43_ctrl.c.o
                0x000000001001146c                cyw43_wifi_get_mac
 .text.cyw43_wifi_set_up
                0x000000001001147c      0x338 CMakeFiles/ap_poll.dir/home/vishwas/pico/pico-sdk/lib/cyw43-driver/src/cyw43_ctrl.c.o
                0x000000001001147c                cyw43_wifi_set_up
 .text.pio_sm_set_pindirs_with_mask64
                0x00000000100117b4       0xa4 CMakeFiles/ap_poll.dir/home/vishwas/pico/pico-sdk/src/rp2_common/hardware_pio/pio.c.o
                0x00000000100117b4                pio_sm_set_pindirs_with_mask64
 .text.pio_sm_set_consecutive_pindirs
                0x0000000010011858       0xbc CMakeFiles/ap_poll.dir/home/vishwas/pico/pico-sdk/src/rp2_common/hardware_pio/pio.c.o
                0x0000000010011858                pio_sm_set_consecutive_pindirs
 .text.pio_claim_free_sm_and_add_program_for_gpio_range
                0x0000000010011914      0x190 CMakeFiles/ap_poll.dir/home/vishwas/pico/pico-sdk/src/rp2_common/hardware_pio/pio.c.o
                0x0000000010011914                pio_claim_free_sm_and_add_program_for_gpio_range
 .text.pio_remove_program_and_unclaim_sm
                0x0000000010011aa4       0x40 CMakeFiles/ap_poll.dir/home/vishwas/pico/pico-sdk/src/rp2_common/hardware_pio/pio.c.o
                0x0000000010011aa4                pio_remove_program_and_unclaim_sm
 .text.dma_channel_unclaim
                0x0000000010011ae4       0x10 CMakeFiles/ap_poll.dir/home/vishwas/pico/pico-sdk/src/rp2_common/hardware_dma/dma.c.o
                0x0000000010011ae4                dma_channel_unclaim
 .text.dma_claim_unused_channel
                0x0000000010011af4       0x20 CMakeFiles/ap_poll.dir/home/vishwas/pico/pico-sdk/src/rp2_common/hardware_dma/dma.c.o
                0x0000000010011af4                dma_claim_unused_channel
 .text.dma_channel_cleanup
                0x0000000010011b14       0x64 CMakeFiles/ap_poll.dir/home/vishwas/pico/pico-sdk/src/rp2_common/hardware_dma/dma.c.o
                0x0000000010011b14                dma_channel_cleanup
 .text.cyw43_sleep_timeout_reached
                0x0000000010011b78       0x10 CMakeFiles/ap_poll.dir/home/vishwas/pico/pico-sdk/src/rp2_common/pico_cyw43_driver/cyw43_driver.c.o
 .text.cyw43_irq_init
                0x0000000010011b88       0x28 CMakeFiles/ap_poll.dir/home/vishwas/pico/pico-sdk/src/rp2_common/pico_cyw43_driver/cyw43_driver.c.o
                0x0000000010011b88                cyw43_irq_init
 .text.cyw43_irq_deinit
                0x0000000010011bb0       0x20 CMakeFiles/ap_poll.dir/home/vishwas/pico/pico-sdk/src/rp2_common/pico_cyw43_driver/cyw43_driver.c.o
                0x0000000010011bb0                cyw43_irq_deinit
 .text.cyw43_gpio_irq_handler
                0x0000000010011bd0       0x44 CMakeFiles/ap_poll.dir/home/vishwas/pico/pico-sdk/src/rp2_common/pico_cyw43_driver/cyw43_driver.c.o
 .text.cyw43_do_poll
                0x0000000010011c14       0x6c CMakeFiles/ap_poll.dir/home/vishwas/pico/pico-sdk/src/rp2_common/pico_cyw43_driver/cyw43_driver.c.o
 .text.cyw43_post_poll_hook
                0x0000000010011c80       0x10 CMakeFiles/ap_poll.dir/home/vishwas/pico/pico-sdk/src/rp2_common/pico_cyw43_driver/cyw43_driver.c.o
                0x0000000010011c80                cyw43_post_poll_hook
 .text.cyw43_schedule_internal_poll_dispatch
                0x0000000010011c90       0x18 CMakeFiles/ap_poll.dir/home/vishwas/pico/pico-sdk/src/rp2_common/pico_cyw43_driver/cyw43_driver.c.o
                0x0000000010011c90                cyw43_schedule_internal_poll_dispatch
 .text.cyw43_driver_init
                0x0000000010011ca8       0x38 CMakeFiles/ap_poll.dir/home/vishwas/pico/pico-sdk/src/rp2_common/pico_cyw43_driver/cyw43_driver.c.o
                0x0000000010011ca8                cyw43_driver_init
 .text.cyw43_driver_deinit
                0x0000000010011ce0       0x44 CMakeFiles/ap_poll.dir/home/vishwas/pico/pico-sdk/src/rp2_common/pico_cyw43_driver/cyw43_driver.c.o
                0x0000000010011ce0                cyw43_driver_deinit
 .text.cyw43_hal_generate_laa_mac
                0x0000000010011d24       0x28 CMakeFiles/ap_poll.dir/home/vishwas/pico/pico-sdk/src/rp2_common/pico_cyw43_driver/cyw43_driver.c.o
                0x0000000010011d24                cyw43_hal_generate_laa_mac
 .text.cyw43_hal_get_mac
                0x0000000010011d4c       0x1c CMakeFiles/ap_poll.dir/home/vishwas/pico/pico-sdk/src/rp2_common/pico_cyw43_driver/cyw43_driver.c.o
                0x0000000010011d4c                cyw43_hal_get_mac
 .text.cyw43_thread_enter
                0x0000000010011d68       0x14 CMakeFiles/ap_poll.dir/home/vishwas/pico/pico-sdk/src/rp2_common/pico_cyw43_driver/cyw43_driver.c.o
                0x0000000010011d68                cyw43_thread_enter
 .text.cyw43_thread_exit
                0x0000000010011d7c       0x14 CMakeFiles/ap_poll.dir/home/vishwas/pico/pico-sdk/src/rp2_common/pico_cyw43_driver/cyw43_driver.c.o
                0x0000000010011d7c                cyw43_thread_exit
 .text.cyw43_await_background_or_timeout_us
                0x0000000010011d90       0x60 CMakeFiles/ap_poll.dir/home/vishwas/pico/pico-sdk/src/rp2_common/pico_cyw43_driver/cyw43_driver.c.o
                0x0000000010011d90                cyw43_await_background_or_timeout_us
 .text.cyw43_delay_ms
                0x0000000010011df0       0x44 CMakeFiles/ap_poll.dir/home/vishwas/pico/pico-sdk/src/rp2_common/pico_cyw43_driver/cyw43_driver.c.o
                0x0000000010011df0                cyw43_delay_ms
 .text.cyw43_delay_us
                0x0000000010011e34       0x34 CMakeFiles/ap_poll.dir/home/vishwas/pico/pico-sdk/src/rp2_common/pico_cyw43_driver/cyw43_driver.c.o
                0x0000000010011e34                cyw43_delay_us
 .text.noop     0x0000000010011e68        0x4 CMakeFiles/ap_poll.dir/home/vishwas/pico/pico-sdk/src/rp2_common/pico_async_context/async_context_poll.c.o
 .text.async_context_poll_execute_sync
                0x0000000010011e6c        0x8 CMakeFiles/ap_poll.dir/home/vishwas/pico/pico-sdk/src/rp2_common/pico_async_context/async_context_poll.c.o
                0x0000000010011e6c                async_context_poll_execute_sync
 .text.async_context_poll_wait_for_work_until
                0x0000000010011e74       0x24 CMakeFiles/ap_poll.dir/home/vishwas/pico/pico-sdk/src/rp2_common/pico_async_context/async_context_poll.c.o
 .text.async_context_poll_wait_until
                0x0000000010011e98        0xc CMakeFiles/ap_poll.dir/home/vishwas/pico/pico-sdk/src/rp2_common/pico_async_context/async_context_poll.c.o
 .text.async_context_poll_poll
                0x0000000010011ea4        0x8 CMakeFiles/ap_poll.dir/home/vishwas/pico/pico-sdk/src/rp2_common/pico_async_context/async_context_poll.c.o
 .text.async_context_poll_requires_update
                0x0000000010011eac       0x10 CMakeFiles/ap_poll.dir/home/vishwas/pico/pico-sdk/src/rp2_common/pico_async_context/async_context_poll.c.o
 .text.async_context_poll_lock_check
                0x0000000010011ebc       0x24 CMakeFiles/ap_poll.dir/home/vishwas/pico/pico-sdk/src/rp2_common/pico_async_context/async_context_poll.c.o
 .text.async_context_poll_init_with_defaults
                0x0000000010011ee0       0x30 CMakeFiles/ap_poll.dir/home/vishwas/pico/pico-sdk/src/rp2_common/pico_async_context/async_context_poll.c.o
                0x0000000010011ee0                async_context_poll_init_with_defaults
 .text.uart_init
                0x0000000010011f10      0x11c CMakeFiles/ap_poll.dir/home/vishwas/pico/pico-sdk/src/rp2_common/hardware_uart/uart.c.o
                0x0000000010011f10                uart_init
 .text.first_per_core_initializer
                0x000000001001202c        0x4 CMakeFiles/ap_poll.dir/home/vishwas/pico/pico-sdk/src/rp2_common/pico_runtime/runtime.c.o
 .text.hard_assertion_failure
                0x0000000010012030        0xc CMakeFiles/ap_poll.dir/home/vishwas/pico/pico-sdk/src/rp2_common/pico_runtime/runtime.c.o
                0x0000000010012030                hard_assertion_failure
 .text.runtime_run_initializers
                0x000000001001203c       0x28 CMakeFiles/ap_poll.dir/home/vishwas/pico/pico-sdk/src/rp2_common/pico_runtime/runtime.c.o
                0x000000001001203c                runtime_run_initializers
 .text.runtime_init_early_resets
                0x0000000010012064       0x2c CMakeFiles/ap_poll.dir/home/vishwas/pico/pico-sdk/src/rp2_common/pico_runtime_init/runtime_init.c.o
                0x0000000010012064                runtime_init_early_resets
 .text.runtime_init_usb_power_down
                0x0000000010012090       0x1c CMakeFiles/ap_poll.dir/home/vishwas/pico/pico-sdk/src/rp2_common/pico_runtime_init/runtime_init.c.o
                0x0000000010012090                runtime_init_usb_power_down
 .text.runtime_init_post_clock_resets
                0x00000000100120ac       0x20 CMakeFiles/ap_poll.dir/home/vishwas/pico/pico-sdk/src/rp2_common/pico_runtime_init/runtime_init.c.o
                0x00000000100120ac                runtime_init_post_clock_resets
 .text.runtime_init_rp2040_gpio_ie_disable
                0x00000000100120cc       0x14 CMakeFiles/ap_poll.dir/home/vishwas/pico/pico-sdk/src/rp2_common/pico_runtime_init/runtime_init.c.o
                0x00000000100120cc                runtime_init_rp2040_gpio_ie_disable
 .text.runtime_init_spin_locks_reset
                0x00000000100120e0        0x8 CMakeFiles/ap_poll.dir/home/vishwas/pico/pico-sdk/src/rp2_common/pico_runtime_init/runtime_init.c.o
                0x00000000100120e0                runtime_init_spin_locks_reset
 .text.runtime_init_install_ram_vector_table
                0x00000000100120e8       0x1c CMakeFiles/ap_poll.dir/home/vishwas/pico/pico-sdk/src/rp2_common/pico_runtime_init/runtime_init.c.o
                0x00000000100120e8                runtime_init_install_ram_vector_table
 .text.runtime_init_clocks
                0x0000000010012104       0xd8 CMakeFiles/ap_poll.dir/home/vishwas/pico/pico-sdk/src/rp2_common/pico_runtime_init/runtime_init_clocks.c.o
                0x0000000010012104                runtime_init_clocks
 .text          0x00000000100121dc       0x10 CMakeFiles/ap_poll.dir/home/vishwas/pico/pico-sdk/src/rp2_common/pico_bit_ops/bit_ops_aeabi.S.o
 .text.ctzsi    0x00000000100121ec        0xc CMakeFiles/ap_poll.dir/home/vishwas/pico/pico-sdk/src/rp2_common/pico_bit_ops/bit_ops_aeabi.S.o
                0x00000000100121ec                __wrap___ctzsi2
 .text.__wrap___aeabi_idiv
                0x00000000100121f8       0x50 CMakeFiles/ap_poll.dir/home/vishwas/pico/pico-sdk/src/rp2_common/pico_divider/divider_hardware.S.o
                0x00000000100121f8                __wrap___aeabi_idivmod
                0x00000000100121f8                divmod_s32s32
                0x00000000100121f8                div_s32s32
                0x00000000100121f8                __wrap___aeabi_idiv
                0x0000000010012200                divmod_s32s32_unsafe
                0x000000001001222c                divmod_s32s32_savestate
 .text.__wrap___aeabi_uidiv
                0x0000000010012248       0x4c CMakeFiles/ap_poll.dir/home/vishwas/pico/pico-sdk/src/rp2_common/pico_divider/divider_hardware.S.o
                0x0000000010012248                __wrap___aeabi_uidiv
                0x0000000010012248                __wrap___aeabi_uidivmod
                0x0000000010012248                div_u32u32
                0x0000000010012248                divmod_u32u32
                0x0000000010012250                divmod_u32u32_unsafe
                0x0000000010012278                divmod_u32u32_savestate
 .text.__wrap___aeabi_ldiv
                0x0000000010012294      0x424 CMakeFiles/ap_poll.dir/home/vishwas/pico/pico-sdk/src/rp2_common/pico_divider/divider_hardware.S.o
                0x0000000010012294                div_s64s64
                0x0000000010012294                divmod_s64s64
                0x0000000010012294                __wrap___aeabi_ldivmod
                0x00000000100122c4                div_u64u64
                0x00000000100122c4                divmod_u64u64
                0x00000000100122c4                __wrap___aeabi_uldivmod
                0x00000000100122d4                divmod_u64u64_savestate
                0x00000000100122f4                divmod_s64s64_unsafe
                0x000000001001237c                divmod_u64u64_unsafe
 .text.__wrap___aeabi_darithmetic
                0x00000000100126b8       0x60 CMakeFiles/ap_poll.dir/home/vishwas/pico/pico-sdk/src/rp2_common/pico_double/double_aeabi_rp2040.S.o
                0x00000000100126b8                __wrap___aeabi_drsub
                0x00000000100126be                __wrap___aeabi_dsub
                0x00000000100126c8                __wrap___aeabi_dadd
                0x00000000100126d2                __wrap___aeabi_ddiv
                0x0000000010012706                __wrap___aeabi_dmul
 .text.__wrap___aeabi_cdcmple
                0x0000000010012718       0x6c CMakeFiles/ap_poll.dir/home/vishwas/pico/pico-sdk/src/rp2_common/pico_double/double_aeabi_rp2040.S.o
                0x0000000010012718                __wrap___aeabi_cdrcmple
                0x0000000010012728                __wrap___aeabi_cdcmple
                0x0000000010012728                __wrap___aeabi_cdcmpeq
 .text.__wrap___aeabi_dcmplt
                0x0000000010012784        0xc CMakeFiles/ap_poll.dir/home/vishwas/pico/pico-sdk/src/rp2_common/pico_double/double_aeabi_rp2040.S.o
                0x0000000010012784                __wrap___aeabi_dcmplt
 .text.__wrap___aeabi_dcmple
                0x0000000010012790       0x10 CMakeFiles/ap_poll.dir/home/vishwas/pico/pico-sdk/src/rp2_common/pico_double/double_aeabi_rp2040.S.o
                0x0000000010012790                __wrap___aeabi_dcmple
 .text.__wrap___aeabi_dcmpge
                0x00000000100127a0       0x10 CMakeFiles/ap_poll.dir/home/vishwas/pico/pico-sdk/src/rp2_common/pico_double/double_aeabi_rp2040.S.o
                0x00000000100127a0                __wrap___aeabi_dcmpge
 .text.__wrap___aeabi_dcmpgt
                0x00000000100127b0        0xa CMakeFiles/ap_poll.dir/home/vishwas/pico/pico-sdk/src/rp2_common/pico_double/double_aeabi_rp2040.S.o
                0x00000000100127b0                __wrap___aeabi_dcmpgt
 .text.__wrap___aeabi_dcmpun
                0x00000000100127ba       0x18 CMakeFiles/ap_poll.dir/home/vishwas/pico/pico-sdk/src/rp2_common/pico_double/double_aeabi_rp2040.S.o
                0x00000000100127ba                __wrap___aeabi_dcmpun
 *fill*         0x00000000100127d2        0x2 
 .text.__wrap___aeabi_i2d
                0x00000000100127d4       0x38 CMakeFiles/ap_poll.dir/home/vishwas/pico/pico-sdk/src/rp2_common/pico_double/double_aeabi_rp2040.S.o
                0x00000000100127d4                __wrap___aeabi_ui2d
                0x00000000100127d4                uint2double
                0x00000000100127dc                __wrap___aeabi_i2d
                0x00000000100127dc                int2double
 .text.__wrap___aeabi_d2iz
                0x000000001001280c       0x48 CMakeFiles/ap_poll.dir/home/vishwas/pico/pico-sdk/src/rp2_common/pico_double/double_aeabi_rp2040.S.o
                0x000000001001280c                __wrap___aeabi_d2iz
                0x000000001001280c                double2int_z
 .text.__wrap___aeabi_d2uiz
                0x0000000010012854       0x10 CMakeFiles/ap_poll.dir/home/vishwas/pico/pico-sdk/src/rp2_common/pico_double/double_aeabi_rp2040.S.o
                0x0000000010012854                double2uint_z
                0x0000000010012854                double2uint
                0x0000000010012854                __wrap___aeabi_d2uiz
 .text.missing_double_func_shim
                0x0000000010012864        0xc CMakeFiles/ap_poll.dir/home/vishwas/pico/pico-sdk/src/rp2_common/pico_double/double_init_rom_rp2040.c.o
 .text.__aeabi_double_init
                0x0000000010012870       0xa4 CMakeFiles/ap_poll.dir/home/vishwas/pico/pico-sdk/src/rp2_common/pico_double/double_init_rom_rp2040.c.o
                0x0000000010012870                __aeabi_double_init
 .text.double_table_shim_on_use_helper
                0x0000000010012914       0x2c CMakeFiles/ap_poll.dir/home/vishwas/pico/pico-sdk/src/rp2_common/pico_double/double_v1_rom_shim_rp2040.S.o
                0x0000000010012914                double_table_shim_on_use_helper
 .text.__aeabi_lmul
                0x0000000010012940       0x32 CMakeFiles/ap_poll.dir/home/vishwas/pico/pico-sdk/src/rp2_common/pico_int64_ops/pico_int64_ops_aeabi.S.o
                0x0000000010012940                __wrap___aeabi_lmul
 *fill*         0x0000000010012972        0x2 
 .text.missing_float_func_shim
                0x0000000010012974        0xc CMakeFiles/ap_poll.dir/home/vishwas/pico/pico-sdk/src/rp2_common/pico_float/float_init_rom_rp2040.c.o
 .text.__aeabi_float_init
                0x0000000010012980       0x5c CMakeFiles/ap_poll.dir/home/vishwas/pico/pico-sdk/src/rp2_common/pico_float/float_init_rom_rp2040.c.o
                0x0000000010012980                __aeabi_float_init
 .text.__wrap_malloc
                0x00000000100129dc       0x24 CMakeFiles/ap_poll.dir/home/vishwas/pico/pico-sdk/src/rp2_common/pico_malloc/malloc.c.o
                0x00000000100129dc                __wrap_malloc
 .text.__wrap_free
                0x0000000010012a00        0x8 CMakeFiles/ap_poll.dir/home/vishwas/pico/pico-sdk/src/rp2_common/pico_malloc/malloc.c.o
                0x0000000010012a00                __wrap_free
 .text          0x0000000010012a08       0x10 CMakeFiles/ap_poll.dir/home/vishwas/pico/pico-sdk/src/rp2_common/pico_mem_ops/mem_ops_aeabi.S.o
                0x0000000010012a08                __aeabi_mem_init
 .text.memset   0x0000000010012a18        0xc CMakeFiles/ap_poll.dir/home/vishwas/pico/pico-sdk/src/rp2_common/pico_mem_ops/mem_ops_aeabi.S.o
                0x0000000010012a18                __wrap_memset
 .text.memcpy   0x0000000010012a24        0xc CMakeFiles/ap_poll.dir/home/vishwas/pico/pico-sdk/src/rp2_common/pico_mem_ops/mem_ops_aeabi.S.o
                0x0000000010012a24                __wrap___aeabi_memcpy
                0x0000000010012a24                __wrap_memcpy
 .text._out_null
                0x0000000010012a30        0x4 CMakeFiles/ap_poll.dir/home/vishwas/pico/pico-sdk/src/rp2_common/pico_printf/printf.c.o
 .text._out_rev
                0x0000000010012a34       0x9c CMakeFiles/ap_poll.dir/home/vishwas/pico/pico-sdk/src/rp2_common/pico_printf/printf.c.o
 .text._ntoa_format
                0x0000000010012ad0      0x1cc CMakeFiles/ap_poll.dir/home/vishwas/pico/pico-sdk/src/rp2_common/pico_printf/printf.c.o
 .text._out_char
                0x0000000010012c9c       0x10 CMakeFiles/ap_poll.dir/home/vishwas/pico/pico-sdk/src/rp2_common/pico_printf/printf.c.o
 .text._out_fct
                0x0000000010012cac       0x10 CMakeFiles/ap_poll.dir/home/vishwas/pico/pico-sdk/src/rp2_common/pico_printf/printf.c.o
 .text._etoa    0x0000000010012cbc      0x44c CMakeFiles/ap_poll.dir/home/vishwas/pico/pico-sdk/src/rp2_common/pico_printf/printf.c.o
 .text._ftoa    0x0000000010013108      0x398 CMakeFiles/ap_poll.dir/home/vishwas/pico/pico-sdk/src/rp2_common/pico_printf/printf.c.o
 .text._vsnprintf
                0x00000000100134a0      0xb04 CMakeFiles/ap_poll.dir/home/vishwas/pico/pico-sdk/src/rp2_common/pico_printf/printf.c.o
 .text.vfctprintf
                0x0000000010013fa4       0x20 CMakeFiles/ap_poll.dir/home/vishwas/pico/pico-sdk/src/rp2_common/pico_printf/printf.c.o
                0x0000000010013fa4                vfctprintf
 .text.weak_raw_vprintf
                0x0000000010013fc4       0x30 CMakeFiles/ap_poll.dir/home/vishwas/pico/pico-sdk/src/rp2_common/pico_printf/printf.c.o
                0x0000000010013fc4                weak_raw_vprintf
 .text._exit    0x0000000010013ff4        0x4 CMakeFiles/ap_poll.dir/home/vishwas/pico/pico-sdk/src/rp2_common/pico_clib_interface/newlib_interface.c.o
                0x0000000010013ff4                _exit
 .text._sbrk    0x0000000010013ff8       0x34 CMakeFiles/ap_poll.dir/home/vishwas/pico/pico-sdk/src/rp2_common/pico_clib_interface/newlib_interface.c.o
                0x0000000010013ff8                _sbrk
 .text.exit     0x000000001001402c        0x8 CMakeFiles/ap_poll.dir/home/vishwas/pico/pico-sdk/src/rp2_common/pico_clib_interface/newlib_interface.c.o
                0x000000001001402c                exit
 .text.runtime_init
                0x0000000010014034       0x2c CMakeFiles/ap_poll.dir/home/vishwas/pico/pico-sdk/src/rp2_common/pico_clib_interface/newlib_interface.c.o
                0x0000000010014034                runtime_init
 .text.stdio_out_chars_no_crlf
                0x0000000010014060       0x10 CMakeFiles/ap_poll.dir/home/vishwas/pico/pico-sdk/src/rp2_common/pico_stdio/stdio.c.o
 .text.stdio_out_chars_crlf
                0x0000000010014070       0xb4 CMakeFiles/ap_poll.dir/home/vishwas/pico/pico-sdk/src/rp2_common/pico_stdio/stdio.c.o
 .text.stdio_buffered_printer
                0x0000000010014124       0x64 CMakeFiles/ap_poll.dir/home/vishwas/pico/pico-sdk/src/rp2_common/pico_stdio/stdio.c.o
 .text.stdio_put_string
                0x0000000010014188      0x100 CMakeFiles/ap_poll.dir/home/vishwas/pico/pico-sdk/src/rp2_common/pico_stdio/stdio.c.o
                0x0000000010014188                stdio_put_string
 .text.stdio_set_driver_enabled
                0x0000000010014288       0x30 CMakeFiles/ap_poll.dir/home/vishwas/pico/pico-sdk/src/rp2_common/pico_stdio/stdio.c.o
                0x0000000010014288                stdio_set_driver_enabled
 .text.stdio_init_all
                0x00000000100142b8        0xc CMakeFiles/ap_poll.dir/home/vishwas/pico/pico-sdk/src/rp2_common/pico_stdio/stdio.c.o
                0x00000000100142b8                stdio_init_all
 .text.__wrap_putchar
                0x00000000100142c4       0x98 CMakeFiles/ap_poll.dir/home/vishwas/pico/pico-sdk/src/rp2_common/pico_stdio/stdio.c.o
                0x00000000100142c4                stdio_putchar
                0x00000000100142c4                __wrap_putchar
 .text.__wrap_puts
                0x000000001001435c       0x3c CMakeFiles/ap_poll.dir/home/vishwas/pico/pico-sdk/src/rp2_common/pico_stdio/stdio.c.o
                0x000000001001435c                __wrap_puts
                0x000000001001435c                stdio_puts
 .text.__wrap_vprintf
                0x0000000010014398       0xd8 CMakeFiles/ap_poll.dir/home/vishwas/pico/pico-sdk/src/rp2_common/pico_stdio/stdio.c.o
                0x0000000010014398                __wrap_vprintf
                0x0000000010014398                stdio_vprintf
 .text.__wrap_printf
                0x0000000010014470       0x18 CMakeFiles/ap_poll.dir/home/vishwas/pico/pico-sdk/src/rp2_common/pico_stdio/stdio.c.o
                0x0000000010014470                stdio_printf
                0x0000000010014470                __wrap_printf
 .text.stdio_uart_out_chars
                0x0000000010014488       0x4c CMakeFiles/ap_poll.dir/home/vishwas/pico/pico-sdk/src/rp2_common/pico_stdio_uart/stdio_uart.c.o
 .text.stdio_uart_in_chars
                0x00000000100144d4       0x84 CMakeFiles/ap_poll.dir/home/vishwas/pico/pico-sdk/src/rp2_common/pico_stdio_uart/stdio_uart.c.o
                0x00000000100144d4                stdio_uart_in_chars
 .text.on_uart_rx
                0x0000000010014558       0x28 CMakeFiles/ap_poll.dir/home/vishwas/pico/pico-sdk/src/rp2_common/pico_stdio_uart/stdio_uart.c.o
 .text.stdio_uart_out_flush
                0x0000000010014580       0x14 CMakeFiles/ap_poll.dir/home/vishwas/pico/pico-sdk/src/rp2_common/pico_stdio_uart/stdio_uart.c.o
 .text.stdio_uart_set_chars_available_callback
                0x0000000010014594       0x88 CMakeFiles/ap_poll.dir/home/vishwas/pico/pico-sdk/src/rp2_common/pico_stdio_uart/stdio_uart.c.o
 .text.stdio_uart_init
                0x000000001001461c       0x50 CMakeFiles/ap_poll.dir/home/vishwas/pico/pico-sdk/src/rp2_common/pico_stdio_uart/stdio_uart.c.o
                0x000000001001461c                stdio_uart_init
 .text          0x000000001001466c       0x28 /usr/lib/gcc/arm-none-eabi/10.3.1/../../../arm-none-eabi/lib/thumb/v6-m/nofp/libg.a(lib_a-malloc.o)
                0x000000001001466c                malloc
                0x0000000010014680                free
 .text          0x0000000010014694      0x574 /usr/lib/gcc/arm-none-eabi/10.3.1/../../../arm-none-eabi/lib/thumb/v6-m/nofp/libg.a(lib_a-mallocr.o)
                0x0000000010014694                _malloc_r
 .text          0x0000000010014c08       0x48 /usr/lib/gcc/arm-none-eabi/10.3.1/../../../arm-none-eabi/lib/thumb/v6-m/nofp/libg.a(lib_a-memcmp.o)
                0x0000000010014c08                memcmp
 .text          0x0000000010014c50       0xac /usr/lib/gcc/arm-none-eabi/10.3.1/../../../arm-none-eabi/lib/thumb/v6-m/nofp/libg.a(lib_a-memmove.o)
                0x0000000010014c50                memmove
 .text          0x0000000010014cfc        0x8 /usr/lib/gcc/arm-none-eabi/10.3.1/../../../arm-none-eabi/lib/thumb/v6-m/nofp/libg.a(lib_a-mlock.o)
                0x0000000010014cfc                __malloc_lock
                0x0000000010014d00                __malloc_unlock
 .text          0x0000000010014d04       0x24 /usr/lib/gcc/arm-none-eabi/10.3.1/../../../arm-none-eabi/lib/thumb/v6-m/nofp/libg.a(lib_a-sbrkr.o)
                0x0000000010014d04                _sbrk_r
 .text          0x0000000010014d28       0x5c /usr/lib/gcc/arm-none-eabi/10.3.1/../../../arm-none-eabi/lib/thumb/v6-m/nofp/libg.a(lib_a-strlen-stub.o)
                0x0000000010014d28                strlen
 .text          0x0000000010014d84       0x74 /usr/lib/gcc/arm-none-eabi/10.3.1/../../../arm-none-eabi/lib/thumb/v6-m/nofp/libg.a(lib_a-strncmp.o)
                0x0000000010014d84                strncmp
 .text          0x0000000010014df8      0x260 /usr/lib/gcc/arm-none-eabi/10.3.1/../../../arm-none-eabi/lib/thumb/v6-m/nofp/libg.a(lib_a-freer.o)
                0x0000000010014df8                _malloc_trim_r
                0x0000000010014e94                _free_r
 *(.fini)
 .fini          0x0000000010015058        0x4 /usr/lib/gcc/arm-none-eabi/10.3.1/thumb/v6-m/nofp/crti.o
                0x0000000010015058                _fini
 *fill*         0x000000001001505c        0x4 
 .fini.__stub   0x0000000010015060       0x70 linker stubs
 *crtbegin.o(.ctors)
 *crtbegin?.o(.ctors)
 *(EXCLUDE_FILE(*crtend.o *crtend?.o) .ctors)
 *(SORT_BY_NAME(.ctors.*))
 *(.ctors)
 *crtbegin.o(.dtors)
 *crtbegin?.o(.dtors)
 *(EXCLUDE_FILE(*crtend.o *crtend?.o) .dtors)
 *(SORT_BY_NAME(.dtors.*))
 *(.dtors)
                0x00000000100150d0                . = ALIGN (0x4)
                0x00000000100150d0                PROVIDE (__preinit_array_start = .)
 *(SORT_BY_NAME(.preinit_array.*))
 .preinit_array.00100
                0x00000000100150d0        0x4 CMakeFiles/ap_poll.dir/home/vishwas/pico/pico-sdk/src/rp2_common/pico_runtime_init/runtime_init.c.o
                0x00000000100150d0                __pre_init_runtime_init_early_resets
 .preinit_array.00101
                0x00000000100150d4        0x4 CMakeFiles/ap_poll.dir/home/vishwas/pico/pico-sdk/src/rp2_common/pico_runtime_init/runtime_init.c.o
                0x00000000100150d4                __pre_init_runtime_init_usb_power_down
 .preinit_array.00275
                0x00000000100150d8        0x4 CMakeFiles/ap_poll.dir/home/vishwas/pico/pico-sdk/src/rp2_common/pico_bit_ops/bit_ops_aeabi.S.o
 .preinit_array.00300
                0x00000000100150dc        0x4 CMakeFiles/ap_poll.dir/home/vishwas/pico/pico-sdk/src/rp2_common/pico_mem_ops/mem_ops_aeabi.S.o
 .preinit_array.00350
                0x00000000100150e0        0x4 CMakeFiles/ap_poll.dir/home/vishwas/pico/pico-sdk/src/rp2_common/pico_double/double_aeabi_rp2040.S.o
 .preinit_array.00350
                0x00000000100150e4        0x4 CMakeFiles/ap_poll.dir/home/vishwas/pico/pico-sdk/src/rp2_common/pico_float/float_aeabi_rp2040.S.o
 .preinit_array.00500
                0x00000000100150e8        0x4 CMakeFiles/ap_poll.dir/home/vishwas/pico/pico-sdk/src/rp2_common/pico_runtime_init/runtime_init.c.o
                0x00000000100150e8                __pre_init_runtime_init_clocks
 .preinit_array.00600
                0x00000000100150ec        0x4 CMakeFiles/ap_poll.dir/home/vishwas/pico/pico-sdk/src/rp2_common/pico_runtime_init/runtime_init.c.o
                0x00000000100150ec                __pre_init_runtime_init_post_clock_resets
 .preinit_array.00700
                0x00000000100150f0        0x4 CMakeFiles/ap_poll.dir/home/vishwas/pico/pico-sdk/src/rp2_common/pico_runtime_init/runtime_init.c.o
                0x00000000100150f0                __pre_init_runtime_init_rp2040_gpio_ie_disable
 .preinit_array.01000
                0x00000000100150f4        0x4 CMakeFiles/ap_poll.dir/home/vishwas/pico/pico-sdk/src/rp2_common/pico_runtime_init/runtime_init.c.o
                0x00000000100150f4                __pre_init_runtime_init_spin_locks_reset
 .preinit_array.01100