Archive member included to satisfy reference by file (symbol)

/usr/lib/gcc/arm-none-eabi/10.3.1/thumb/v6-m/nofp/libgcc.a(_dvmd_tls.o)
                              CMakeFiles/io.dir/home/vishwas/pico/pico-sdk/src/rp2_common/pico_divider/divider_hardware.S.o (__aeabi_idiv0)
/usr/lib/gcc/arm-none-eabi/10.3.1/../../../arm-none-eabi/lib/thumb/v6-m/nofp/libg.a(lib_a-atexit.o)
                              /usr/lib/gcc/arm-none-eabi/10.3.1/../../../arm-none-eabi/lib/thumb/v6-m/nofp/crt0.o (atexit)
/usr/lib/gcc/arm-none-eabi/10.3.1/../../../arm-none-eabi/lib/thumb/v6-m/nofp/libg.a(lib_a-calloc.o)
                              CMakeFiles/io.dir/home/vishwas/pico/pico-sdk/src/rp2_common/pico_malloc/malloc.c.o (calloc)
/usr/lib/gcc/arm-none-eabi/10.3.1/../../../arm-none-eabi/lib/thumb/v6-m/nofp/libg.a(lib_a-callocr.o)
                              /usr/lib/gcc/arm-none-eabi/10.3.1/../../../arm-none-eabi/lib/thumb/v6-m/nofp/libg.a(lib_a-calloc.o) (_calloc_r)
/usr/lib/gcc/arm-none-eabi/10.3.1/../../../arm-none-eabi/lib/thumb/v6-m/nofp/libg.a(lib_a-fini.o)
                              /usr/lib/gcc/arm-none-eabi/10.3.1/../../../arm-none-eabi/lib/thumb/v6-m/nofp/crt0.o (__libc_fini_array)
/usr/lib/gcc/arm-none-eabi/10.3.1/../../../arm-none-eabi/lib/thumb/v6-m/nofp/libg.a(lib_a-impure.o)
                              /usr/lib/gcc/arm-none-eabi/10.3.1/../../../arm-none-eabi/lib/thumb/v6-m/nofp/libg.a(lib_a-calloc.o) (_impure_ptr)
/usr/lib/gcc/arm-none-eabi/10.3.1/../../../arm-none-eabi/lib/thumb/v6-m/nofp/libg.a(lib_a-init.o)
                              /usr/lib/gcc/arm-none-eabi/10.3.1/../../../arm-none-eabi/lib/thumb/v6-m/nofp/crt0.o (__libc_init_array)
/usr/lib/gcc/arm-none-eabi/10.3.1/../../../arm-none-eabi/lib/thumb/v6-m/nofp/libg.a(lib_a-lcltime_r.o)
                              CMakeFiles/io.dir/home/vishwas/pico/pico-sdk/src/common/pico_util/datetime.c.o (localtime_r)
/usr/lib/gcc/arm-none-eabi/10.3.1/../../../arm-none-eabi/lib/thumb/v6-m/nofp/libg.a(lib_a-malloc.o)
                              CMakeFiles/io.dir/home/vishwas/pico/pico-sdk/src/rp2_common/pico_malloc/malloc.c.o (malloc)
/usr/lib/gcc/arm-none-eabi/10.3.1/../../../arm-none-eabi/lib/thumb/v6-m/nofp/libg.a(lib_a-mallocr.o)
                              /usr/lib/gcc/arm-none-eabi/10.3.1/../../../arm-none-eabi/lib/thumb/v6-m/nofp/libg.a(lib_a-callocr.o) (_malloc_r)
/usr/lib/gcc/arm-none-eabi/10.3.1/../../../arm-none-eabi/lib/thumb/v6-m/nofp/libg.a(lib_a-memcmp.o)
                              CMakeFiles/io.dir/home/vishwas/pico/pico-sdk/src/rp2_common/pico_atomic/atomic.c.o (memcmp)
/usr/lib/gcc/arm-none-eabi/10.3.1/../../../arm-none-eabi/lib/thumb/v6-m/nofp/libg.a(lib_a-memmove.o)
                              CMakeFiles/io.dir/home/vishwas/pico/pico-sdk/lib/cyw43-driver/src/cyw43_ll.c.o (memmove)
/usr/lib/gcc/arm-none-eabi/10.3.1/../../../arm-none-eabi/lib/thumb/v6-m/nofp/libg.a(lib_a-mktime.o)
                              CMakeFiles/io.dir/home/vishwas/pico/pico-sdk/src/common/pico_util/datetime.c.o (mktime)
/usr/lib/gcc/arm-none-eabi/10.3.1/../../../arm-none-eabi/lib/thumb/v6-m/nofp/libg.a(lib_a-mlock.o)
                              /usr/lib/gcc/arm-none-eabi/10.3.1/../../../arm-none-eabi/lib/thumb/v6-m/nofp/libg.a(lib_a-mallocr.o) (__malloc_lock)
/usr/lib/gcc/arm-none-eabi/10.3.1/../../../arm-none-eabi/lib/thumb/v6-m/nofp/libg.a(lib_a-month_lengths.o)
                              /usr/lib/gcc/arm-none-eabi/10.3.1/../../../arm-none-eabi/lib/thumb/v6-m/nofp/libg.a(lib_a-lcltime_r.o) (__month_lengths)
/usr/lib/gcc/arm-none-eabi/10.3.1/../../../arm-none-eabi/lib/thumb/v6-m/nofp/libg.a(lib_a-realloc.o)
                              CMakeFiles/io.dir/home/vishwas/pico/pico-sdk/src/rp2_common/pico_malloc/malloc.c.o (realloc)
/usr/lib/gcc/arm-none-eabi/10.3.1/../../../arm-none-eabi/lib/thumb/v6-m/nofp/libg.a(lib_a-reallocr.o)
                              /usr/lib/gcc/arm-none-eabi/10.3.1/../../../arm-none-eabi/lib/thumb/v6-m/nofp/libg.a(lib_a-realloc.o) (_realloc_r)
/usr/lib/gcc/arm-none-eabi/10.3.1/../../../arm-none-eabi/lib/thumb/v6-m/nofp/libg.a(lib_a-sbrkr.o)
                              /usr/lib/gcc/arm-none-eabi/10.3.1/../../../arm-none-eabi/lib/thumb/v6-m/nofp/libg.a(lib_a-mallocr.o) (_sbrk_r)
/usr/lib/gcc/arm-none-eabi/10.3.1/../../../arm-none-eabi/lib/thumb/v6-m/nofp/libg.a(lib_a-scanf.o)
                              CMakeFiles/io.dir/m1.c.o (scanf)
/usr/lib/gcc/arm-none-eabi/10.3.1/../../../arm-none-eabi/lib/thumb/v6-m/nofp/libg.a(lib_a-strlen-stub.o)
                              CMakeFiles/io.dir/home/vishwas/pico/pico-sdk/src/rp2_common/pico_stdio/stdio.c.o (strlen)
/usr/lib/gcc/arm-none-eabi/10.3.1/../../../arm-none-eabi/lib/thumb/v6-m/nofp/libg.a(lib_a-strncmp.o)
                              CMakeFiles/io.dir/home/vishwas/pico/pico-sdk/lib/cyw43-driver/src/cyw43_ll.c.o (strncmp)
/usr/lib/gcc/arm-none-eabi/10.3.1/../../../arm-none-eabi/lib/thumb/v6-m/nofp/libg.a(lib_a-tzcalc_limits.o)
[...]
Memory Configuration

Name             Origin             Length             Attributes
FLASH            0x0000000010000000 0x0000000000200000 xr
RAM              0x0000000020000000 0x0000000000040000 xrw
SCRATCH_X        0x0000000020040000 0x0000000000001000 xrw
SCRATCH_Y        0x0000000020041000 0x0000000000001000 xrw
*default*        0x0000000000000000 0xffffffffffffffff

Linker script and memory map

LOAD /usr/lib/gcc/arm-none-eabi/10.3.1/thumb/v6-m/nofp/crti.o
LOAD /usr/lib/gcc/arm-none-eabi/10.3.1/thumb/v6-m/nofp/crtbegin.o
LOAD /usr/lib/gcc/arm-none-eabi/10.3.1/../../../arm-none-eabi/lib/thumb/v6-m/nofp/crt0.o

.flash_begin    0x0000000010000000        0x0
                0x0000000010000000                __flash_binary_start = .

.boot2          0x0000000010000000      0x100
                0x0000000010000000                __boot2_start__ = .
 *(.boot2)
 .boot2         0x0000000010000000      0x100 pico-sdk/src/rp2040/boot_stage2/CMakeFiles/bs2_default_library.dir/bs2_default_padded_checksummed.S.o
                0x0000000010000100                __boot2_end__ = .
                0x0000000000000001                ASSERT (((__boot2_end__ - __boot2_start__) == 0x100), ERROR: Pico second stage bootloader must be 256 bytes in size)

.text           0x0000000010000100     0xfeb4
                0x0000000010000100                __logical_binary_start = .
 *(.vectors)
 .vectors       0x0000000010000100       0xd4 CMakeFiles/io.dir/home/vishwas/pico/pico-sdk/src/rp2_common/pico_crt0/crt0.S.o
                0x0000000010000100                __vectors
                0x0000000010000100                __VECTOR_TABLE
                0x00000000100001c0                isr_invalid
                0x00000000100001c0                __default_isrs_start
                0x00000000100001c2                isr_nmi
                0x00000000100001c4                isr_hardfault
                0x00000000100001c6                isr_svcall
                0x00000000100001c8                isr_pendsv
                0x00000000100001ca                isr_systick
                0x00000000100001cc                isr_irq30
                0x00000000100001cc                __unhandled_user_irq
                0x00000000100001cc                isr_irq13
                0x00000000100001cc                isr_irq27
                0x00000000100001cc                isr_irq31
                0x00000000100001cc                isr_irq5
                0x00000000100001cc                isr_irq11
                0x00000000100001cc                isr_irq23
                0x00000000100001cc                isr_irq18
                0x00000000100001cc                isr_irq28
                0x00000000100001cc                isr_irq19
                0x00000000100001cc                isr_irq0
                0x00000000100001cc                isr_irq6
                0x00000000100001cc                isr_irq22
                0x00000000100001cc                isr_irq17
                0x00000000100001cc                isr_irq14
                0x00000000100001cc                isr_irq2
                0x00000000100001cc                isr_irq10
                0x00000000100001cc                isr_irq8
                0x00000000100001cc                isr_irq24
                0x00000000100001cc                isr_irq1
                0x00000000100001cc                isr_irq7
                0x00000000100001cc                isr_irq21
                0x00000000100001cc                isr_irq20
                0x00000000100001cc                isr_irq15
                0x00000000100001cc                isr_irq25
                0x00000000100001cc                isr_irq4
                0x00000000100001cc                isr_irq16
                0x00000000100001cc                isr_irq29
                0x00000000100001cc                isr_irq26
                0x00000000100001cc                __default_isrs_end
                0x00000000100001cc                isr_irq3
                0x00000000100001cc                isr_irq12
                0x00000000100001cc                isr_irq9
                0x00000000100001d2                unhandled_user_irq_num_in_r0
 *(.binary_info_header)
 .binary_info_header
                0x00000000100001d4       0x14 CMakeFiles/io.dir/home/vishwas/pico/pico-sdk/src/rp2_common/pico_crt0/crt0.S.o
                0x00000000100001e8                __binary_info_header_end = .
 *(.embedded_block)
                0x00000000100001e8                __embedded_block_end = .
 *(.reset)
 .reset         0x00000000100001e8       0x9c CMakeFiles/io.dir/home/vishwas/pico/pico-sdk/src/rp2_common/pico_crt0/crt0.S.o
                0x00000000100001e8                _entry_point
 *(.init)
 .init          0x0000000010000284        0x4 /usr/lib/gcc/arm-none-eabi/10.3.1/thumb/v6-m/nofp/crti.o
                0x0000000010000284                _init
 *(EXCLUDE_FILE(*libm.a: *libc.a:*lib_a-mem*.o *libgcc.a:) .text*)
 .text          0x0000000010000288       0x98 /usr/lib/gcc/arm-none-eabi/10.3.1/thumb/v6-m/nofp/crtbegin.o
 .text.startup.main
                0x0000000010000320      0x100 CMakeFiles/io.dir/m1.c.o
                0x0000000010000320                main
 .text.gpio_set_function
                0x0000000010000420       0x34 CMakeFiles/io.dir/home/vishwas/pico/pico-sdk/src/rp2_common/hardware_gpio/gpio.c.o
                0x0000000010000420                gpio_set_function
 .text.gpio_set_pulls
                0x0000000010000454       0x34 CMakeFiles/io.dir/home/vishwas/pico/pico-sdk/src/rp2_common/hardware_gpio/gpio.c.o
                0x0000000010000454                gpio_set_pulls
 .text.gpio_set_input_hysteresis_enabled
                0x0000000010000488       0x28 CMakeFiles/io.dir/home/vishwas/pico/pico-sdk/src/rp2_common/hardware_gpio/gpio.c.o
                0x0000000010000488                gpio_set_input_hysteresis_enabled
 .text.gpio_set_irq_enabled
                0x00000000100004b0       0x58 CMakeFiles/io.dir/home/vishwas/pico/pico-sdk/src/rp2_common/hardware_gpio/gpio.c.o
                0x00000000100004b0                gpio_set_irq_enabled
 .text.gpio_add_raw_irq_handler_with_order_priority_masked
                0x0000000010000508       0x44 CMakeFiles/io.dir/home/vishwas/pico/pico-sdk/src/rp2_common/hardware_gpio/gpio.c.o
                0x0000000010000508                gpio_add_raw_irq_handler_with_order_priority_masked
 .text.gpio_remove_raw_irq_handler_masked
                0x000000001000054c       0x20 CMakeFiles/io.dir/home/vishwas/pico/pico-sdk/src/rp2_common/hardware_gpio/gpio.c.o
                0x000000001000054c                gpio_remove_raw_irq_handler_masked
 .text.gpio_init
                0x000000001000056c       0x40 CMakeFiles/io.dir/home/vishwas/pico/pico-sdk/src/rp2_common/hardware_gpio/gpio.c.o
                0x000000001000056c                gpio_init
 .text.rp2040_chip_version
                0x00000000100005ac        0xc CMakeFiles/io.dir/home/vishwas/pico/pico-sdk/src/rp2040/pico_platform/platform.c.o
                0x00000000100005ac                rp2040_chip_version
 .text.panic    0x00000000100005b8       0x30 CMakeFiles/io.dir/home/vishwas/pico/pico-sdk/src/rp2_common/pico_platform_panic/panic.c.o
                0x00000000100005b8                panic
 .text.hw_claim_lock
                0x00000000100005e8       0x18 CMakeFiles/io.dir/home/vishwas/pico/pico-sdk/src/common/hardware_claim/claim.c.o
                0x00000000100005e8                hw_claim_lock
 .text.hw_claim_unlock
                0x0000000010000600       0x14 CMakeFiles/io.dir/home/vishwas/pico/pico-sdk/src/common/hardware_claim/claim.c.o
                0x0000000010000600                hw_claim_unlock
 .text.hw_claim_or_assert
                0x0000000010000614       0x44 CMakeFiles/io.dir/home/vishwas/pico/pico-sdk/src/common/hardware_claim/claim.c.o
                0x0000000010000614                hw_claim_or_assert
 .text.hw_claim_unused_from_range
                0x0000000010000658       0x9c CMakeFiles/io.dir/home/vishwas/pico/pico-sdk/src/common/hardware_claim/claim.c.o
                0x0000000010000658                hw_claim_unused_from_range
 .text.hw_claim_clear
                0x00000000100006f4       0x38 CMakeFiles/io.dir/home/vishwas/pico/pico-sdk/src/common/hardware_claim/claim.c.o
                0x00000000100006f4                hw_claim_clear
 .text.next_striped_spin_lock_num
                0x000000001000072c       0x18 CMakeFiles/io.dir/home/vishwas/pico/pico-sdk/src/rp2_common/hardware_sync/sync.c.o
                0x000000001000072c                next_striped_spin_lock_num
 .text.spin_lock_claim_unused
                0x0000000010000744       0x20 CMakeFiles/io.dir/home/vishwas/pico/pico-sdk/src/rp2_common/hardware_sync/sync.c.o
                0x0000000010000744                spin_lock_claim_unused
 .text.spin_locks_reset
                0x0000000010000764       0x1c CMakeFiles/io.dir/home/vishwas/pico/pico-sdk/src/rp2_common/hardware_sync_spin_lock/sync_spin_lock.c.o
                0x0000000010000764                spin_locks_reset
 .text.runtime_init_per_core_irq_priorities
                0x0000000010000780       0x24 CMakeFiles/io.dir/home/vishwas/pico/pico-sdk/src/rp2_common/hardware_irq/irq.c.o
                0x0000000010000780                runtime_init_per_core_irq_priorities
 .text.irq_set_enabled
                0x00000000100007a4       0x24 CMakeFiles/io.dir/home/vishwas/pico/pico-sdk/src/rp2_common/hardware_irq/irq.c.o
                0x00000000100007a4                irq_set_enabled
 .text.irq_is_enabled
                0x00000000100007c8       0x18 CMakeFiles/io.dir/home/vishwas/pico/pico-sdk/src/rp2_common/hardware_irq/irq.c.o
                0x00000000100007c8                irq_is_enabled
 .text.irq_set_pending
                0x00000000100007e0       0x10 CMakeFiles/io.dir/home/vishwas/pico/pico-sdk/src/rp2_common/hardware_irq/irq.c.o
                0x00000000100007e0                irq_set_pending
 .text.irq_has_shared_handler
                0x00000000100007f0       0x24 CMakeFiles/io.dir/home/vishwas/pico/pico-sdk/src/rp2_common/hardware_irq/irq.c.o
                0x00000000100007f0                irq_has_shared_handler
 .text.irq_set_exclusive_handler
                0x0000000010000814       0x54 CMakeFiles/io.dir/home/vishwas/pico/pico-sdk/src/rp2_common/hardware_irq/irq.c.o
                0x0000000010000814                irq_set_exclusive_handler
 .text.irq_add_shared_handler
                0x0000000010000868      0x1e8 CMakeFiles/io.dir/home/vishwas/pico/pico-sdk/src/rp2_common/hardware_irq/irq.c.o
                0x0000000010000868                irq_add_shared_handler
 .text.irq_remove_handler
                0x0000000010000a50      0x1c4 CMakeFiles/io.dir/home/vishwas/pico/pico-sdk/src/rp2_common/hardware_irq/irq.c.o
                0x0000000010000a50                irq_remove_handler
 .text.irq_set_priority
                0x0000000010000c14       0x28 CMakeFiles/io.dir/home/vishwas/pico/pico-sdk/src/rp2_common/hardware_irq/irq.c.o
                0x0000000010000c14                irq_set_priority
 .text.irq_add_tail_to_free_list
                0x0000000010000c3c       0xb4 CMakeFiles/io.dir/home/vishwas/pico/pico-sdk/src/rp2_common/hardware_irq/irq.c.o
                0x0000000010000c3c                irq_add_tail_to_free_list
 .text.user_irq_unclaim
                0x0000000010000cf0       0x14 CMakeFiles/io.dir/home/vishwas/pico/pico-sdk/src/rp2_common/hardware_irq/irq.c.o
                0x0000000010000cf0                user_irq_unclaim
 .text.user_irq_claim_unused
                0x0000000010000d04       0x28 CMakeFiles/io.dir/home/vishwas/pico/pico-sdk/src/rp2_common/hardware_irq/irq.c.o
                0x0000000010000d04                user_irq_claim_unused
 .text.sem_init
                0x0000000010000d2c       0x20 CMakeFiles/io.dir/home/vishwas/pico/pico-sdk/src/common/pico_sync/sem.c.o
                0x0000000010000d2c                sem_init
 .text.lock_init
                0x0000000010000d4c       0x10 CMakeFiles/io.dir/home/vishwas/pico/pico-sdk/src/common/pico_sync/lock_core.c.o
                0x0000000010000d4c                lock_init
 .text.runtime_init_mutex
                0x0000000010000d5c       0x58 CMakeFiles/io.dir/home/vishwas/pico/pico-sdk/src/common/pico_sync/mutex.c.o
                0x0000000010000d5c                runtime_init_mutex
 .text.mutex_init
                0x0000000010000db4       0x1c CMakeFiles/io.dir/home/vishwas/pico/pico-sdk/src/common/pico_sync/mutex.c.o
                0x0000000010000db4                mutex_init
 .text.recursive_mutex_init
                0x0000000010000dd0       0x1c CMakeFiles/io.dir/home/vishwas/pico/pico-sdk/src/common/pico_sync/mutex.c.o
                0x0000000010000dd0                recursive_mutex_init
 .text.critical_section_init
                0x0000000010000dec       0x20 CMakeFiles/io.dir/home/vishwas/pico/pico-sdk/src/common/pico_sync/critical_section.c.o
                0x0000000010000dec                critical_section_init
 .text.critical_section_init_with_lock_num
                0x0000000010000e0c       0x14 CMakeFiles/io.dir/home/vishwas/pico/pico-sdk/src/common/pico_sync/critical_section.c.o
                0x0000000010000e0c                critical_section_init_with_lock_num
 .text.sleep_until_callback
                0x0000000010000e20       0x30 CMakeFiles/io.dir/home/vishwas/pico/pico-sdk/src/common/pico_time/time.c.o
 .text.alarm_pool_irq_handler
                0x0000000010000e50      0x308 CMakeFiles/io.dir/home/vishwas/pico/pico-sdk/src/common/pico_time/time.c.o
 .text.runtime_init_default_alarm_pool
                0x0000000010001158       0xdc CMakeFiles/io.dir/home/vishwas/pico/pico-sdk/src/common/pico_time/time.c.o
                0x0000000010001158                runtime_init_default_alarm_pool
 .text.alarm_pool_get_default
                0x0000000010001234        0x8 CMakeFiles/io.dir/home/vishwas/pico/pico-sdk/src/common/pico_time/time.c.o
                0x0000000010001234                alarm_pool_get_default
 .text.alarm_pool_add_alarm_at
                0x000000001000123c       0xc8 CMakeFiles/io.dir/home/vishwas/pico/pico-sdk/src/common/pico_time/time.c.o
                0x000000001000123c                alarm_pool_add_alarm_at
 .text.alarm_pool_add_alarm_at_force_in_context
                0x0000000010001304       0xb0 CMakeFiles/io.dir/home/vishwas/pico/pico-sdk/src/common/pico_time/time.c.o
                0x0000000010001304                alarm_pool_add_alarm_at_force_in_context
 .text.alarm_pool_cancel_alarm
                0x00000000100013b4       0x7c CMakeFiles/io.dir/home/vishwas/pico/pico-sdk/src/common/pico_time/time.c.o
                0x00000000100013b4                alarm_pool_cancel_alarm
 .text.alarm_pool_core_num
                0x0000000010001430        0x4 CMakeFiles/io.dir/home/vishwas/pico/pico-sdk/src/common/pico_time/time.c.o
                0x0000000010001430                alarm_pool_core_num
 .text.sleep_until
                0x0000000010001434       0xd0 CMakeFiles/io.dir/home/vishwas/pico/pico-sdk/src/common/pico_time/time.c.o
                0x0000000010001434                sleep_until
 .text.sleep_ms
                0x0000000010001504       0x34 CMakeFiles/io.dir/home/vishwas/pico/pico-sdk/src/common/pico_time/time.c.o
                0x0000000010001504                sleep_ms
 .text.best_effort_wfe_or_timeout
                0x0000000010001538       0xfc CMakeFiles/io.dir/home/vishwas/pico/pico-sdk/src/common/pico_time/time.c.o
                0x0000000010001538                best_effort_wfe_or_timeout
 .text.timer_hardware_alarm_claim
                0x0000000010001634       0x14 CMakeFiles/io.dir/home/vishwas/pico/pico-sdk/src/rp2_common/hardware_timer/timer.c.o
                0x0000000010001634                timer_hardware_alarm_claim
 .text.timer_time_us_64
                0x0000000010001648       0x10 CMakeFiles/io.dir/home/vishwas/pico/pico-sdk/src/rp2_common/hardware_timer/timer.c.o
                0x0000000010001648                timer_time_us_64
 .text.time_us_64
                0x0000000010001658       0x14 CMakeFiles/io.dir/home/vishwas/pico/pico-sdk/src/rp2_common/hardware_timer/timer.c.o
                0x0000000010001658                time_us_64
 .text.busy_wait_us
                0x000000001000166c       0x54 CMakeFiles/io.dir/home/vishwas/pico/pico-sdk/src/rp2_common/hardware_timer/timer.c.o
                0x000000001000166c                busy_wait_us
 .text.busy_wait_until
                0x00000000100016c0       0x20 CMakeFiles/io.dir/home/vishwas/pico/pico-sdk/src/rp2_common/hardware_timer/timer.c.o
                0x00000000100016c0                busy_wait_until
 .text.clock_configure_int_divider
                0x00000000100016e0       0xf4 CMakeFiles/io.dir/home/vishwas/pico/pico-sdk/src/rp2_common/hardware_clocks/clocks.c.o
                0x00000000100016e0                clock_configure_int_divider
 .text.clock_configure_undivided
                0x00000000100017d4       0xe8 CMakeFiles/io.dir/home/vishwas/pico/pico-sdk/src/rp2_common/hardware_clocks/clocks.c.o
                0x00000000100017d4                clock_configure_undivided
 .text.clock_get_hz
                0x00000000100018bc        0xc CMakeFiles/io.dir/home/vishwas/pico/pico-sdk/src/rp2_common/hardware_clocks/clocks.c.o
                0x00000000100018bc                clock_get_hz
 .text.pll_init
                0x00000000100018c8       0xa0 CMakeFiles/io.dir/home/vishwas/pico/pico-sdk/src/rp2_common/hardware_pll/pll.c.o
                0x00000000100018c8                pll_init
 .text.watchdog_reboot
                0x0000000010001968       0x98 CMakeFiles/io.dir/home/vishwas/pico/pico-sdk/src/rp2_common/hardware_watchdog/watchdog.c.o
                0x0000000010001968                watchdog_reboot
 .text.tick_start
                0x0000000010001a00       0x10 CMakeFiles/io.dir/home/vishwas/pico/pico-sdk/src/rp2_common/hardware_ticks/ticks.c.o
                0x0000000010001a00                tick_start
 .text.rom_func_lookup
                0x0000000010001a10       0x10 CMakeFiles/io.dir/home/vishwas/pico/pico-sdk/src/rp2_common/pico_bootrom/bootrom.c.o
                0x0000000010001a10                rom_func_lookup
 .text.rom_data_lookup
                0x0000000010001a20       0x10 CMakeFiles/io.dir/home/vishwas/pico/pico-sdk/src/rp2_common/pico_bootrom/bootrom.c.o
                0x0000000010001a20                rom_data_lookup
 .text.rom_funcs_lookup
                0x0000000010001a30       0x44 CMakeFiles/io.dir/home/vishwas/pico/pico-sdk/src/rp2_common/pico_bootrom/bootrom.c.o
                0x0000000010001a30                rom_funcs_lookup
 .text.rom_reset_usb_boot_extra
                0x0000000010001a74       0x28 CMakeFiles/io.dir/home/vishwas/pico/pico-sdk/src/rp2_common/pico_bootrom/bootrom.c.o
                0x0000000010001a74                rom_reset_usb_boot_extra
 .text.xosc_init
                0x0000000010001a9c       0x28 CMakeFiles/io.dir/home/vishwas/pico/pico-sdk/src/rp2_common/hardware_xosc/xosc.c.o
                0x0000000010001a9c                xosc_init
 .text.first_per_core_initializer
                0x0000000010001ac4        0x4 CMakeFiles/io.dir/home/vishwas/pico/pico-sdk/src/rp2_common/pico_runtime/runtime.c.o
 .text.hard_assertion_failure
                0x0000000010001ac8        0xc CMakeFiles/io.dir/home/vishwas/pico/pico-sdk/src/rp2_common/pico_runtime/runtime.c.o
                0x0000000010001ac8                hard_assertion_failure
 .text.runtime_run_initializers
                0x0000000010001ad4       0x28 CMakeFiles/io.dir/home/vishwas/pico/pico-sdk/src/rp2_common/pico_runtime/runtime.c.o
                0x0000000010001ad4                runtime_run_initializers
 .text.runtime_init_early_resets
                0x0000000010001afc       0x2c CMakeFiles/io.dir/home/vishwas/pico/pico-sdk/src/rp2_common/pico_runtime_init/runtime_init.c.o
                0x0000000010001afc                runtime_init_early_resets
 .text.runtime_init_usb_power_down
                0x0000000010001b28       0x1c CMakeFiles/io.dir/home/vishwas/pico/pico-sdk/src/rp2_common/pico_runtime_init/runtime_init.c.o
                0x0000000010001b28                runtime_init_usb_power_down
 .text.runtime_init_post_clock_resets
                0x0000000010001b44       0x20 CMakeFiles/io.dir/home/vishwas/pico/pico-sdk/src/rp2_common/pico_runtime_init/runtime_init.c.o
                0x0000000010001b44                runtime_init_post_clock_resets
 .text.runtime_init_rp2040_gpio_ie_disable
                0x0000000010001b64       0x14 CMakeFiles/io.dir/home/vishwas/pico/pico-sdk/src/rp2_common/pico_runtime_init/runtime_init.c.o
                0x0000000010001b64                runtime_init_rp2040_gpio_ie_disable
 .text.runtime_init_spin_locks_reset
                0x0000000010001b78        0x8 CMakeFiles/io.dir/home/vishwas/pico/pico-sdk/src/rp2_common/pico_runtime_init/runtime_init.c.o
                0x0000000010001b78                runtime_init_spin_locks_reset
 .text.runtime_init_install_ram_vector_table
                0x0000000010001b80       0x1c CMakeFiles/io.dir/home/vishwas/pico/pico-sdk/src/rp2_common/pico_runtime_init/runtime_init.c.o
                0x0000000010001b80                runtime_init_install_ram_vector_table
 .text.runtime_init_clocks
                0x0000000010001b9c       0xd8 CMakeFiles/io.dir/home/vishwas/pico/pico-sdk/src/rp2_common/pico_runtime_init/runtime_init_clocks.c.o
                0x0000000010001b9c                runtime_init_clocks
 .text          0x0000000010001c74       0x10 CMakeFiles/io.dir/home/vishwas/pico/pico-sdk/src/rp2_common/pico_bit_ops/bit_ops_aeabi.S.o
 .text.ctzsi    0x0000000010001c84        0xc CMakeFiles/io.dir/home/vishwas/pico/pico-sdk/src/rp2_common/pico_bit_ops/bit_ops_aeabi.S.o
                0x0000000010001c84                __wrap___ctzsi2
 .text.__wrap___aeabi_idiv
                0x0000000010001c90       0x50 CMakeFiles/io.dir/home/vishwas/pico/pico-sdk/src/rp2_common/pico_divider/divider_hardware.S.o
                0x0000000010001c90                __wrap___aeabi_idivmod
                0x0000000010001c90                divmod_s32s32
                0x0000000010001c90                div_s32s32
                0x0000000010001c90                __wrap___aeabi_idiv
                0x0000000010001c98                divmod_s32s32_unsafe
                0x0000000010001cc4                divmod_s32s32_savestate
 .text.__wrap___aeabi_uidiv
                0x0000000010001ce0       0x4c CMakeFiles/io.dir/home/vishwas/pico/pico-sdk/src/rp2_common/pico_divider/divider_hardware.S.o
                0x0000000010001ce0                __wrap___aeabi_uidiv
                0x0000000010001ce0                __wrap___aeabi_uidivmod
                0x0000000010001ce0                div_u32u32
                0x0000000010001ce0                divmod_u32u32
                0x0000000010001ce8                divmod_u32u32_unsafe
                0x0000000010001d10                divmod_u32u32_savestate
 .text.__wrap___aeabi_ldiv
                0x0000000010001d2c      0x424 CMakeFiles/io.dir/home/vishwas/pico/pico-sdk/src/rp2_common/pico_divider/divider_hardware.S.o
                0x0000000010001d2c                div_s64s64
                0x0000000010001d2c                divmod_s64s64
                0x0000000010001d2c                __wrap___aeabi_ldivmod
                0x0000000010001d5c                div_u64u64
                0x0000000010001d5c                divmod_u64u64
                0x0000000010001d5c                __wrap___aeabi_uldivmod
                0x0000000010001d6c                divmod_u64u64_savestate
                0x0000000010001d8c                divmod_s64s64_unsafe
                0x0000000010001e14                divmod_u64u64_unsafe
 .text.__wrap___aeabi_darithmetic
                0x0000000010002150       0x60 CMakeFiles/io.dir/home/vishwas/pico/pico-sdk/src/rp2_common/pico_double/double_aeabi_rp2040.S.o
                0x0000000010002150                __wrap___aeabi_drsub
                0x0000000010002156                __wrap___aeabi_dsub
                0x0000000010002160                __wrap___aeabi_dadd
                0x000000001000216a                __wrap___aeabi_ddiv
                0x000000001000219e                __wrap___aeabi_dmul
 .text.__wrap___aeabi_cdcmple
                0x00000000100021b0       0x6c CMakeFiles/io.dir/home/vishwas/pico/pico-sdk/src/rp2_common/pico_double/double_aeabi_rp2040.S.o
                0x00000000100021b0                __wrap___aeabi_cdrcmple
                0x00000000100021c0                __wrap___aeabi_cdcmple
                0x00000000100021c0                __wrap___aeabi_cdcmpeq
 .text.__wrap___aeabi_dcmpeq
                0x000000001000221c       0x10 CMakeFiles/io.dir/home/vishwas/pico/pico-sdk/src/rp2_common/pico_double/double_aeabi_rp2040.S.o
                0x000000001000221c                __wrap___aeabi_dcmpeq
 .text.__wrap___aeabi_dcmplt
                0x000000001000222c        0xc CMakeFiles/io.dir/home/vishwas/pico/pico-sdk/src/rp2_common/pico_double/double_aeabi_rp2040.S.o
                0x000000001000222c                __wrap___aeabi_dcmplt
 .text.__wrap___aeabi_dcmple
                0x0000000010002238       0x10 CMakeFiles/io.dir/home/vishwas/pico/pico-sdk/src/rp2_common/pico_double/double_aeabi_rp2040.S.o
                0x0000000010002238                __wrap___aeabi_dcmple
 .text.__wrap___aeabi_dcmpge
                0x0000000010002248       0x10 CMakeFiles/io.dir/home/vishwas/pico/pico-sdk/src/rp2_common/pico_double/double_aeabi_rp2040.S.o
                0x0000000010002248                __wrap___aeabi_dcmpge
 .text.__wrap___aeabi_dcmpgt
                0x0000000010002258        0xa CMakeFiles/io.dir/home/vishwas/pico/pico-sdk/src/rp2_common/pico_double/double_aeabi_rp2040.S.o
                0x0000000010002258                __wrap___aeabi_dcmpgt
 .text.__wrap___aeabi_dcmpun
                0x0000000010002262       0x18 CMakeFiles/io.dir/home/vishwas/pico/pico-sdk/src/rp2_common/pico_double/double_aeabi_rp2040.S.o
                0x0000000010002262                __wrap___aeabi_dcmpun
 *fill*         0x000000001000227a        0x2 
 .text.__wrap___aeabi_i2d
                0x000000001000227c       0x38 CMakeFiles/io.dir/home/vishwas/pico/pico-sdk/src/rp2_common/pico_double/double_aeabi_rp2040.S.o
                0x000000001000227c                __wrap___aeabi_ui2d
                0x000000001000227c                uint2double
                0x0000000010002284                __wrap___aeabi_i2d
                0x0000000010002284                int2double
 .text.__wrap___aeabi_d2iz
                0x00000000100022b4       0x48 CMakeFiles/io.dir/home/vishwas/pico/pico-sdk/src/rp2_common/pico_double/double_aeabi_rp2040.S.o
                0x00000000100022b4                __wrap___aeabi_d2iz
                0x00000000100022b4                double2int_z
 .text.__wrap___aeabi_d2uiz
                0x00000000100022fc       0x10 CMakeFiles/io.dir/home/vishwas/pico/pico-sdk/src/rp2_common/pico_double/double_aeabi_rp2040.S.o
                0x00000000100022fc                double2uint_z
                0x00000000100022fc                double2uint
                0x00000000100022fc                __wrap___aeabi_d2uiz
 .text.__wrap___aeabi_l2d
                0x000000001000230c       0x10 CMakeFiles/io.dir/home/vishwas/pico/pico-sdk/src/rp2_common/pico_double/double_aeabi_rp2040.S.o
                0x000000001000230c                __wrap___aeabi_l2d
                0x000000001000230c                int642double
 .text.__wrap___aeabi_d2lz
                0x000000001000231c       0x26 CMakeFiles/io.dir/home/vishwas/pico/pico-sdk/src/rp2_common/pico_double/double_aeabi_rp2040.S.o
                0x000000001000231c                __wrap___aeabi_d2lz
                0x000000001000231c                double2int64_z
 *fill*         0x0000000010002342        0x2 
 .text.double2int64
                0x0000000010002344       0x10 CMakeFiles/io.dir/home/vishwas/pico/pico-sdk/src/rp2_common/pico_double/double_aeabi_rp2040.S.o
                0x0000000010002344                double2int64
 .text.double2ufix64
                0x0000000010002354       0x10 CMakeFiles/io.dir/home/vishwas/pico/pico-sdk/src/rp2_common/pico_double/double_aeabi_rp2040.S.o
                0x0000000010002354                double2ufix64
                0x0000000010002354                double2ufix64_z
 .text.__wrap___aeabi_d2f
                0x0000000010002364       0x10 CMakeFiles/io.dir/home/vishwas/pico/pico-sdk/src/rp2_common/pico_double/double_aeabi_rp2040.S.o
                0x0000000010002364                __wrap___aeabi_d2f
 .text.missing_double_func_shim
                0x0000000010002374        0xc CMakeFiles/io.dir/home/vishwas/pico/pico-sdk/src/rp2_common/pico_double/double_init_rom_rp2040.c.o
 .text.__aeabi_double_init
                0x0000000010002380       0xa4 CMakeFiles/io.dir/home/vishwas/pico/pico-sdk/src/rp2_common/pico_double/double_init_rom_rp2040.c.o
                0x0000000010002380                __aeabi_double_init
 .text.double_table_shim_on_use_helper
                0x0000000010002424       0x2c CMakeFiles/io.dir/home/vishwas/pico/pico-sdk/src/rp2_common/pico_double/double_v1_rom_shim_rp2040.S.o
                0x0000000010002424                double_table_shim_on_use_helper
 .text.__aeabi_lmul
                0x0000000010002450       0x32 CMakeFiles/io.dir/home/vishwas/pico/pico-sdk/src/rp2_common/pico_int64_ops/pico_int64_ops_aeabi.S.o
                0x0000000010002450                __wrap___aeabi_lmul
 *fill*         0x0000000010002482        0x2 
 .text.__wrap___aeabi_cfcmple
                0x0000000010002484       0x50 CMakeFiles/io.dir/home/vishwas/pico/pico-sdk/src/rp2_common/pico_float/float_aeabi_rp2040.S.o
                0x0000000010002484                __wrap___aeabi_cfrcmple
                0x0000000010002490                __wrap___aeabi_cfcmpeq
                0x0000000010002490                __wrap___aeabi_cfcmple
 .text.__wrap___aeabi_fcmple
                0x00000000100024d4       0x10 CMakeFiles/io.dir/home/vishwas/pico/pico-sdk/src/rp2_common/pico_float/float_aeabi_rp2040.S.o
                0x00000000100024d4                __wrap___aeabi_fcmple
 .text.__wrap___aeabi_fcmpun
                0x00000000100024e4       0x18 CMakeFiles/io.dir/home/vishwas/pico/pico-sdk/src/rp2_common/pico_float/float_aeabi_rp2040.S.o
                0x00000000100024e4                __wrap___aeabi_fcmpun
 .text.missing_float_func_shim
                0x00000000100024fc        0xc CMakeFiles/io.dir/home/vishwas/pico/pico-sdk/src/rp2_common/pico_float/float_init_rom_rp2040.c.o
 .text.__aeabi_float_init
                0x0000000010002508       0x5c CMakeFiles/io.dir/home/vishwas/pico/pico-sdk/src/rp2_common/pico_float/float_init_rom_rp2040.c.o
                0x0000000010002508                __aeabi_float_init
 .text          0x0000000010002564       0x10 CMakeFiles/io.dir/home/vishwas/pico/pico-sdk/src/rp2_common/pico_mem_ops/mem_ops_aeabi.S.o
                0x0000000010002564                __aeabi_mem_init
 .text.memset   0x0000000010002574        0xc CMakeFiles/io.dir/home/vishwas/pico/pico-sdk/src/rp2_common/pico_mem_ops/mem_ops_aeabi.S.o
                0x0000000010002574                __wrap_memset
 .text.memcpy   0x0000000010002580        0xc CMakeFiles/io.dir/home/vishwas/pico/pico-sdk/src/rp2_common/pico_mem_ops/mem_ops_aeabi.S.o
                0x0000000010002580                __wrap___aeabi_memcpy
                0x0000000010002580                __wrap_memcpy
 .text._out_buffer
                0x000000001000258c        0x8 CMakeFiles/io.dir/home/vishwas/pico/pico-sdk/src/rp2_common/pico_printf/printf.c.o
 .text._out_null
                0x0000000010002594        0x4 CMakeFiles/io.dir/home/vishwas/pico/pico-sdk/src/rp2_common/pico_printf/printf.c.o
 .text._out_rev
                0x0000000010002598       0x9c CMakeFiles/io.dir/home/vishwas/pico/pico-sdk/src/rp2_common/pico_printf/printf.c.o
 .text._ntoa_format
                0x0000000010002634      0x1cc CMakeFiles/io.dir/home/vishwas/pico/pico-sdk/src/rp2_common/pico_printf/printf.c.o
 .text._out_char
                0x0000000010002800       0x10 CMakeFiles/io.dir/home/vishwas/pico/pico-sdk/src/rp2_common/pico_printf/printf.c.o
 .text._out_fct
                0x0000000010002810       0x10 CMakeFiles/io.dir/home/vishwas/pico/pico-sdk/src/rp2_common/pico_printf/printf.c.o
 .text._etoa    0x0000000010002820      0x44c CMakeFiles/io.dir/home/vishwas/pico/pico-sdk/src/rp2_common/pico_printf/printf.c.o
 .text._ftoa    0x0000000010002c6c      0x398 CMakeFiles/io.dir/home/vishwas/pico/pico-sdk/src/rp2_common/pico_printf/printf.c.o
 .text._vsnprintf
                0x0000000010003004      0xb04 CMakeFiles/io.dir/home/vishwas/pico/pico-sdk/src/rp2_common/pico_printf/printf.c.o
 .text.__wrap_sprintf
                0x0000000010003b08       0x28 CMakeFiles/io.dir/home/vishwas/pico/pico-sdk/src/rp2_common/pico_printf/printf.c.o
                0x0000000010003b08                __wrap_sprintf
 .text.vfctprintf
                0x0000000010003b30       0x20 CMakeFiles/io.dir/home/vishwas/pico/pico-sdk/src/rp2_common/pico_printf/printf.c.o
                0x0000000010003b30                vfctprintf
 .text.weak_raw_printf
                0x0000000010003b50       0x40 CMakeFiles/io.dir/home/vishwas/pico/pico-sdk/src/rp2_common/pico_printf/printf.c.o
                0x0000000010003b50                weak_raw_printf
 .text.weak_raw_vprintf
                0x0000000010003b90       0x30 CMakeFiles/io.dir/home/vishwas/pico/pico-sdk/src/rp2_common/pico_printf/printf.c.o
                0x0000000010003b90                weak_raw_vprintf
 .text._exit    0x0000000010003bc0        0x4 CMakeFiles/io.dir/home/vishwas/pico/pico-sdk/src/rp2_common/pico_clib_interface/newlib_interface.c.o
                0x0000000010003bc0                _exit
 .text._sbrk    0x0000000010003bc4       0x34 CMakeFiles/io.dir/home/vishwas/pico/pico-sdk/src/rp2_common/pico_clib_interface/newlib_interface.c.o
                0x0000000010003bc4                _sbrk
 .text._read    0x0000000010003bf8       0x24 CMakeFiles/io.dir/home/vishwas/pico/pico-sdk/src/rp2_common/pico_clib_interface/newlib_interface.c.o
                0x0000000010003bf8                _read
 .text._write   0x0000000010003c1c       0x24 CMakeFiles/io.dir/home/vishwas/pico/pico-sdk/src/rp2_common/pico_clib_interface/newlib_interface.c.o
                0x0000000010003c1c                _write
 .text._close   0x0000000010003c40        0x8 CMakeFiles/io.dir/home/vishwas/pico/pico-sdk/src/rp2_common/pico_clib_interface/newlib_interface.c.o
                0x0000000010003c40                _close
 .text._lseek   0x0000000010003c48        0x8 CMakeFiles/io.dir/home/vishwas/pico/pico-sdk/src/rp2_common/pico_clib_interface/newlib_interface.c.o
                0x0000000010003c48                _lseek
 .text._fstat   0x0000000010003c50        0x8 CMakeFiles/io.dir/home/vishwas/pico/pico-sdk/src/rp2_common/pico_clib_interface/newlib_interface.c.o
                0x0000000010003c50                _fstat
 .text._isatty  0x0000000010003c58        0xc CMakeFiles/io.dir/home/vishwas/pico/pico-sdk/src/rp2_common/pico_clib_interface/newlib_interface.c.o
                0x0000000010003c58                _isatty
 .text.exit     0x0000000010003c64        0x8 CMakeFiles/io.dir/home/vishwas/pico/pico-sdk/src/rp2_common/pico_clib_interface/newlib_interface.c.o
                0x0000000010003c64                exit
 .text.__assert_func
                0x0000000010003c6c       0x34 CMakeFiles/io.dir/home/vishwas/pico/pico-sdk/src/rp2_common/pico_clib_interface/newlib_interface.c.o
                0x0000000010003c6c                __assert_func
 .text.runtime_init
                0x0000000010003ca0       0x2c CMakeFiles/io.dir/home/vishwas/pico/pico-sdk/src/rp2_common/pico_clib_interface/newlib_interface.c.o
                0x0000000010003ca0                runtime_init
 .text.stdio_out_chars_no_crlf
                0x0000000010003ccc       0x10 CMakeFiles/io.dir/home/vishwas/pico/pico-sdk/src/rp2_common/pico_stdio/stdio.c.o
 .text.stdio_out_chars_crlf
                0x0000000010003cdc       0xb4 CMakeFiles/io.dir/home/vishwas/pico/pico-sdk/src/rp2_common/pico_stdio/stdio.c.o
 .text.stdio_buffered_printer
                0x0000000010003d90       0x64 CMakeFiles/io.dir/home/vishwas/pico/pico-sdk/src/rp2_common/pico_stdio/stdio.c.o
 .text.stdio_put_string
                0x0000000010003df4      0x100 CMakeFiles/io.dir/home/vishwas/pico/pico-sdk/src/rp2_common/pico_stdio/stdio.c.o
                0x0000000010003df4                stdio_put_string
 .text.stdio_get_until
                0x0000000010003ef4       0x84 CMakeFiles/io.dir/home/vishwas/pico/pico-sdk/src/rp2_common/pico_stdio/stdio.c.o
                0x0000000010003ef4                stdio_get_until
 .text.stdio_set_driver_enabled
                0x0000000010003f78       0x30 CMakeFiles/io.dir/home/vishwas/pico/pico-sdk/src/rp2_common/pico_stdio/stdio.c.o
                0x0000000010003f78                stdio_set_driver_enabled
 .text.stdio_init_all
                0x0000000010003fa8        0x8 CMakeFiles/io.dir/home/vishwas/pico/pico-sdk/src/rp2_common/pico_stdio/stdio.c.o
                0x0000000010003fa8                stdio_init_all
 .text.__wrap_putchar
                0x0000000010003fb0       0x98 CMakeFiles/io.dir/home/vishwas/pico/pico-sdk/src/rp2_common/pico_stdio/stdio.c.o
                0x0000000010003fb0                stdio_putchar
                0x0000000010003fb0                __wrap_putchar
 .text.__wrap_puts
                0x0000000010004048       0x3c CMakeFiles/io.dir/home/vishwas/pico/pico-sdk/src/rp2_common/pico_stdio/stdio.c.o
                0x0000000010004048                __wrap_puts
                0x0000000010004048                stdio_puts
 .text.__wrap_vprintf
                0x0000000010004084       0xd8 CMakeFiles/io.dir/home/vishwas/pico/pico-sdk/src/rp2_common/pico_stdio/stdio.c.o
                0x0000000010004084                __wrap_vprintf
                0x0000000010004084                stdio_vprintf
 .text.__wrap_printf
                0x000000001000415c       0x18 CMakeFiles/io.dir/home/vishwas/pico/pico-sdk/src/rp2_common/pico_stdio/stdio.c.o
                0x000000001000415c                stdio_printf
                0x000000001000415c                __wrap_printf
 .text.resetd_init
                0x0000000010004174        0x4 CMakeFiles/io.dir/home/vishwas/pico/pico-sdk/src/rp2_common/pico_stdio_usb/reset_interface.c.o
 .text.resetd_reset
                0x0000000010004178        0xc CMakeFiles/io.dir/home/vishwas/pico/pico-sdk/src/rp2_common/pico_stdio_usb/reset_interface.c.o
 .text.resetd_open
                0x0000000010004184       0x28 CMakeFiles/io.dir/home/vishwas/pico/pico-sdk/src/rp2_common/pico_stdio_usb/reset_interface.c.o
 .text.resetd_xfer_cb
                0x00000000100041ac        0x4 CMakeFiles/io.dir/home/vishwas/pico/pico-sdk/src/rp2_common/pico_stdio_usb/reset_interface.c.o
 .text.resetd_control_xfer_cb
                0x00000000100041b0       0x60 CMakeFiles/io.dir/home/vishwas/pico/pico-sdk/src/rp2_common/pico_stdio_usb/reset_interface.c.o
 .text.tud_descriptor_bos_cb
                0x0000000010004210        0x8 CMakeFiles/io.dir/home/vishwas/pico/pico-sdk/src/rp2_common/pico_stdio_usb/reset_interface.c.o
                0x0000000010004210                tud_descriptor_bos_cb
 .text.tud_vendor_control_xfer_cb
                0x0000000010004218       0x34 CMakeFiles/io.dir/home/vishwas/pico/pico-sdk/src/rp2_common/pico_stdio_usb/reset_interface.c.o
                0x0000000010004218                tud_vendor_control_xfer_cb
 .text.usbd_app_driver_get_cb
                0x000000001000424c        0xc CMakeFiles/io.dir/home/vishwas/pico/pico-sdk/src/rp2_common/pico_stdio_usb/reset_interface.c.o
                0x000000001000424c                usbd_app_driver_get_cb
 .text.tud_cdc_line_coding_cb
                0x0000000010004258       0x2c CMakeFiles/io.dir/home/vishwas/pico/pico-sdk/src/rp2_common/pico_stdio_usb/reset_interface.c.o
                0x0000000010004258                tud_cdc_line_coding_cb
 .text.stdio_usb_set_chars_available_callback
                0x0000000010004284       0x14 CMakeFiles/io.dir/home/vishwas/pico/pico-sdk/src/rp2_common/pico_stdio_usb/stdio_usb.c.o
                0x0000000010004284                stdio_usb_set_chars_available_callback
 .text.usb_irq  0x0000000010004298       0x10 CMakeFiles/io.dir/home/vishwas/pico/pico-sdk/src/rp2_common/pico_stdio_usb/stdio_usb.c.o
 .text.timer_task
                0x00000000100042a8       0x64 CMakeFiles/io.dir/home/vishwas/pico/pico-sdk/src/rp2_common/pico_stdio_usb/stdio_usb.c.o
 .text.stdio_usb_in_chars
                0x000000001000430c       0x90 CMakeFiles/io.dir/home/vishwas/pico/pico-sdk/src/rp2_common/pico_stdio_usb/stdio_usb.c.o
                0x000000001000430c                stdio_usb_in_chars
 .text.stdio_usb_out_flush
                0x000000001000439c       0x50 CMakeFiles/io.dir/home/vishwas/pico/pico-sdk/src/rp2_common/pico_stdio_usb/stdio_usb.c.o
 .text.stdio_usb_out_chars
                0x00000000100043ec      0x100 CMakeFiles/io.dir/home/vishwas/pico/pico-sdk/src/rp2_common/pico_stdio_usb/stdio_usb.c.o
 .text.low_priority_worker_irq
                0x00000000100044ec       0xc8 CMakeFiles/io.dir/home/vishwas/pico/pico-sdk/src/rp2_common/pico_stdio_usb/stdio_usb.c.o
 .text.stdio_usb_init
                0x00000000100045b4       0xe8 CMakeFiles/io.dir/home/vishwas/pico/pico-sdk/src/rp2_common/pico_stdio_usb/stdio_usb.c.o
                0x00000000100045b4                stdio_usb_init
 .text.tud_descriptor_device_cb
                0x000000001000469c        0x8 CMakeFiles/io.dir/home/vishwas/pico/pico-sdk/src/rp2_common/pico_stdio_usb/stdio_usb_descriptors.c.o
                0x000000001000469c                tud_descriptor_device_cb
 .text.tud_descriptor_configuration_cb
                0x00000000100046a4        0x8 CMakeFiles/io.dir/home/vishwas/pico/pico-sdk/src/rp2_common/pico_stdio_usb/stdio_usb_descriptors.c.o
                0x00000000100046a4                tud_descriptor_configuration_cb
 .text.tud_descriptor_string_cb
                0x00000000100046ac       0x74 CMakeFiles/io.dir/home/vishwas/pico/pico-sdk/src/rp2_common/pico_stdio_usb/stdio_usb_descriptors.c.o
                0x00000000100046ac                tud_descriptor_string_cb
 .text.startup._retrieve_unique_id_on_boot
                0x0000000010004720       0x10 CMakeFiles/io.dir/home/vishwas/pico/pico-sdk/src/rp2_common/pico_unique_id/unique_id.c.o
 .text.pico_get_unique_board_id
                0x0000000010004730       0x10 CMakeFiles/io.dir/home/vishwas/pico/pico-sdk/src/rp2_common/pico_unique_id/unique_id.c.o
                0x0000000010004730                pico_get_unique_board_id
 .text.pico_get_unique_board_id_string
                0x0000000010004740      0x1a8 CMakeFiles/io.dir/home/vishwas/pico/pico-sdk/src/rp2_common/pico_unique_id/unique_id.c.o
                0x0000000010004740                pico_get_unique_board_id_string
 .text.flash_get_unique_id
                0x00000000100048e8       0x40 CMakeFiles/io.dir/home/vishwas/pico/pico-sdk/src/rp2_common/hardware_flash/flash.c.o
                0x00000000100048e8                flash_get_unique_id
 .text.dcd_init
                0x0000000010004928       0x90 CMakeFiles/io.dir/home/vishwas/pico/pico-sdk/lib/tinyusb/src/portable/raspberrypi/rp2040/dcd_rp2040.c.o
                0x0000000010004928                dcd_init
 .text.dcd_int_enable
                0x00000000100049b8        0xc CMakeFiles/io.dir/home/vishwas/pico/pico-sdk/lib/tinyusb/src/portable/raspberrypi/rp2040/dcd_rp2040.c.o
                0x00000000100049b8                dcd_int_enable
 .text.dcd_set_address
                0x00000000100049c4       0x14 CMakeFiles/io.dir/home/vishwas/pico/pico-sdk/lib/tinyusb/src/portable/raspberrypi/rp2040/dcd_rp2040.c.o
                0x00000000100049c4                dcd_set_address
 .text.dcd_sof_enable
                0x00000000100049d8       0x1c CMakeFiles/io.dir/home/vishwas/pico/pico-sdk/lib/tinyusb/src/portable/raspberrypi/rp2040/dcd_rp2040.c.o
                0x00000000100049d8                dcd_sof_enable
 .text.dcd_edpt0_status_complete
                0x00000000100049f4       0x1c CMakeFiles/io.dir/home/vishwas/pico/pico-sdk/lib/tinyusb/src/portable/raspberrypi/rp2040/dcd_rp2040.c.o
                0x00000000100049f4                dcd_edpt0_status_complete
 .text.dcd_edpt_open
                0x0000000010004a10      0x114 CMakeFiles/io.dir/home/vishwas/pico/pico-sdk/lib/tinyusb/src/portable/raspberrypi/rp2040/dcd_rp2040.c.o
                0x0000000010004a10                dcd_edpt_open
 .text.dcd_edpt_close_all
                0x0000000010004b24        0x8 CMakeFiles/io.dir/home/vishwas/pico/pico-sdk/lib/tinyusb/src/portable/raspberrypi/rp2040/dcd_rp2040.c.o
                0x0000000010004b24                dcd_edpt_close_all
 .text.dcd_edpt_xfer
                0x0000000010004b2c       0x24 CMakeFiles/io.dir/home/vishwas/pico/pico-sdk/lib/tinyusb/src/portable/raspberrypi/rp2040/dcd_rp2040.c.o
                0x0000000010004b2c                dcd_edpt_xfer
 .text.dcd_edpt_stall
                0x0000000010004b50       0x38 CMakeFiles/io.dir/home/vishwas/pico/pico-sdk/lib/tinyusb/src/portable/raspberrypi/rp2040/dcd_rp2040.c.o
                0x0000000010004b50                dcd_edpt_stall
 .text.dcd_edpt_clear_stall
                0x0000000010004b88       0x30 CMakeFiles/io.dir/home/vishwas/pico/pico-sdk/lib/tinyusb/src/portable/raspberrypi/rp2040/dcd_rp2040.c.o
                0x0000000010004b88                dcd_edpt_clear_stall
 .text.rp2040_usb_init
                0x0000000010004bb8       0x40 CMakeFiles/io.dir/home/vishwas/pico/pico-sdk/lib/tinyusb/src/portable/raspberrypi/rp2040/rp2040_usb.c.o
                0x0000000010004bb8                rp2040_usb_init
 .text.hw_endpoint_xfer_start
                0x0000000010004bf8       0x50 CMakeFiles/io.dir/home/vishwas/pico/pico-sdk/lib/tinyusb/src/portable/raspberrypi/rp2040/rp2040_usb.c.o
                0x0000000010004bf8                hw_endpoint_xfer_start
 .text.tud_event_hook_cb
                0x0000000010004c48        0x4 CMakeFiles/io.dir/home/vishwas/pico/pico-sdk/lib/tinyusb/src/device/usbd.c.o
                0x0000000010004c48                tud_event_hook_cb
 .text.tud_sof_cb
                0x0000000010004c4c        0x4 CMakeFiles/io.dir/home/vishwas/pico/pico-sdk/lib/tinyusb/src/device/usbd.c.o
                0x0000000010004c4c                tud_sof_cb
 .text.tud_descriptor_device_qualifier_cb
                0x0000000010004c50        0x4 CMakeFiles/io.dir/home/vishwas/pico/pico-sdk/lib/tinyusb/src/device/usbd.c.o
                0x0000000010004c50                tud_descriptor_device_qualifier_cb
 .text.tud_descriptor_other_speed_configuration_cb
                0x0000000010004c54        0x4 CMakeFiles/io.dir/home/vishwas/pico/pico-sdk/lib/tinyusb/src/device/usbd.c.o
                0x0000000010004c54                tud_descriptor_other_speed_configuration_cb
 .text.tud_mount_cb
                0x0000000010004c58        0x4 CMakeFiles/io.dir/home/vishwas/pico/pico-sdk/lib/tinyusb/src/device/usbd.c.o
                0x0000000010004c58                tud_mount_cb
 .text.tud_umount_cb
                0x0000000010004c5c        0x4 CMakeFiles/io.dir/home/vishwas/pico/pico-sdk/lib/tinyusb/src/device/usbd.c.o
                0x0000000010004c5c                tud_umount_cb
 .text.tud_suspend_cb
                0x0000000010004c60        0x4 CMakeFiles/io.dir/home/vishwas/pico/pico-sdk/lib/tinyusb/src/device/usbd.c.o
                0x0000000010004c60                tud_suspend_cb
 .text.tud_resume_cb
                0x0000000010004c64        0x4 CMakeFiles/io.dir/home/vishwas/pico/pico-sdk/lib/tinyusb/src/device/usbd.c.o
                0x0000000010004c64                tud_resume_cb
 .text.tud_mounted
                0x0000000010004c68       0x10 CMakeFiles/io.dir/home/vishwas/pico/pico-sdk/lib/tinyusb/src/device/usbd.c.o
                0x0000000010004c68                tud_mounted
 .text.tud_suspended
                0x0000000010004c78       0x10 CMakeFiles/io.dir/home/vishwas/pico/pico-sdk/lib/tinyusb/src/device/usbd.c.o
                0x0000000010004c78                tud_suspended
 .text.tud_rhport_init
                0x0000000010004c88       0xf4 CMakeFiles/io.dir/home/vishwas/pico/pico-sdk/lib/tinyusb/src/device/usbd.c.o
                0x0000000010004c88                tud_rhport_init
 .text.tud_task_ext
                0x0000000010004d7c      0x800 CMakeFiles/io.dir/home/vishwas/pico/pico-sdk/lib/tinyusb/src/device/usbd.c.o
                0x0000000010004d7c                tud_task_ext
 .text.usbd_open_edpt_pair
                0x000000001000557c       0x9c CMakeFiles/io.dir/home/vishwas/pico/pico-sdk/lib/tinyusb/src/device/usbd.c.o
                0x000000001000557c                usbd_open_edpt_pair
 .text.usbd_edpt_open
                0x0000000010005618       0x34 CMakeFiles/io.dir/home/vishwas/pico/pico-sdk/lib/tinyusb/src/device/usbd.c.o
                0x0000000010005618                usbd_edpt_open
 .text.usbd_edpt_claim
                0x000000001000564c       0x28 CMakeFiles/io.dir/home/vishwas/pico/pico-sdk/lib/tinyusb/src/device/usbd.c.o
                0x000000001000564c                usbd_edpt_claim
 .text.usbd_edpt_release
                0x0000000010005674       0x28 CMakeFiles/io.dir/home/vishwas/pico/pico-sdk/lib/tinyusb/src/device/usbd.c.o
                0x0000000010005674                usbd_edpt_release
 .text.usbd_edpt_xfer
                0x000000001000569c       0x4c CMakeFiles/io.dir/home/vishwas/pico/pico-sdk/lib/tinyusb/src/device/usbd.c.o
                0x000000001000569c                usbd_edpt_xfer
 .text.tud_control_status
                0x00000000100056e8       0x30 CMakeFiles/io.dir/home/vishwas/pico/pico-sdk/lib/tinyusb/src/device/usbd_control.c.o
                0x00000000100056e8                tud_control_status
 .text.tud_control_xfer
                0x0000000010005718       0xbc CMakeFiles/io.dir/home/vishwas/pico/pico-sdk/lib/tinyusb/src/device/usbd_control.c.o
                0x0000000010005718                tud_control_xfer
 .text.usbd_control_reset
                0x00000000100057d4       0x14 CMakeFiles/io.dir/home/vishwas/pico/pico-sdk/lib/tinyusb/src/device/usbd_control.c.o
                0x00000000100057d4                usbd_control_reset
 .text.usbd_control_set_complete_callback
                0x00000000100057e8        0xc CMakeFiles/io.dir/home/vishwas/pico/pico-sdk/lib/tinyusb/src/device/usbd_control.c.o
                0x00000000100057e8                usbd_control_set_complete_callback
 .text.usbd_control_set_request
                0x00000000100057f4       0x1c CMakeFiles/io.dir/home/vishwas/pico/pico-sdk/lib/tinyusb/src/device/usbd_control.c.o
                0x00000000100057f4                usbd_control_set_request
 .text.usbd_control_xfer_cb
                0x0000000010005810       0xf0 CMakeFiles/io.dir/home/vishwas/pico/pico-sdk/lib/tinyusb/src/device/usbd_control.c.o
                0x0000000010005810                usbd_control_xfer_cb
 .text._prep_out_transaction.isra.0
                0x0000000010005900       0x6c CMakeFiles/io.dir/home/vishwas/pico/pico-sdk/lib/tinyusb/src/class/cdc/cdc_device.c.o
 .text.tud_cdc_n_connected
                0x000000001000596c       0x2c CMakeFiles/io.dir/home/vishwas/pico/pico-sdk/lib/tinyusb/src/class/cdc/cdc_device.c.o
                0x000000001000596c                tud_cdc_n_connected
 .text.tud_cdc_n_available
                0x0000000010005998       0x18 CMakeFiles/io.dir/home/vishwas/pico/pico-sdk/lib/tinyusb/src/class/cdc/cdc_device.c.o
                0x0000000010005998                tud_cdc_n_available
 .text.tud_cdc_n_read
                0x00000000100059b0       0x94 CMakeFiles/io.dir/home/vishwas/pico/pico-sdk/lib/tinyusb/src/class/cdc/cdc_device.c.o
                0x00000000100059b0                tud_cdc_n_read
 .text.tud_cdc_n_write_flush
                0x0000000010005a44       0x78 CMakeFiles/io.dir/home/vishwas/pico/pico-sdk/lib/tinyusb/src/class/cdc/cdc_device.c.o
                0x0000000010005a44                tud_cdc_n_write_flush
 .text.tud_cdc_n_write
                0x0000000010005abc       0x44 CMakeFiles/io.dir/home/vishwas/pico/pico-sdk/lib/tinyusb/src/class/cdc/cdc_device.c.o
                0x0000000010005abc                tud_cdc_n_write
 .text.tud_cdc_n_write_available
                0x0000000010005b00       0x18 CMakeFiles/io.dir/home/vishwas/pico/pico-sdk/lib/tinyusb/src/class/cdc/cdc_device.c.o
                0x0000000010005b00                tud_cdc_n_write_available
 .text.cdcd_init
                0x0000000010005b18       0x70 CMakeFiles/io.dir/home/vishwas/pico/pico-sdk/lib/tinyusb/src/class/cdc/cdc_device.c.o
                0x0000000010005b18                cdcd_init
 .text.cdcd_deinit
                0x0000000010005b88       0x24 CMakeFiles/io.dir/home/vishwas/pico/pico-sdk/lib/tinyusb/src/class/cdc/cdc_device.c.o
                0x0000000010005b88                cdcd_deinit
 .text.cdcd_reset
                0x0000000010005bac       0x4c CMakeFiles/io.dir/home/vishwas/pico/pico-sdk/lib/tinyusb/src/class/cdc/cdc_device.c.o
                0x0000000010005bac                cdcd_reset
 .text.cdcd_open
                0x0000000010005bf8       0xa8 CMakeFiles/io.dir/home/vishwas/pico/pico-sdk/lib/tinyusb/src/class/cdc/cdc_device.c.o
                0x0000000010005bf8                cdcd_open
 .text.cdcd_control_xfer_cb
                0x0000000010005ca0       0xe8 CMakeFiles/io.dir/home/vishwas/pico/pico-sdk/lib/tinyusb/src/class/cdc/cdc_device.c.o
                0x0000000010005ca0                cdcd_control_xfer_cb
 .text.cdcd_xfer_cb
                0x0000000010005d88       0xfc CMakeFiles/io.dir/home/vishwas/pico/pico-sdk/lib/tinyusb/src/class/cdc/cdc_device.c.o
                0x0000000010005d88                cdcd_xfer_cb
 .text.vendord_init
                0x0000000010005e84       0x5c CMakeFiles/io.dir/home/vishwas/pico/pico-sdk/lib/tinyusb/src/class/vendor/vendor_device.c.o
                0x0000000010005e84                vendord_init
 .text.vendord_deinit
                0x0000000010005ee0       0x1c CMakeFiles/io.dir/home/vishwas/pico/pico-sdk/lib/tinyusb/src/class/vendor/vendor_device.c.o
                0x0000000010005ee0                vendord_deinit
 .text.vendord_reset
                0x0000000010005efc       0x28 CMakeFiles/io.dir/home/vishwas/pico/pico-sdk/lib/tinyusb/src/class/vendor/vendor_device.c.o
                0x0000000010005efc                vendord_reset
 .text.vendord_open
                0x0000000010005f24      0x128 CMakeFiles/io.dir/home/vishwas/pico/pico-sdk/lib/tinyusb/src/class/vendor/vendor_device.c.o
                0x0000000010005f24                vendord_open
 .text.vendord_xfer_cb
                0x000000001000604c       0x9c CMakeFiles/io.dir/home/vishwas/pico/pico-sdk/lib/tinyusb/src/class/vendor/vendor_device.c.o
                0x000000001000604c                vendord_xfer_cb
 .text.tusb_rhport_init
                0x00000000100060e8       0x48 CMakeFiles/io.dir/home/vishwas/pico/pico-sdk/lib/tinyusb/src/tusb.c.o
                0x00000000100060e8                tusb_rhport_init
 .text.tu_edpt_claim
                0x0000000010006130       0x50 CMakeFiles/io.dir/home/vishwas/pico/pico-sdk/lib/tinyusb/src/tusb.c.o
                0x0000000010006130                tu_edpt_claim
 .text.tu_edpt_release
                0x0000000010006180       0x38 CMakeFiles/io.dir/home/vishwas/pico/pico-sdk/lib/tinyusb/src/tusb.c.o
                0x0000000010006180                tu_edpt_release
 .text.tu_edpt_validate
                0x00000000100061b8       0x78 CMakeFiles/io.dir/home/vishwas/pico/pico-sdk/lib/tinyusb/src/tusb.c.o
                0x00000000100061b8                tu_edpt_validate
 .text.tu_edpt_bind_driver
                0x0000000010006230       0x34 CMakeFiles/io.dir/home/vishwas/pico/pico-sdk/lib/tinyusb/src/tusb.c.o
                0x0000000010006230                tu_edpt_bind_driver
 .text.tu_edpt_stream_init
                0x0000000010006264       0x6c CMakeFiles/io.dir/home/vishwas/pico/pico-sdk/lib/tinyusb/src/tusb.c.o
                0x0000000010006264                tu_edpt_stream_init
 .text.tu_edpt_stream_deinit
                0x00000000100062d0        0x4 CMakeFiles/io.dir/home/vishwas/pico/pico-sdk/lib/tinyusb/src/tusb.c.o
                0x00000000100062d0                tu_edpt_stream_deinit
 .text.tu_edpt_stream_write_zlp_if_needed
                0x00000000100062d4       0x58 CMakeFiles/io.dir/home/vishwas/pico/pico-sdk/lib/tinyusb/src/tusb.c.o
                0x00000000100062d4                tu_edpt_stream_write_zlp_if_needed
 .text.tu_edpt_stream_write_xfer
                0x000000001000632c       0x64 CMakeFiles/io.dir/home/vishwas/pico/pico-sdk/lib/tinyusb/src/tusb.c.o
                0x000000001000632c                tu_edpt_stream_write_xfer
 .text.tu_edpt_stream_read_xfer
                0x0000000010006390       0xdc CMakeFiles/io.dir/home/vishwas/pico/pico-sdk/lib/tinyusb/src/tusb.c.o
                0x0000000010006390                tu_edpt_stream_read_xfer
 .text.tu_fifo_config
                0x000000001000646c       0x70 CMakeFiles/io.dir/home/vishwas/pico/pico-sdk/lib/tinyusb/src/common/tusb_fifo.c.o
                0x000000001000646c                tu_fifo_config
 .text.tu_fifo_count
                0x00000000100064dc       0x2c CMakeFiles/io.dir/home/vishwas/pico/pico-sdk/lib/tinyusb/src/common/tusb_fifo.c.o
                0x00000000100064dc                tu_fifo_count
 .text.tu_fifo_empty
                0x0000000010006508       0x10 CMakeFiles/io.dir/home/vishwas/pico/pico-sdk/lib/tinyusb/src/common/tusb_fifo.c.o
                0x0000000010006508                tu_fifo_empty
 .text.tu_fifo_remaining
                0x0000000010006518       0x2c CMakeFiles/io.dir/home/vishwas/pico/pico-sdk/lib/tinyusb/src/common/tusb_fifo.c.o
                0x0000000010006518                tu_fifo_remaining
 .text.tu_fifo_read
                0x0000000010006544       0xa0 CMakeFiles/io.dir/home/vishwas/pico/pico-sdk/lib/tinyusb/src/common/tusb_fifo.c.o
                0x0000000010006544                tu_fifo_read
 .text.tu_fifo_read_n
                0x00000000100065e4       0xec CMakeFiles/io.dir/home/vishwas/pico/pico-sdk/lib/tinyusb/src/common/tusb_fifo.c.o
                0x00000000100065e4                tu_fifo_read_n
 .text.tu_fifo_write
                0x00000000100066d0       0x88 CMakeFiles/io.dir/home/vishwas/pico/pico-sdk/lib/tinyusb/src/common/tusb_fifo.c.o
                0x00000000100066d0                tu_fifo_write
 .text.tu_fifo_write_n
                0x0000000010006758      0x168 CMakeFiles/io.dir/home/vishwas/pico/pico-sdk/lib/tinyusb/src/common/tusb_fifo.c.o
                0x0000000010006758                tu_fifo_write_n
 .text.tu_fifo_clear
                0x00000000100068c0       0x40 CMakeFiles/io.dir/home/vishwas/pico/pico-sdk/lib/tinyusb/src/common/tusb_fifo.c.o
                0x00000000100068c0                tu_fifo_clear
 .text.tu_fifo_set_overwritable
                0x0000000010006900       0x48 CMakeFiles/io.dir/home/vishwas/pico/pico-sdk/lib/tinyusb/src/common/tusb_fifo.c.o
                0x0000000010006900                tu_fifo_set_overwritable
 .text.cyw43_arch_set_async_context
                0x0000000010006948        0xc CMakeFiles/io.dir/home/vishwas/pico/pico-sdk/src/rp2_common/pico_cyw43_arch/cyw43_arch.c.o
                0x0000000010006948                cyw43_arch_set_async_context
 .text.cyw43_arch_gpio_put
                0x0000000010006954       0x14 CMakeFiles/io.dir/home/vishwas/pico/pico-sdk/src/rp2_common/pico_cyw43_arch/cyw43_arch.c.o
                0x0000000010006954                cyw43_arch_gpio_put
 .text.cyw43_arch_async_context
                0x0000000010006968        0xc CMakeFiles/io.dir/home/vishwas/pico/pico-sdk/src/rp2_common/pico_cyw43_arch/cyw43_arch.c.o
                0x0000000010006968                cyw43_arch_async_context
 .text.cyw43_arch_init
                0x0000000010006974       0x6c CMakeFiles/io.dir/home/vishwas/pico/pico-sdk/src/rp2_common/pico_cyw43_arch/cyw43_arch_threadsafe_background.c.o
                0x0000000010006974                cyw43_arch_init
 .text.ns_delay.constprop.0
                0x00000000100069e0       0x20 CMakeFiles/io.dir/home/vishwas/pico/pico-sdk/src/rp2_common/pico_cyw43_driver/cyw43_bus_pio_spi.c.o
 .text.cyw43_spi_deinit
                0x0000000010006a00       0x6c CMakeFiles/io.dir/home/vishwas/pico/pico-sdk/src/rp2_common/pico_cyw43_driver/cyw43_bus_pio_spi.c.o
                0x0000000010006a00                cyw43_spi_deinit
 .text.cyw43_spi_init
                0x0000000010006a6c      0x12c CMakeFiles/io.dir/home/vishwas/pico/pico-sdk/src/rp2_common/pico_cyw43_driver/cyw43_bus_pio_spi.c.o
                0x0000000010006a6c                cyw43_spi_init
 .text.cyw43_spi_transfer
                0x0000000010006b98      0x410 CMakeFiles/io.dir/home/vishwas/pico/pico-sdk/src/rp2_common/pico_cyw43_driver/cyw43_bus_pio_spi.c.o
                0x0000000010006b98                cyw43_spi_transfer
 .text.cyw43_spi_gpio_setup
                0x0000000010006fa8       0x3c CMakeFiles/io.dir/home/vishwas/pico/pico-sdk/src/rp2_common/pico_cyw43_driver/cyw43_bus_pio_spi.c.o
                0x0000000010006fa8                cyw43_spi_gpio_setup
 .text.cyw43_spi_reset
                0x0000000010006fe4       0x28 CMakeFiles/io.dir/home/vishwas/pico/pico-sdk/src/rp2_common/pico_cyw43_driver/cyw43_bus_pio_spi.c.o
                0x0000000010006fe4                cyw43_spi_reset
 .text.read_reg_u32_swap
                0x000000001000700c       0x3c CMakeFiles/io.dir/home/vishwas/pico/pico-sdk/src/rp2_common/pico_cyw43_driver/cyw43_bus_pio_spi.c.o
                0x000000001000700c                read_reg_u32_swap
 .text.cyw43_read_reg_u32
                0x0000000010007048       0x6c CMakeFiles/io.dir/home/vishwas/pico/pico-sdk/src/rp2_common/pico_cyw43_driver/cyw43_bus_pio_spi.c.o
                0x0000000010007048                cyw43_read_reg_u32
 .text.cyw43_read_reg_u16
                0x00000000100070b4       0x6c CMakeFiles/io.dir/home/vishwas/pico/pico-sdk/src/rp2_common/pico_cyw43_driver/cyw43_bus_pio_spi.c.o
                0x00000000100070b4                cyw43_read_reg_u16
 .text.cyw43_read_reg_u8
                0x0000000010007120       0x6c CMakeFiles/io.dir/home/vishwas/pico/pico-sdk/src/rp2_common/pico_cyw43_driver/cyw43_bus_pio_spi.c.o
                0x0000000010007120                cyw43_read_reg_u8
 .text.write_reg_u32_swap
                0x000000001000718c      0x208 CMakeFiles/io.dir/home/vishwas/pico/pico-sdk/src/rp2_common/pico_cyw43_driver/cyw43_bus_pio_spi.c.o
                0x000000001000718c                write_reg_u32_swap
 .text.cyw43_write_reg_u32
                0x0000000010007394      0x228 CMakeFiles/io.dir/home/vishwas/pico/pico-sdk/src/rp2_common/pico_cyw43_driver/cyw43_bus_pio_spi.c.o
                0x0000000010007394                cyw43_write_reg_u32
 .text.cyw43_write_reg_u16
                0x00000000100075bc      0x228 CMakeFiles/io.dir/home/vishwas/pico/pico-sdk/src/rp2_common/pico_cyw43_driver/cyw43_bus_pio_spi.c.o
                0x00000000100075bc                cyw43_write_reg_u16
 .text.cyw43_write_reg_u8
                0x00000000100077e4      0x228 CMakeFiles/io.dir/home/vishwas/pico/pico-sdk/src/rp2_common/pico_cyw43_driver/cyw43_bus_pio_spi.c.o
                0x00000000100077e4                cyw43_write_reg_u8
 .text.cyw43_read_bytes
                0x0000000010007a0c       0x78 CMakeFiles/io.dir/home/vishwas/pico/pico-sdk/src/rp2_common/pico_cyw43_driver/cyw43_bus_pio_spi.c.o
                0x0000000010007a0c                cyw43_read_bytes
 .text.cyw43_write_bytes
                0x0000000010007a84       0xec CMakeFiles/io.dir/home/vishwas/pico/pico-sdk/src/rp2_common/pico_cyw43_driver/cyw43_bus_pio_spi.c.o
                0x0000000010007a84                cyw43_write_bytes
 .text.cyw43_set_backplane_window
                0x0000000010007b70       0x64 CMakeFiles/io.dir/home/vishwas/pico/pico-sdk/lib/cyw43-driver/src/cyw43_ll.c.o
 .text.cyw43_ll_parse_async_event
                0x0000000010007bd4      0x13c CMakeFiles/io.dir/home/vishwas/pico/pico-sdk/lib/cyw43-driver/src/cyw43_ll.c.o
 .text.cyw43_kso_set
                0x0000000010007d10       0xa0 CMakeFiles/io.dir/home/vishwas/pico/pico-sdk/lib/cyw43-driver/src/cyw43_ll.c.o
 .text.cyw43_ll_sdpcm_poll_device
                0x0000000010007db0      0x238 CMakeFiles/io.dir/home/vishwas/pico/pico-sdk/lib/cyw43-driver/src/cyw43_ll.c.o
 .text.cyw43_sdpcm_send_common
                0x0000000010007fe8       0xf8 CMakeFiles/io.dir/home/vishwas/pico/pico-sdk/lib/cyw43-driver/src/cyw43_ll.c.o
 .text.cyw43_do_ioctl.part.0
                0x00000000100080e0       0xc4 CMakeFiles/io.dir/home/vishwas/pico/pico-sdk/lib/cyw43-driver/src/cyw43_ll.c.o
 .text.cyw43_download_resource
                0x00000000100081a4       0xd0 CMakeFiles/io.dir/home/vishwas/pico/pico-sdk/lib/cyw43-driver/src/cyw43_ll.c.o
 .text.cyw43_write_iovar_n
                0x0000000010008274       0x8c CMakeFiles/io.dir/home/vishwas/pico/pico-sdk/lib/cyw43-driver/src/cyw43_ll.c.o
 .text.cyw43_write_iovar_u32
                0x0000000010008300       0xa4 CMakeFiles/io.dir/home/vishwas/pico/pico-sdk/lib/cyw43-driver/src/cyw43_ll.c.o
 .text.cyw43_read_backplane.constprop.0
                0x00000000100083a4       0xdc CMakeFiles/io.dir/home/vishwas/pico/pico-sdk/lib/cyw43-driver/src/cyw43_ll.c.o
 .text.cyw43_write_backplane
                0x0000000010008480      0x104 CMakeFiles/io.dir/home/vishwas/pico/pico-sdk/lib/cyw43-driver/src/cyw43_ll.c.o
 .text.reset_device_core.constprop.0
                0x0000000010008584      0x3f0 CMakeFiles/io.dir/home/vishwas/pico/pico-sdk/lib/cyw43-driver/src/cyw43_ll.c.o
 .text.cyw43_ll_init
                0x0000000010008974       0x1c CMakeFiles/io.dir/home/vishwas/pico/pico-sdk/lib/cyw43-driver/src/cyw43_ll.c.o
                0x0000000010008974                cyw43_ll_init
 .text.cyw43_ll_deinit
                0x0000000010008990        0x8 CMakeFiles/io.dir/home/vishwas/pico/pico-sdk/lib/cyw43-driver/src/cyw43_ll.c.o
                0x0000000010008990                cyw43_ll_deinit
 .text.cyw43_ll_process_packets
                0x0000000010008998       0x54 CMakeFiles/io.dir/home/vishwas/pico/pico-sdk/lib/cyw43-driver/src/cyw43_ll.c.o
                0x0000000010008998                cyw43_ll_process_packets
 .text.cyw43_ll_ioctl
                0x00000000100089ec       0x80 CMakeFiles/io.dir/home/vishwas/pico/pico-sdk/lib/cyw43-driver/src/cyw43_ll.c.o
                0x00000000100089ec                cyw43_ll_ioctl
 .text.cyw43_ll_bus_sleep
                0x0000000010008a6c       0x34 CMakeFiles/io.dir/home/vishwas/pico/pico-sdk/lib/cyw43-driver/src/cyw43_ll.c.o
                0x0000000010008a6c                cyw43_ll_bus_sleep
 .text.cyw43_ll_wifi_get_mac
                0x0000000010008aa0       0x74 CMakeFiles/io.dir/home/vishwas/pico/pico-sdk/lib/cyw43-driver/src/cyw43_ll.c.o
                0x0000000010008aa0                cyw43_ll_wifi_get_mac
 .text.cyw43_ll_bus_init
                0x0000000010008b14      0x90c CMakeFiles/io.dir/home/vishwas/pico/pico-sdk/lib/cyw43-driver/src/cyw43_ll.c.o
                0x0000000010008b14                cyw43_ll_bus_init
 .text.cyw43_ll_wifi_set_wpa_auth
                0x0000000010009420       0x4c CMakeFiles/io.dir/home/vishwas/pico/pico-sdk/lib/cyw43-driver/src/cyw43_ll.c.o
                0x0000000010009420                cyw43_ll_wifi_set_wpa_auth
 .text.cyw43_ll_wifi_rejoin
                0x000000001000946c       0x58 CMakeFiles/io.dir/home/vishwas/pico/pico-sdk/lib/cyw43-driver/src/cyw43_ll.c.o
                0x000000001000946c                cyw43_ll_wifi_rejoin
 .text.cyw43_ll_gpio_set
                0x00000000100094c4       0x9c CMakeFiles/io.dir/home/vishwas/pico/pico-sdk/lib/cyw43-driver/src/cyw43_ll.c.o
                0x00000000100094c4                cyw43_ll_gpio_set
 .text.cyw43_ll_has_work
                0x0000000010009560       0x14 CMakeFiles/io.dir/home/vishwas/pico/pico-sdk/lib/cyw43-driver/src/cyw43_ll.c.o
                0x0000000010009560                cyw43_ll_has_work
 .text.cyw43_poll_func
                0x0000000010009574       0xc0 CMakeFiles/io.dir/home/vishwas/pico/pico-sdk/lib/cyw43-driver/src/cyw43_ctrl.c.o
 .text.cyw43_init
                0x0000000010009634       0x6c CMakeFiles/io.dir/home/vishwas/pico/pico-sdk/lib/cyw43-driver/src/cyw43_ctrl.c.o
                0x0000000010009634                cyw43_init
 .text.cyw43_deinit
                0x00000000100096a0       0x90 CMakeFiles/io.dir/home/vishwas/pico/pico-sdk/lib/cyw43-driver/src/cyw43_ctrl.c.o
                0x00000000100096a0                cyw43_deinit
 .text.cyw43_cb_read_host_interrupt_pin
                0x0000000010009730        0xc CMakeFiles/io.dir/home/vishwas/pico/pico-sdk/lib/cyw43-driver/src/cyw43_ctrl.c.o
                0x0000000010009730                cyw43_cb_read_host_interrupt_pin
 .text.cyw43_cb_ensure_awake
                0x000000001000973c        0xc CMakeFiles/io.dir/home/vishwas/pico/pico-sdk/lib/cyw43-driver/src/cyw43_ctrl.c.o
                0x000000001000973c                cyw43_cb_ensure_awake
 .text.cyw43_cb_process_async_event
                0x0000000010009748      0x234 CMakeFiles/io.dir/home/vishwas/pico/pico-sdk/lib/cyw43-driver/src/cyw43_ctrl.c.o
                0x0000000010009748                cyw43_cb_process_async_event
 .text.cyw43_gpio_set
                0x000000001000997c       0xa0 CMakeFiles/io.dir/home/vishwas/pico/pico-sdk/lib/cyw43-driver/src/cyw43_ctrl.c.o
                0x000000001000997c                cyw43_gpio_set
 .text.pio_sm_set_pindirs_with_mask64
                0x0000000010009a1c       0xa4 CMakeFiles/io.dir/home/vishwas/pico/pico-sdk/src/rp2_common/hardware_pio/pio.c.o
                0x0000000010009a1c                pio_sm_set_pindirs_with_mask64
 .text.pio_sm_set_consecutive_pindirs
                0x0000000010009ac0       0xbc CMakeFiles/io.dir/home/vishwas/pico/pico-sdk/src/rp2_common/hardware_pio/pio.c.o
                0x0000000010009ac0                pio_sm_set_consecutive_pindirs
 .text.pio_claim_free_sm_and_add_program_for_gpio_range
                0x0000000010009b7c      0x190 CMakeFiles/io.dir/home/vishwas/pico/pico-sdk/src/rp2_common/hardware_pio/pio.c.o
                0x0000000010009b7c                pio_claim_free_sm_and_add_program_for_gpio_range
 .text.pio_remove_program_and_unclaim_sm
                0x0000000010009d0c       0x40 CMakeFiles/io.dir/home/vishwas/pico/pico-sdk/src/rp2_common/hardware_pio/pio.c.o
                0x0000000010009d0c                pio_remove_program_and_unclaim_sm
 .text.dma_channel_unclaim
                0x0000000010009d4c       0x10 CMakeFiles/io.dir/home/vishwas/pico/pico-sdk/src/rp2_common/hardware_dma/dma.c.o
                0x0000000010009d4c                dma_channel_unclaim
 .text.dma_claim_unused_channel
                0x0000000010009d5c       0x20 CMakeFiles/io.dir/home/vishwas/pico/pico-sdk/src/rp2_common/hardware_dma/dma.c.o
                0x0000000010009d5c                dma_claim_unused_channel
 .text.dma_channel_cleanup
                0x0000000010009d7c       0x64 CMakeFiles/io.dir/home/vishwas/pico/pico-sdk/src/rp2_common/hardware_dma/dma.c.o
                0x0000000010009d7c                dma_channel_cleanup
 .text.cyw43_sleep_timeout_reached
                0x0000000010009de0       0x10 CMakeFiles/io.dir/home/vishwas/pico/pico-sdk/src/rp2_common/pico_cyw43_driver/cyw43_driver.c.o
 .text.cyw43_irq_init
                0x0000000010009df0       0x28 CMakeFiles/io.dir/home/vishwas/pico/pico-sdk/src/rp2_common/pico_cyw43_driver/cyw43_driver.c.o
                0x0000000010009df0                cyw43_irq_init
 .text.cyw43_irq_deinit
                0x0000000010009e18       0x20 CMakeFiles/io.dir/home/vishwas/pico/pico-sdk/src/rp2_common/pico_cyw43_driver/cyw43_driver.c.o
                0x0000000010009e18                cyw43_irq_deinit
 .text.cyw43_gpio_irq_handler
                0x0000000010009e38       0x44 CMakeFiles/io.dir/home/vishwas/pico/pico-sdk/src/rp2_common/pico_cyw43_driver/cyw43_driver.c.o
 .text.cyw43_do_poll
                0x0000000010009e7c       0x6c CMakeFiles/io.dir/home/vishwas/pico/pico-sdk/src/rp2_common/pico_cyw43_driver/cyw43_driver.c.o
 .text.cyw43_post_poll_hook
                0x0000000010009ee8       0x10 CMakeFiles/io.dir/home/vishwas/pico/pico-sdk/src/rp2_common/pico_cyw43_driver/cyw43_driver.c.o
                0x0000000010009ee8                cyw43_post_poll_hook
 .text.cyw43_schedule_internal_poll_dispatch
                0x0000000010009ef8       0x18 CMakeFiles/io.dir/home/vishwas/pico/pico-sdk/src/rp2_common/pico_cyw43_driver/cyw43_driver.c.o
                0x0000000010009ef8                cyw43_schedule_internal_poll_dispatch
 .text.cyw43_driver_init
                0x0000000010009f10       0x38 CMakeFiles/io.dir/home/vishwas/pico/pico-sdk/src/rp2_common/pico_cyw43_driver/cyw43_driver.c.o
                0x0000000010009f10                cyw43_driver_init
 .text.cyw43_driver_deinit
                0x0000000010009f48       0x44 CMakeFiles/io.dir/home/vishwas/pico/pico-sdk/src/rp2_common/pico_cyw43_driver/cyw43_driver.c.o
                0x0000000010009f48                cyw43_driver_deinit
 .text.cyw43_hal_generate_laa_mac
                0x0000000010009f8c       0x28 CMakeFiles/io.dir/home/vishwas/pico/pico-sdk/src/rp2_common/pico_cyw43_driver/cyw43_driver.c.o
                0x0000000010009f8c                cyw43_hal_generate_laa_mac
 .text.cyw43_thread_enter
                0x0000000010009fb4       0x14 CMakeFiles/io.dir/home/vishwas/pico/pico-sdk/src/rp2_common/pico_cyw43_driver/cyw43_driver.c.o
                0x0000000010009fb4                cyw43_thread_enter
 .text.cyw43_thread_exit
                0x0000000010009fc8       0x14 CMakeFiles/io.dir/home/vishwas/pico/pico-sdk/src/rp2_common/pico_cyw43_driver/cyw43_driver.c.o
                0x0000000010009fc8                cyw43_thread_exit
 .text.cyw43_await_background_or_timeout_us
                0x0000000010009fdc       0x60 CMakeFiles/io.dir/home/vishwas/pico/pico-sdk/src/rp2_common/pico_cyw43_driver/cyw43_driver.c.o
                0x0000000010009fdc                cyw43_await_background_or_timeout_us
 .text.cyw43_delay_ms
                0x000000001000a03c       0x44 CMakeFiles/io.dir/home/vishwas/pico/pico-sdk/src/rp2_common/pico_cyw43_driver/cyw43_driver.c.o
                0x000000001000a03c                cyw43_delay_ms
 .text.cyw43_cb_tcpip_deinit
                0x000000001000a080        0x4 CMakeFiles/io.dir/home/vishwas/pico/pico-sdk/src/rp2_common/pico_cyw43_driver/cyw43_driver.c.o
                0x000000001000a080                cyw43_cb_tcpip_deinit
 .text.cyw43_cb_tcpip_set_link_up
                0x000000001000a084        0xc CMakeFiles/io.dir/home/vishwas/pico/pico-sdk/src/rp2_common/pico_cyw43_driver/cyw43_driver.c.o
                0x000000001000a084                cyw43_cb_tcpip_set_link_up
 .text.cyw43_cb_tcpip_set_link_down
                0x000000001000a090        0xc CMakeFiles/io.dir/home/vishwas/pico/pico-sdk/src/rp2_common/pico_cyw43_driver/cyw43_driver.c.o
                0x000000001000a090                cyw43_cb_tcpip_set_link_down
 .text.cyw43_cb_process_ethernet
                0x000000001000a09c        0xc CMakeFiles/io.dir/home/vishwas/pico/pico-sdk/src/rp2_common/pico_cyw43_driver/cyw43_driver.c.o
                0x000000001000a09c                cyw43_cb_process_ethernet
 .text.async_context_threadsafe_background_acquire_lock_blocking
                0x000000001000a0a8        0xc CMakeFiles/io.dir/home/vishwas/pico/pico-sdk/src/rp2_common/pico_async_context/async_context_threadsafe_background.c.o
 .text.alarm_handler
                0x000000001000a0b4       0x20 CMakeFiles/io.dir/home/vishwas/pico/pico-sdk/src/rp2_common/pico_async_context/async_context_threadsafe_background.c.o
 .text.async_context_threadsafe_background_set_work_pending
                0x000000001000a0d4       0x1c CMakeFiles/io.dir/home/vishwas/pico/pico-sdk/src/rp2_common/pico_async_context/async_context_threadsafe_background.c.o
 .text.process_under_lock
                0x000000001000a0f0       0xc8 CMakeFiles/io.dir/home/vishwas/pico/pico-sdk/src/rp2_common/pico_async_context/async_context_threadsafe_background.c.o
 .text.async_context_threadsafe_background_execute_sync
                0x000000001000a1b8       0x30 CMakeFiles/io.dir/home/vishwas/pico/pico-sdk/src/rp2_common/pico_async_context/async_context_threadsafe_background.c.o
                0x000000001000a1b8                async_context_threadsafe_background_execute_sync
 .text.async_context_threadsafe_background_deinit
                0x000000001000a1e8       0x54 CMakeFiles/io.dir/home/vishwas/pico/pico-sdk/src/rp2_common/pico_async_context/async_context_threadsafe_background.c.o
 .text.low_priority_irq_handler
                0x000000001000a23c       0x3c CMakeFiles/io.dir/home/vishwas/pico/pico-sdk/src/rp2_common/pico_async_context/async_context_threadsafe_background.c.o
 .text.async_context_threadsafe_background_wait_for_work_until
                0x000000001000a278        0xc CMakeFiles/io.dir/home/vishwas/pico/pico-sdk/src/rp2_common/pico_async_context/async_context_threadsafe_background.c.o
 .text.async_context_threadsafe_background_wait_until
                0x000000001000a284       0x1c CMakeFiles/io.dir/home/vishwas/pico/pico-sdk/src/rp2_common/pico_async_context/async_context_threadsafe_background.c.o
 .text.async_context_threadsafe_background_lock_check
                0x000000001000a2a0       0x28 CMakeFiles/io.dir/home/vishwas/pico/pico-sdk/src/rp2_common/pico_async_context/async_context_threadsafe_background.c.o
 .text.async_context_threadsafe_background_release_lock
                0x000000001000a2c8       0x1c CMakeFiles/io.dir/home/vishwas/pico/pico-sdk/src/rp2_common/pico_async_context/async_context_threadsafe_background.c.o
 .text.async_context_threadsafe_background_when_pending_worker
                0x000000001000a2e4       0x34 CMakeFiles/io.dir/home/vishwas/pico/pico-sdk/src/rp2_common/pico_async_context/async_context_threadsafe_background.c.o
 .text.async_context_threadsafe_background_remove_at_time_worker
                0x000000001000a318       0x34 CMakeFiles/io.dir/home/vishwas/pico/pico-sdk/src/rp2_common/pico_async_context/async_context_threadsafe_background.c.o
 .text.async_context_threadsafe_background_add_when_pending_worker
                0x000000001000a34c       0x34 CMakeFiles/io.dir/home/vishwas/pico/pico-sdk/src/rp2_common/pico_async_context/async_context_threadsafe_background.c.o
 .text.async_context_threadsafe_background_add_at_time_worker
                0x000000001000a380       0x34 CMakeFiles/io.dir/home/vishwas/pico/pico-sdk/src/rp2_common/pico_async_context/async_context_threadsafe_background.c.o
 .text.async_context_threadsafe_background_default_config
                0x000000001000a3b4        0xc CMakeFiles/io.dir/home/vishwas/pico/pico-sdk/src/rp2_common/pico_async_context/async_context_threadsafe_background.c.o
                0x000000001000a3b4                async_context_threadsafe_background_default_config
 .text.async_context_threadsafe_background_init
                0x000000001000a3c0       0x8c CMakeFiles/io.dir/home/vishwas/pico/pico-sdk/src/rp2_common/pico_async_context/async_context_threadsafe_background.c.o
                0x000000001000a3c0                async_context_threadsafe_background_init
 .text.async_context_base_add_at_time_worker
                0x000000001000a44c       0x28 CMakeFiles/io.dir/home/vishwas/pico/pico-sdk/src/rp2_common/pico_async_context/async_context_base.c.o
                0x000000001000a44c                async_context_base_add_at_time_worker
 .text.async_context_base_remove_at_time_worker
                0x000000001000a474       0x28 CMakeFiles/io.dir/home/vishwas/pico/pico-sdk/src/rp2_common/pico_async_context/async_context_base.c.o
                0x000000001000a474                async_context_base_remove_at_time_worker
 .text.async_context_base_add_when_pending_worker
                0x000000001000a49c       0x24 CMakeFiles/io.dir/home/vishwas/pico/pico-sdk/src/rp2_common/pico_async_context/async_context_base.c.o
                0x000000001000a49c                async_context_base_add_when_pending_worker
 .text.async_context_base_remove_when_pending_worker
                0x000000001000a4c0       0x28 CMakeFiles/io.dir/home/vishwas/pico/pico-sdk/src/rp2_common/pico_async_context/async_context_base.c.o
                0x000000001000a4c0                async_context_base_remove_when_pending_worker
 .text.async_context_base_execute_once
                0x000000001000a4e8       0xe8 CMakeFiles/io.dir/home/vishwas/pico/pico-sdk/src/rp2_common/pico_async_context/async_context_base.c.o
                0x000000001000a4e8                async_context_base_execute_once
 .text          0x000000001000a5d0       0x5c /usr/lib/gcc/arm-none-eabi/10.3.1/../../../arm-none-eabi/lib/thumb/v6-m/nofp/libg.a(lib_a-callocr.o)
                0x000000001000a5d0                _calloc_r
 .text          0x000000001000a62c      0x574 /usr/lib/gcc/arm-none-eabi/10.3.1/../../../arm-none-eabi/lib/thumb/v6-m/nofp/libg.a(lib_a-mallocr.o)
                0x000000001000a62c                _malloc_r
 .text          0x000000001000aba0       0xac /usr/lib/gcc/arm-none-eabi/10.3.1/../../../arm-none-eabi/lib/thumb/v6-m/nofp/libg.a(lib_a-memmove.o)
                0x000000001000aba0                memmove
 .text          0x000000001000ac4c        0x8 /usr/lib/gcc/arm-none-eabi/10.3.1/../../../arm-none-eabi/lib/thumb/v6-m/nofp/libg.a(lib_a-mlock.o)
                0x000000001000ac4c                __malloc_lock
                0x000000001000ac50                __malloc_unlock
 .text          0x000000001000ac54      0x354 /usr/lib/gcc/arm-none-eabi/10.3.1/../../../arm-none-eabi/lib/thumb/v6-m/nofp/libg.a(lib_a-reallocr.o)
                0x000000001000ac54                _realloc_r
 .text          0x000000001000afa8       0x24 /usr/lib/gcc/arm-none-eabi/10.3.1/../../../arm-none-eabi/lib/thumb/v6-m/nofp/libg.a(lib_a-sbrkr.o)
                0x000000001000afa8                _sbrk_r
 .text          0x000000001000afcc       0x40 /usr/lib/gcc/arm-none-eabi/10.3.1/../../../arm-none-eabi/lib/thumb/v6-m/nofp/libg.a(lib_a-scanf.o)
                0x000000001000afcc                scanf
                0x000000001000aff0                _scanf_r
 .text          0x000000001000b00c       0x5c /usr/lib/gcc/arm-none-eabi/10.3.1/../../../arm-none-eabi/lib/thumb/v6-m/nofp/libg.a(lib_a-strlen-stub.o)
                0x000000001000b00c                strlen
 .text          0x000000001000b068       0x74 /usr/lib/gcc/arm-none-eabi/10.3.1/../../../arm-none-eabi/lib/thumb/v6-m/nofp/libg.a(lib_a-strncmp.o)
                0x000000001000b068                strncmp
 .text          0x000000001000b0dc      0xfe0 /usr/lib/gcc/arm-none-eabi/10.3.1/../../../arm-none-eabi/lib/thumb/v6-m/nofp/libg.a(lib_a-vfscanf.o)
                0x000000001000b0dc                __svfscanf_r
                0x000000001000c04c                vfscanf
                0x000000001000c07c                __svfscanf
                0x000000001000c094                _vfscanf_r
 .text          0x000000001000c0bc      0x248 /usr/lib/gcc/arm-none-eabi/10.3.1/../../../arm-none-eabi/lib/thumb/v6-m/nofp/libg.a(lib_a-findfp.o)
                0x000000001000c0c0                _cleanup_r
                0x000000001000c1bc                __sfmoreglue
                0x000000001000c1ec                __sfp
                0x000000001000c29c                _cleanup
                0x000000001000c2b4                __sinit
                0x000000001000c2c4                __sfp_lock_acquire
                0x000000001000c2c8                __sfp_lock_release
                0x000000001000c2cc                __sinit_lock_acquire
                0x000000001000c2d0                __sinit_lock_release
                0x000000001000c2d4                __fp_lock_all
                0x000000001000c2ec                __fp_unlock_all
 .text          0x000000001000c304      0x190 /usr/lib/gcc/arm-none-eabi/10.3.1/../../../arm-none-eabi/lib/thumb/v6-m/nofp/libg.a(lib_a-fread.o)
                0x000000001000c304                _fread_r
                0x000000001000c474                fread
 .text          0x000000001000c494      0x260 /usr/lib/gcc/arm-none-eabi/10.3.1/../../../arm-none-eabi/lib/thumb/v6-m/nofp/libg.a(lib_a-freer.o)
                0x000000001000c494                _malloc_trim_r
                0x000000001000c530                _free_r
 .text          0x000000001000c6f4       0x88 /usr/lib/gcc/arm-none-eabi/10.3.1/../../../arm-none-eabi/lib/thumb/v6-m/nofp/libg.a(lib_a-fwalk.o)
                0x000000001000c6f4                _fwalk
                0x000000001000c734                _fwalk_reent
 .text          0x000000001000c77c        0xc /usr/lib/gcc/arm-none-eabi/10.3.1/../../../arm-none-eabi/lib/thumb/v6-m/nofp/libg.a(lib_a-iswspace.o)
                0x000000001000c77c                iswspace
 .text          0x000000001000c788       0x18 /usr/lib/gcc/arm-none-eabi/10.3.1/../../../arm-none-eabi/lib/thumb/v6-m/nofp/libg.a(lib_a-iswspace_l.o)
                0x000000001000c788                iswspace_l
 .text          0x000000001000c7a0       0x98 /usr/lib/gcc/arm-none-eabi/10.3.1/../../../arm-none-eabi/lib/thumb/v6-m/nofp/libg.a(lib_a-locale.o)
                0x000000001000c7a0                _setlocale_r
                0x000000001000c7e4                __locale_mb_cur_max
                0x000000001000c7f4                setlocale
 .text          0x000000001000c838       0x14 /usr/lib/gcc/arm-none-eabi/10.3.1/../../../arm-none-eabi/lib/thumb/v6-m/nofp/libg.a(lib_a-localeconv.o)
                0x000000001000c838                __localeconv_l
                0x000000001000c83c                _localeconv_r
                0x000000001000c844                localeconv
 .text          0x000000001000c84c       0x9c /usr/lib/gcc/arm-none-eabi/10.3.1/../../../arm-none-eabi/lib/thumb/v6-m/nofp/libg.a(lib_a-mbrtowc.o)
                0x000000001000c84c                _mbrtowc_r
                0x000000001000c898                mbrtowc
 .text          0x000000001000c8e8       0x44 /usr/lib/gcc/arm-none-eabi/10.3.1/../../../arm-none-eabi/lib/thumb/v6-m/nofp/libg.a(lib_a-mbtowc_r.o)
                0x000000001000c8e8                _mbtowc_r
                0x000000001000c900                __ascii_mbtowc
 .text          0x000000001000c92c      0x140 /usr/lib/gcc/arm-none-eabi/10.3.1/../../../arm-none-eabi/lib/thumb/v6-m/nofp/libg.a(lib_a-refill.o)
                0x000000001000c948                __srefill_r
 .text          0x000000001000ca6c       0x80 /usr/lib/gcc/arm-none-eabi/10.3.1/../../../arm-none-eabi/lib/thumb/v6-m/nofp/libg.a(lib_a-sccl.o)
                0x000000001000ca6c                __sccl
 .text          0x000000001000caec        0x8 /usr/lib/gcc/arm-none-eabi/10.3.1/../../../arm-none-eabi/lib/thumb/v6-m/nofp/libg.a(lib_a-sf_nan.o)
                0x000000001000caec                nanf
 .text          0x000000001000caf4       0xa4 /usr/lib/gcc/arm-none-eabi/10.3.1/../../../arm-none-eabi/lib/thumb/v6-m/nofp/libg.a(lib_a-stdio.o)
                0x000000001000caf4                __sread
                0x000000001000cb1c                __seofread
                0x000000001000cb20                __swrite
                0x000000001000cb60                __sseek
                0x000000001000cb8c                __sclose
 .text          0x000000001000cb98       0x88 /usr/lib/gcc/arm-none-eabi/10.3.1/../../../arm-none-eabi/lib/thumb/v6-m/nofp/libg.a(lib_a-strcmp.o)
                0x000000001000cb98                strcmp
 .text          0x000000001000cc20     0x1128 /usr/lib/gcc/arm-none-eabi/10.3.1/../../../arm-none-eabi/lib/thumb/v6-m/nofp/libg.a(lib_a-strtod.o)
                0x000000001000cc20                _strtod_l
                0x000000001000dba0                _strtod_r
                0x000000001000dbb0                strtod_l
                0x000000001000dbc8                strtod
                0x000000001000dbe4                strtof_l
                0x000000001000dc94                strtof
 .text          0x000000001000dd48      0x1b8 /usr/lib/gcc/arm-none-eabi/10.3.1/../../../arm-none-eabi/lib/thumb/v6-m/nofp/libg.a(lib_a-strtol.o)
                0x000000001000de8c                _strtol_r
                0x000000001000dea8                strtol_l
                0x000000001000ded4                strtol
 .text          0x000000001000df00      0x1d0 /usr/lib/gcc/arm-none-eabi/10.3.1/../../../arm-none-eabi/lib/thumb/v6-m/nofp/libg.a(lib_a-strtoll.o)
                0x000000001000e098                _strtoll_r
                0x000000001000e0a0                strtoll_l
                0x000000001000e0b8                strtoll
 .text          0x000000001000e0d0      0x180 /usr/lib/gcc/arm-none-eabi/10.3.1/../../../arm-none-eabi/lib/thumb/v6-m/nofp/libg.a(lib_a-strtoul.o)
                0x000000001000e218                _strtoul_r
                0x000000001000e220                strtoul_l
                0x000000001000e238                strtoul
 .text          0x000000001000e250      0x1f4 /usr/lib/gcc/arm-none-eabi/10.3.1/../../../arm-none-eabi/lib/thumb/v6-m/nofp/libg.a(lib_a-strtoull.o)
                0x000000001000e40c                _strtoull_r
                0x000000001000e414                strtoull_l
                0x000000001000e42c                strtoull
 .text          0x000000001000e444      0x188 /usr/lib/gcc/arm-none-eabi/10.3.1/../../../arm-none-eabi/lib/thumb/v6-m/nofp/libg.a(lib_a-ungetc.o)
                0x000000001000e444                __submore
                0x000000001000e4c8                _ungetc_r
                0x000000001000e5b4                ungetc
 .text          0x000000001000e5cc       0x2c /usr/lib/gcc/arm-none-eabi/10.3.1/../../../arm-none-eabi/lib/thumb/v6-m/nofp/libg.a(lib_a-wctomb_r.o)
                0x000000001000e5cc                _wctomb_r
                0x000000001000e5dc                __ascii_wctomb
 .text          0x000000001000e5f8       0x28 /usr/lib/gcc/arm-none-eabi/10.3.1/../../../arm-none-eabi/lib/thumb/v6-m/nofp/libg.a(lib_a-writer.o)
                0x000000001000e5f8                _write_r
 .text          0x000000001000e620       0x24 /usr/lib/gcc/arm-none-eabi/10.3.1/../../../arm-none-eabi/lib/thumb/v6-m/nofp/libg.a(lib_a-closer.o)
                0x000000001000e620                _close_r
 .text          0x000000001000e644        0xc /usr/lib/gcc/arm-none-eabi/10.3.1/../../../arm-none-eabi/lib/thumb/v6-m/nofp/libg.a(lib_a-errno.o)
                0x000000001000e644                __errno
 .text          0x000000001000e650       0xe8 /usr/lib/gcc/arm-none-eabi/10.3.1/../../../arm-none-eabi/lib/thumb/v6-m/nofp/libg.a(lib_a-fclose.o)
                0x000000001000e6c0                _fclose_r
                0x000000001000e6f8                fclose
 .text          0x000000001000e738      0x1c0 /usr/lib/gcc/arm-none-eabi/10.3.1/../../../arm-none-eabi/lib/thumb/v6-m/nofp/libg.a(lib_a-fflush.o)
                0x000000001000e738                __sflush_r
                0x000000001000e878                _fflush_r
                0x000000001000e8a4                fflush
 .text          0x000000001000e8f8      0x670 /usr/lib/gcc/arm-none-eabi/10.3.1/../../../arm-none-eabi/lib/thumb/v6-m/nofp/libg.a(lib_a-gdtoa-gethex.o)
                0x000000001000e99c                __gethex
 .text          0x000000001000ef68      0x1fc /usr/lib/gcc/arm-none-eabi/10.3.1/../../../arm-none-eabi/lib/thumb/v6-m/nofp/libg.a(lib_a-gdtoa-hexnan.o)
                0x000000001000ef68                __match
                0x000000001000ef94                __hexnan
 .text          0x000000001000f164       0x28 /usr/lib/gcc/arm-none-eabi/10.3.1/../../../arm-none-eabi/lib/thumb/v6-m/nofp/libg.a(lib_a-lseekr.o)
                0x000000001000f164                _lseek_r
 .text          0x000000001000f18c      0x144 /usr/lib/gcc/arm-none-eabi/10.3.1/../../../arm-none-eabi/lib/thumb/v6-m/nofp/libg.a(lib_a-makebuf.o)
                0x000000001000f18c                __smakebuf_r
                0x000000001000f270                __swhatbuf_r
 .text          0x000000001000f2d0      0xafc /usr/lib/gcc/arm-none-eabi/10.3.1/../../../arm-none-eabi/lib/thumb/v6-m/nofp/libg.a(lib_a-mprec.o)
                0x000000001000f2d0                _Balloc
                0x000000001000f320                _Bfree
                0x000000001000f334                __multadd
                0x000000001000f3dc                __s2b
                0x000000001000f48c                __hi0bits
                0x000000001000f4c4                __lo0bits
                0x000000001000f520                __i2b
                0x000000001000f580                __multiply
                0x000000001000f724                __pow5mult
                0x000000001000f7fc                __lshift
                0x000000001000f8f8                __mcmp
                0x000000001000f92c                __mdiff
                0x000000001000fab8                __ulp
                0x000000001000fb00                __b2d
                0x000000001000fbc8                __d2b
                0x000000001000fca0                __ratio
                0x000000001000fd08                _mprec_log10
                0x000000001000fd3c                __copybits
                0x000000001000fd7c                __any_on
 .text          0x000000001000fdcc       0x28 /usr/lib/gcc/arm-none-eabi/10.3.1/../../../arm-none-eabi/lib/thumb/v6-m/nofp/libg.a(lib_a-readr.o)
                0x000000001000fdcc                _read_r
 .text          0x000000001000fdf4        0xc /usr/lib/gcc/arm-none-eabi/10.3.1/../../../arm-none-eabi/lib/thumb/v6-m/nofp/libg.a(lib_a-s_nan.o)
                0x000000001000fdf4                nan